[1.700s] Invoking command in '/home/shreehank1906/Desktop/Shreehan_Kate_HW1/src/force_sum_py': CMAKE_PREFIX_PATH=/home/shreehank1906/Desktop/Shreehan_Kate_HW1/install/force_sum_interface:/opt/ros/jazzy/opt/gz_math_vendor:/opt/ros/jazzy/opt/gz_utils_vendor:/opt/ros/jazzy/opt/gz_cmake_vendor DEBUGINFOD_URLS=https://debuginfod.ubuntu.com LD_LIBRARY_PATH=/home/shreehank1906/Desktop/Shreehan_Kate_HW1/install/force_sum_interface/lib:/opt/ros/jazzy/opt/rviz_ogre_vendor/lib:/opt/ros/jazzy/lib/x86_64-linux-gnu:/opt/ros/jazzy/opt/gz_math_vendor/lib:/opt/ros/jazzy/opt/gz_utils_vendor/lib:/opt/ros/jazzy/opt/gz_cmake_vendor/lib:/opt/ros/jazzy/lib PYTHONPATH=/home/shreehank1906/Desktop/Shreehan_Kate_HW1/build/force_sum_py/prefix_override:/usr/lib/python3/dist-packages/colcon_core/task/python/colcon_distutils_commands:/home/shreehank1906/Desktop/Shreehan_Kate_HW1/install/force_sum_py/lib/python3.12/site-packages:/home/shreehank1906/Desktop/Shreehan_Kate_HW1/install/force_sum_interface/lib/python3.12/site-packages:/opt/ros/jazzy/lib/python3.12/site-packages:/home/shreehank1906/Desktop/Shreehan_Kate_HW1/install/force_sum_py/lib/python3.12/site-packages /usr/bin/python3 -W ignore:setup.py install is deprecated -W ignore:easy_install command is deprecated setup.py egg_info --egg-base ../../build/force_sum_py build --build-base /home/shreehank1906/Desktop/Shreehan_Kate_HW1/build/force_sum_py/build install --record /home/shreehank1906/Desktop/Shreehan_Kate_HW1/build/force_sum_py/install.log --install-scripts $base/lib/force_sum_py --single-version-externally-managed install_data
[2.359s] running egg_info
[2.408s] writing ../../build/force_sum_py/force_sum_py.egg-info/PKG-INFO
[2.408s] writing dependency_links to ../../build/force_sum_py/force_sum_py.egg-info/dependency_links.txt
[2.409s] writing entry points to ../../build/force_sum_py/force_sum_py.egg-info/entry_points.txt
[2.409s] writing requirements to ../../build/force_sum_py/force_sum_py.egg-info/requires.txt
[2.410s] writing top-level names to ../../build/force_sum_py/force_sum_py.egg-info/top_level.txt
[2.511s] reading manifest file '../../build/force_sum_py/force_sum_py.egg-info/SOURCES.txt'
[2.513s] writing manifest file '../../build/force_sum_py/force_sum_py.egg-info/SOURCES.txt'
[2.513s] running build
[2.514s] running build_py
[2.514s] copying force_sum_py/client.py -> /home/shreehank1906/Desktop/Shreehan_Kate_HW1/build/force_sum_py/build/lib/force_sum_py
[2.515s] running install
[2.529s] running install_lib
[2.578s] copying /home/shreehank1906/Desktop/Shreehan_Kate_HW1/build/force_sum_py/build/lib/force_sum_py/client.py -> /home/shreehank1906/Desktop/Shreehan_Kate_HW1/install/force_sum_py/lib/python3.12/site-packages/force_sum_py
[2.580s] byte-compiling /home/shreehank1906/Desktop/Shreehan_Kate_HW1/install/force_sum_py/lib/python3.12/site-packages/force_sum_py/client.py to client.cpython-312.pyc
[2.581s] running install_data
[2.581s] running install_egg_info
[2.628s] removing '/home/shreehank1906/Desktop/Shreehan_Kate_HW1/install/force_sum_py/lib/python3.12/site-packages/force_sum_py-0.0.0-py3.12.egg-info' (and everything under it)
[2.628s] Copying ../../build/force_sum_py/force_sum_py.egg-info to /home/shreehank1906/Desktop/Shreehan_Kate_HW1/install/force_sum_py/lib/python3.12/site-packages/force_sum_py-0.0.0-py3.12.egg-info
[2.630s] running install_scripts
[2.962s] Installing client script to /home/shreehank1906/Desktop/Shreehan_Kate_HW1/install/force_sum_py/lib/force_sum_py
[2.962s] Installing server script to /home/shreehank1906/Desktop/Shreehan_Kate_HW1/install/force_sum_py/lib/force_sum_py
[2.963s] writing list of installed files to '/home/shreehank1906/Desktop/Shreehan_Kate_HW1/build/force_sum_py/install.log'
[3.019s] Invoked command in '/home/shreehank1906/Desktop/Shreehan_Kate_HW1/src/force_sum_py' returned '0': CMAKE_PREFIX_PATH=/home/shreehank1906/Desktop/Shreehan_Kate_HW1/install/force_sum_interface:/opt/ros/jazzy/opt/gz_math_vendor:/opt/ros/jazzy/opt/gz_utils_vendor:/opt/ros/jazzy/opt/gz_cmake_vendor DEBUGINFOD_URLS=https://debuginfod.ubuntu.com LD_LIBRARY_PATH=/home/shreehank1906/Desktop/Shreehan_Kate_HW1/install/force_sum_interface/lib:/opt/ros/jazzy/opt/rviz_ogre_vendor/lib:/opt/ros/jazzy/lib/x86_64-linux-gnu:/opt/ros/jazzy/opt/gz_math_vendor/lib:/opt/ros/jazzy/opt/gz_utils_vendor/lib:/opt/ros/jazzy/opt/gz_cmake_vendor/lib:/opt/ros/jazzy/lib PYTHONPATH=/home/shreehank1906/Desktop/Shreehan_Kate_HW1/build/force_sum_py/prefix_override:/usr/lib/python3/dist-packages/colcon_core/task/python/colcon_distutils_commands:/home/shreehank1906/Desktop/Shreehan_Kate_HW1/install/force_sum_py/lib/python3.12/site-packages:/home/shreehank1906/Desktop/Shreehan_Kate_HW1/install/force_sum_interface/lib/python3.12/site-packages:/opt/ros/jazzy/lib/python3.12/site-packages:/home/shreehank1906/Desktop/Shreehan_Kate_HW1/install/force_sum_py/lib/python3.12/site-packages /usr/bin/python3 -W ignore:setup.py install is deprecated -W ignore:easy_install command is deprecated setup.py egg_info --egg-base ../../build/force_sum_py build --build-base /home/shreehank1906/Desktop/Shreehan_Kate_HW1/build/force_sum_py/build install --record /home/shreehank1906/Desktop/Shreehan_Kate_HW1/build/force_sum_py/install.log --install-scripts $base/lib/force_sum_py --single-version-externally-managed install_data
