[0.355s] DEBUG:colcon:Command line arguments: ['/usr/bin/colcon', 'build']
[0.355s] DEBUG:colcon:Parsed command line arguments: Namespace(log_base=None, log_level=None, verb_name='build', build_base='build', install_base='install', merge_install=False, symlink_install=False, test_result_base=None, continue_on_error=False, executor='parallel', parallel_workers=16, event_handlers=None, ignore_user_meta=False, metas=['./colcon.meta'], base_paths=['.'], packages_ignore=None, packages_ignore_regex=None, paths=None, packages_up_to=None, packages_up_to_regex=None, packages_above=None, packages_above_and_dependencies=None, packages_above_depth=None, packages_select_by_dep=None, packages_skip_by_dep=None, packages_skip_up_to=None, packages_select_build_failed=False, packages_skip_build_finished=False, packages_select_test_failures=False, packages_skip_test_passed=False, packages_select=None, packages_skip=None, packages_select_regex=None, packages_skip_regex=None, packages_start=None, packages_end=None, allow_overriding=[], cmake_args=None, cmake_target=None, cmake_target_skip_unavailable=False, cmake_clean_cache=False, cmake_clean_first=False, cmake_force_configure=False, ament_cmake_args=None, catkin_cmake_args=None, catkin_skip_building_tests=False, mixin_files=None, mixin=None, verb_parser=<colcon_mixin.mixin.mixin_argument.MixinArgumentDecorator object at 0x7e206d726420>, verb_extension=<colcon_core.verb.build.BuildVerb object at 0x7e206d726330>, main=<bound method BuildVerb.main of <colcon_core.verb.build.BuildVerb object at 0x7e206d726330>>, mixin_verb=('build',))
[0.460s] Level 1:colcon.colcon_core.package_discovery:discover_packages(colcon_meta) check parameters
[0.460s] Level 1:colcon.colcon_core.package_discovery:discover_packages(recursive) check parameters
[0.460s] Level 1:colcon.colcon_core.package_discovery:discover_packages(ignore) check parameters
[0.460s] Level 1:colcon.colcon_core.package_discovery:discover_packages(path) check parameters
[0.460s] Level 1:colcon.colcon_core.package_discovery:discover_packages(colcon_meta) discover
[0.460s] Level 1:colcon.colcon_core.package_discovery:discover_packages(recursive) discover
[0.460s] INFO:colcon.colcon_core.package_discovery:Crawling recursively for packages in '/home/shreehank1906/Desktop/Shreehan_Kate_HW1'
[0.461s] Level 1:colcon.colcon_core.package_identification:_identify(.) by extensions ['ignore', 'ignore_ament_install']
[0.461s] Level 1:colcon.colcon_core.package_identification:_identify(.) by extension 'ignore'
[0.461s] Level 1:colcon.colcon_core.package_identification:_identify(.) by extension 'ignore_ament_install'
[0.461s] Level 1:colcon.colcon_core.package_identification:_identify(.) by extensions ['colcon_pkg']
[0.461s] Level 1:colcon.colcon_core.package_identification:_identify(.) by extension 'colcon_pkg'
[0.461s] Level 1:colcon.colcon_core.package_identification:_identify(.) by extensions ['colcon_meta']
[0.461s] Level 1:colcon.colcon_core.package_identification:_identify(.) by extension 'colcon_meta'
[0.461s] Level 1:colcon.colcon_core.package_identification:_identify(.) by extensions ['ros']
[0.461s] Level 1:colcon.colcon_core.package_identification:_identify(.) by extension 'ros'
[0.500s] Level 1:colcon.colcon_core.package_identification:_identify(.) by extensions ['cmake', 'python']
[0.500s] Level 1:colcon.colcon_core.package_identification:_identify(.) by extension 'cmake'
[0.500s] Level 1:colcon.colcon_core.package_identification:_identify(.) by extension 'python'
[0.500s] Level 1:colcon.colcon_core.package_identification:_identify(.) by extensions ['python_setup_py']
[0.500s] Level 1:colcon.colcon_core.package_identification:_identify(.) by extension 'python_setup_py'
[0.500s] Level 1:colcon.colcon_core.package_identification:_identify(build) by extensions ['ignore', 'ignore_ament_install']
[0.500s] Level 1:colcon.colcon_core.package_identification:_identify(build) by extension 'ignore'
[0.500s] Level 1:colcon.colcon_core.package_identification:_identify(build) ignored
[0.501s] Level 1:colcon.colcon_core.package_identification:_identify(install) by extensions ['ignore', 'ignore_ament_install']
[0.501s] Level 1:colcon.colcon_core.package_identification:_identify(install) by extension 'ignore'
[0.501s] Level 1:colcon.colcon_core.package_identification:_identify(install) ignored
[0.501s] Level 1:colcon.colcon_core.package_identification:_identify(log) by extensions ['ignore', 'ignore_ament_install']
[0.501s] Level 1:colcon.colcon_core.package_identification:_identify(log) by extension 'ignore'
[0.501s] Level 1:colcon.colcon_core.package_identification:_identify(log) ignored
[0.501s] Level 1:colcon.colcon_core.package_identification:_identify(src) by extensions ['ignore', 'ignore_ament_install']
[0.501s] Level 1:colcon.colcon_core.package_identification:_identify(src) by extension 'ignore'
[0.502s] Level 1:colcon.colcon_core.package_identification:_identify(src) by extension 'ignore_ament_install'
[0.502s] Level 1:colcon.colcon_core.package_identification:_identify(src) by extensions ['colcon_pkg']
[0.502s] Level 1:colcon.colcon_core.package_identification:_identify(src) by extension 'colcon_pkg'
[0.502s] Level 1:colcon.colcon_core.package_identification:_identify(src) by extensions ['colcon_meta']
[0.502s] Level 1:colcon.colcon_core.package_identification:_identify(src) by extension 'colcon_meta'
[0.502s] Level 1:colcon.colcon_core.package_identification:_identify(src) by extensions ['ros']
[0.502s] Level 1:colcon.colcon_core.package_identification:_identify(src) by extension 'ros'
[0.502s] Level 1:colcon.colcon_core.package_identification:_identify(src) by extensions ['cmake', 'python']
[0.502s] Level 1:colcon.colcon_core.package_identification:_identify(src) by extension 'cmake'
[0.502s] Level 1:colcon.colcon_core.package_identification:_identify(src) by extension 'python'
[0.502s] Level 1:colcon.colcon_core.package_identification:_identify(src) by extensions ['python_setup_py']
[0.502s] Level 1:colcon.colcon_core.package_identification:_identify(src) by extension 'python_setup_py'
[0.502s] Level 1:colcon.colcon_core.package_identification:_identify(src/force_sum_interface) by extensions ['ignore', 'ignore_ament_install']
[0.502s] Level 1:colcon.colcon_core.package_identification:_identify(src/force_sum_interface) by extension 'ignore'
[0.503s] Level 1:colcon.colcon_core.package_identification:_identify(src/force_sum_interface) by extension 'ignore_ament_install'
[0.503s] Level 1:colcon.colcon_core.package_identification:_identify(src/force_sum_interface) by extensions ['colcon_pkg']
[0.503s] Level 1:colcon.colcon_core.package_identification:_identify(src/force_sum_interface) by extension 'colcon_pkg'
[0.503s] Level 1:colcon.colcon_core.package_identification:_identify(src/force_sum_interface) by extensions ['colcon_meta']
[0.503s] Level 1:colcon.colcon_core.package_identification:_identify(src/force_sum_interface) by extension 'colcon_meta'
[0.503s] Level 1:colcon.colcon_core.package_identification:_identify(src/force_sum_interface) by extensions ['ros']
[0.503s] Level 1:colcon.colcon_core.package_identification:_identify(src/force_sum_interface) by extension 'ros'
[0.508s] DEBUG:colcon.colcon_core.package_identification:Package 'src/force_sum_interface' with type 'ros.ament_cmake' and name 'force_sum_interface'
[0.508s] Level 1:colcon.colcon_core.package_identification:_identify(src/force_sum_py) by extensions ['ignore', 'ignore_ament_install']
[0.508s] Level 1:colcon.colcon_core.package_identification:_identify(src/force_sum_py) by extension 'ignore'
[0.508s] Level 1:colcon.colcon_core.package_identification:_identify(src/force_sum_py) by extension 'ignore_ament_install'
[0.508s] Level 1:colcon.colcon_core.package_identification:_identify(src/force_sum_py) by extensions ['colcon_pkg']
[0.508s] Level 1:colcon.colcon_core.package_identification:_identify(src/force_sum_py) by extension 'colcon_pkg'
[0.508s] Level 1:colcon.colcon_core.package_identification:_identify(src/force_sum_py) by extensions ['colcon_meta']
[0.508s] Level 1:colcon.colcon_core.package_identification:_identify(src/force_sum_py) by extension 'colcon_meta'
[0.508s] Level 1:colcon.colcon_core.package_identification:_identify(src/force_sum_py) by extensions ['ros']
[0.508s] Level 1:colcon.colcon_core.package_identification:_identify(src/force_sum_py) by extension 'ros'
[0.509s] DEBUG:colcon.colcon_core.package_identification:Package 'src/force_sum_py' with type 'ros.ament_python' and name 'force_sum_py'
[0.509s] Level 1:colcon.colcon_core.package_discovery:discover_packages(recursive) using defaults
[0.509s] Level 1:colcon.colcon_core.package_discovery:discover_packages(ignore) discover
[0.509s] Level 1:colcon.colcon_core.package_discovery:discover_packages(ignore) using defaults
[0.509s] Level 1:colcon.colcon_core.package_discovery:discover_packages(path) discover
[0.509s] Level 1:colcon.colcon_core.package_discovery:discover_packages(path) using defaults
[0.542s] Level 1:colcon.colcon_core.package_discovery:discover_packages(prefix_path) check parameters
[0.542s] Level 1:colcon.colcon_core.package_discovery:discover_packages(prefix_path) discover
[0.545s] Level 1:colcon.colcon_core.package_discovery:discover_packages(prefix_path) using defaults
[0.548s] Level 5:colcon.colcon_core.verb:set package 'force_sum_interface' build argument 'cmake_args' from command line to 'None'
[0.548s] Level 5:colcon.colcon_core.verb:set package 'force_sum_interface' build argument 'cmake_target' from command line to 'None'
[0.548s] Level 5:colcon.colcon_core.verb:set package 'force_sum_interface' build argument 'cmake_target_skip_unavailable' from command line to 'False'
[0.548s] Level 5:colcon.colcon_core.verb:set package 'force_sum_interface' build argument 'cmake_clean_cache' from command line to 'False'
[0.548s] Level 5:colcon.colcon_core.verb:set package 'force_sum_interface' build argument 'cmake_clean_first' from command line to 'False'
[0.548s] Level 5:colcon.colcon_core.verb:set package 'force_sum_interface' build argument 'cmake_force_configure' from command line to 'False'
[0.548s] Level 5:colcon.colcon_core.verb:set package 'force_sum_interface' build argument 'ament_cmake_args' from command line to 'None'
[0.548s] Level 5:colcon.colcon_core.verb:set package 'force_sum_interface' build argument 'catkin_cmake_args' from command line to 'None'
[0.548s] Level 5:colcon.colcon_core.verb:set package 'force_sum_interface' build argument 'catkin_skip_building_tests' from command line to 'False'
[0.548s] DEBUG:colcon.colcon_core.verb:Building package 'force_sum_interface' with the following arguments: {'ament_cmake_args': None, 'build_base': '/home/shreehank1906/Desktop/Shreehan_Kate_HW1/build/force_sum_interface', 'catkin_cmake_args': None, 'catkin_skip_building_tests': False, 'cmake_args': None, 'cmake_clean_cache': False, 'cmake_clean_first': False, 'cmake_force_configure': False, 'cmake_target': None, 'cmake_target_skip_unavailable': False, 'install_base': '/home/shreehank1906/Desktop/Shreehan_Kate_HW1/install/force_sum_interface', 'merge_install': False, 'path': '/home/shreehank1906/Desktop/Shreehan_Kate_HW1/src/force_sum_interface', 'symlink_install': False, 'test_result_base': None}
[0.549s] Level 5:colcon.colcon_core.verb:set package 'force_sum_py' build argument 'cmake_args' from command line to 'None'
[0.549s] Level 5:colcon.colcon_core.verb:set package 'force_sum_py' build argument 'cmake_target' from command line to 'None'
[0.549s] Level 5:colcon.colcon_core.verb:set package 'force_sum_py' build argument 'cmake_target_skip_unavailable' from command line to 'False'
[0.549s] Level 5:colcon.colcon_core.verb:set package 'force_sum_py' build argument 'cmake_clean_cache' from command line to 'False'
[0.549s] Level 5:colcon.colcon_core.verb:set package 'force_sum_py' build argument 'cmake_clean_first' from command line to 'False'
[0.549s] Level 5:colcon.colcon_core.verb:set package 'force_sum_py' build argument 'cmake_force_configure' from command line to 'False'
[0.549s] Level 5:colcon.colcon_core.verb:set package 'force_sum_py' build argument 'ament_cmake_args' from command line to 'None'
[0.549s] Level 5:colcon.colcon_core.verb:set package 'force_sum_py' build argument 'catkin_cmake_args' from command line to 'None'
[0.549s] Level 5:colcon.colcon_core.verb:set package 'force_sum_py' build argument 'catkin_skip_building_tests' from command line to 'False'
[0.549s] DEBUG:colcon.colcon_core.verb:Building package 'force_sum_py' with the following arguments: {'ament_cmake_args': None, 'build_base': '/home/shreehank1906/Desktop/Shreehan_Kate_HW1/build/force_sum_py', 'catkin_cmake_args': None, 'catkin_skip_building_tests': False, 'cmake_args': None, 'cmake_clean_cache': False, 'cmake_clean_first': False, 'cmake_force_configure': False, 'cmake_target': None, 'cmake_target_skip_unavailable': False, 'install_base': '/home/shreehank1906/Desktop/Shreehan_Kate_HW1/install/force_sum_py', 'merge_install': False, 'path': '/home/shreehank1906/Desktop/Shreehan_Kate_HW1/src/force_sum_py', 'symlink_install': False, 'test_result_base': None}
[0.549s] INFO:colcon.colcon_core.executor:Executing jobs using 'parallel' executor
[0.550s] DEBUG:colcon.colcon_parallel_executor.executor.parallel:run_until_complete
[0.551s] INFO:colcon.colcon_ros.task.ament_cmake.build:Building ROS package in '/home/shreehank1906/Desktop/Shreehan_Kate_HW1/src/force_sum_interface' with build type 'ament_cmake'
[0.551s] INFO:colcon.colcon_cmake.task.cmake.build:Building CMake package in '/home/shreehank1906/Desktop/Shreehan_Kate_HW1/src/force_sum_interface'
[0.561s] INFO:colcon.colcon_core.plugin_system:Skipping extension 'colcon_core.shell.bat': Not used on non-Windows systems
[0.561s] INFO:colcon.colcon_core.shell:Skip shell extension 'powershell' for command environment: Not usable outside of PowerShell
[0.561s] DEBUG:colcon.colcon_core.shell:Skip shell extension 'dsv' for command environment
[0.569s] DEBUG:colcon.colcon_core.event_handler.log_command:Invoking command in '/home/shreehank1906/Desktop/Shreehan_Kate_HW1/build/force_sum_interface': DEBUGINFOD_URLS=https://debuginfod.ubuntu.com /usr/bin/cmake --build /home/shreehank1906/Desktop/Shreehan_Kate_HW1/build/force_sum_interface -- -j16 -l16
[1.166s] DEBUG:colcon.colcon_core.event_handler.log_command:Invoked command in '/home/shreehank1906/Desktop/Shreehan_Kate_HW1/build/force_sum_interface' returned '0': DEBUGINFOD_URLS=https://debuginfod.ubuntu.com /usr/bin/cmake --build /home/shreehank1906/Desktop/Shreehan_Kate_HW1/build/force_sum_interface -- -j16 -l16
[1.189s] DEBUG:colcon.colcon_core.event_handler.log_command:Invoking command in '/home/shreehank1906/Desktop/Shreehan_Kate_HW1/build/force_sum_interface': DEBUGINFOD_URLS=https://debuginfod.ubuntu.com /usr/bin/cmake --install /home/shreehank1906/Desktop/Shreehan_Kate_HW1/build/force_sum_interface
[1.303s] Level 1:colcon.colcon_core.environment:create_environment_scripts_only(force_sum_interface)
[1.304s] DEBUG:colcon.colcon_core.event_handler.log_command:Invoked command in '/home/shreehank1906/Desktop/Shreehan_Kate_HW1/build/force_sum_interface' returned '0': DEBUGINFOD_URLS=https://debuginfod.ubuntu.com /usr/bin/cmake --install /home/shreehank1906/Desktop/Shreehan_Kate_HW1/build/force_sum_interface
[1.312s] Level 1:colcon.colcon_core.environment:checking '/home/shreehank1906/Desktop/Shreehan_Kate_HW1/install/force_sum_interface' for CMake module files
[1.313s] Level 1:colcon.colcon_core.environment:checking '/home/shreehank1906/Desktop/Shreehan_Kate_HW1/install/force_sum_interface' for CMake config files
[1.315s] Level 1:colcon.colcon_core.shell:create_environment_hook('force_sum_interface', 'cmake_prefix_path')
[1.315s] INFO:colcon.colcon_core.shell:Creating environment hook '/home/shreehank1906/Desktop/Shreehan_Kate_HW1/install/force_sum_interface/share/force_sum_interface/hook/cmake_prefix_path.ps1'
[1.317s] INFO:colcon.colcon_core.shell:Creating environment descriptor '/home/shreehank1906/Desktop/Shreehan_Kate_HW1/install/force_sum_interface/share/force_sum_interface/hook/cmake_prefix_path.dsv'
[1.317s] INFO:colcon.colcon_core.shell:Creating environment hook '/home/shreehank1906/Desktop/Shreehan_Kate_HW1/install/force_sum_interface/share/force_sum_interface/hook/cmake_prefix_path.sh'
[1.319s] Level 1:colcon.colcon_core.environment:checking '/home/shreehank1906/Desktop/Shreehan_Kate_HW1/install/force_sum_interface/lib'
[1.319s] Level 1:colcon.colcon_core.shell:create_environment_hook('force_sum_interface', 'ld_library_path_lib')
[1.319s] INFO:colcon.colcon_core.shell:Creating environment hook '/home/shreehank1906/Desktop/Shreehan_Kate_HW1/install/force_sum_interface/share/force_sum_interface/hook/ld_library_path_lib.ps1'
[1.320s] INFO:colcon.colcon_core.shell:Creating environment descriptor '/home/shreehank1906/Desktop/Shreehan_Kate_HW1/install/force_sum_interface/share/force_sum_interface/hook/ld_library_path_lib.dsv'
[1.320s] INFO:colcon.colcon_core.shell:Creating environment hook '/home/shreehank1906/Desktop/Shreehan_Kate_HW1/install/force_sum_interface/share/force_sum_interface/hook/ld_library_path_lib.sh'
[1.321s] Level 1:colcon.colcon_core.environment:checking '/home/shreehank1906/Desktop/Shreehan_Kate_HW1/install/force_sum_interface/bin'
[1.321s] Level 1:colcon.colcon_core.environment:checking '/home/shreehank1906/Desktop/Shreehan_Kate_HW1/install/force_sum_interface/lib/pkgconfig/force_sum_interface.pc'
[1.323s] Level 1:colcon.colcon_core.environment:checking '/home/shreehank1906/Desktop/Shreehan_Kate_HW1/install/force_sum_interface/lib/python3.12/site-packages'
[1.323s] Level 1:colcon.colcon_core.shell:create_environment_hook('force_sum_interface', 'pythonpath')
[1.323s] INFO:colcon.colcon_core.shell:Creating environment hook '/home/shreehank1906/Desktop/Shreehan_Kate_HW1/install/force_sum_interface/share/force_sum_interface/hook/pythonpath.ps1'
[1.324s] INFO:colcon.colcon_core.shell:Creating environment descriptor '/home/shreehank1906/Desktop/Shreehan_Kate_HW1/install/force_sum_interface/share/force_sum_interface/hook/pythonpath.dsv'
[1.324s] INFO:colcon.colcon_core.shell:Creating environment hook '/home/shreehank1906/Desktop/Shreehan_Kate_HW1/install/force_sum_interface/share/force_sum_interface/hook/pythonpath.sh'
[1.325s] Level 1:colcon.colcon_core.environment:checking '/home/shreehank1906/Desktop/Shreehan_Kate_HW1/install/force_sum_interface/bin'
[1.326s] INFO:colcon.colcon_core.shell:Creating package script '/home/shreehank1906/Desktop/Shreehan_Kate_HW1/install/force_sum_interface/share/force_sum_interface/package.ps1'
[1.327s] INFO:colcon.colcon_core.shell:Creating package descriptor '/home/shreehank1906/Desktop/Shreehan_Kate_HW1/install/force_sum_interface/share/force_sum_interface/package.dsv'
[1.328s] INFO:colcon.colcon_core.shell:Creating package script '/home/shreehank1906/Desktop/Shreehan_Kate_HW1/install/force_sum_interface/share/force_sum_interface/package.sh'
[1.329s] INFO:colcon.colcon_core.shell:Creating package script '/home/shreehank1906/Desktop/Shreehan_Kate_HW1/install/force_sum_interface/share/force_sum_interface/package.bash'
[1.330s] INFO:colcon.colcon_core.shell:Creating package script '/home/shreehank1906/Desktop/Shreehan_Kate_HW1/install/force_sum_interface/share/force_sum_interface/package.zsh'
[1.331s] Level 1:colcon.colcon_core.environment:create_file_with_runtime_dependencies(/home/shreehank1906/Desktop/Shreehan_Kate_HW1/install/force_sum_interface/share/colcon-core/packages/force_sum_interface)
[1.332s] Level 1:colcon.colcon_core.environment:create_environment_scripts_only(force_sum_interface)
[1.332s] Level 1:colcon.colcon_core.environment:checking '/home/shreehank1906/Desktop/Shreehan_Kate_HW1/install/force_sum_interface' for CMake module files
[1.333s] Level 1:colcon.colcon_core.environment:checking '/home/shreehank1906/Desktop/Shreehan_Kate_HW1/install/force_sum_interface' for CMake config files
[1.333s] Level 1:colcon.colcon_core.shell:create_environment_hook('force_sum_interface', 'cmake_prefix_path')
[1.334s] INFO:colcon.colcon_core.shell:Creating environment hook '/home/shreehank1906/Desktop/Shreehan_Kate_HW1/install/force_sum_interface/share/force_sum_interface/hook/cmake_prefix_path.ps1'
[1.334s] INFO:colcon.colcon_core.shell:Creating environment descriptor '/home/shreehank1906/Desktop/Shreehan_Kate_HW1/install/force_sum_interface/share/force_sum_interface/hook/cmake_prefix_path.dsv'
[1.335s] INFO:colcon.colcon_core.shell:Creating environment hook '/home/shreehank1906/Desktop/Shreehan_Kate_HW1/install/force_sum_interface/share/force_sum_interface/hook/cmake_prefix_path.sh'
[1.336s] Level 1:colcon.colcon_core.environment:checking '/home/shreehank1906/Desktop/Shreehan_Kate_HW1/install/force_sum_interface/lib'
[1.336s] Level 1:colcon.colcon_core.shell:create_environment_hook('force_sum_interface', 'ld_library_path_lib')
[1.336s] INFO:colcon.colcon_core.shell:Creating environment hook '/home/shreehank1906/Desktop/Shreehan_Kate_HW1/install/force_sum_interface/share/force_sum_interface/hook/ld_library_path_lib.ps1'
[1.336s] INFO:colcon.colcon_core.shell:Creating environment descriptor '/home/shreehank1906/Desktop/Shreehan_Kate_HW1/install/force_sum_interface/share/force_sum_interface/hook/ld_library_path_lib.dsv'
[1.337s] INFO:colcon.colcon_core.shell:Creating environment hook '/home/shreehank1906/Desktop/Shreehan_Kate_HW1/install/force_sum_interface/share/force_sum_interface/hook/ld_library_path_lib.sh'
[1.337s] Level 1:colcon.colcon_core.environment:checking '/home/shreehank1906/Desktop/Shreehan_Kate_HW1/install/force_sum_interface/bin'
[1.338s] Level 1:colcon.colcon_core.environment:checking '/home/shreehank1906/Desktop/Shreehan_Kate_HW1/install/force_sum_interface/lib/pkgconfig/force_sum_interface.pc'
[1.338s] Level 1:colcon.colcon_core.environment:checking '/home/shreehank1906/Desktop/Shreehan_Kate_HW1/install/force_sum_interface/lib/python3.12/site-packages'
[1.338s] Level 1:colcon.colcon_core.shell:create_environment_hook('force_sum_interface', 'pythonpath')
[1.338s] INFO:colcon.colcon_core.shell:Creating environment hook '/home/shreehank1906/Desktop/Shreehan_Kate_HW1/install/force_sum_interface/share/force_sum_interface/hook/pythonpath.ps1'
[1.339s] INFO:colcon.colcon_core.shell:Creating environment descriptor '/home/shreehank1906/Desktop/Shreehan_Kate_HW1/install/force_sum_interface/share/force_sum_interface/hook/pythonpath.dsv'
[1.339s] INFO:colcon.colcon_core.shell:Creating environment hook '/home/shreehank1906/Desktop/Shreehan_Kate_HW1/install/force_sum_interface/share/force_sum_interface/hook/pythonpath.sh'
[1.340s] Level 1:colcon.colcon_core.environment:checking '/home/shreehank1906/Desktop/Shreehan_Kate_HW1/install/force_sum_interface/bin'
[1.340s] INFO:colcon.colcon_core.shell:Creating package script '/home/shreehank1906/Desktop/Shreehan_Kate_HW1/install/force_sum_interface/share/force_sum_interface/package.ps1'
[1.341s] INFO:colcon.colcon_core.shell:Creating package descriptor '/home/shreehank1906/Desktop/Shreehan_Kate_HW1/install/force_sum_interface/share/force_sum_interface/package.dsv'
[1.342s] INFO:colcon.colcon_core.shell:Creating package script '/home/shreehank1906/Desktop/Shreehan_Kate_HW1/install/force_sum_interface/share/force_sum_interface/package.sh'
[1.343s] INFO:colcon.colcon_core.shell:Creating package script '/home/shreehank1906/Desktop/Shreehan_Kate_HW1/install/force_sum_interface/share/force_sum_interface/package.bash'
[1.343s] INFO:colcon.colcon_core.shell:Creating package script '/home/shreehank1906/Desktop/Shreehan_Kate_HW1/install/force_sum_interface/share/force_sum_interface/package.zsh'
[1.344s] Level 1:colcon.colcon_core.environment:create_file_with_runtime_dependencies(/home/shreehank1906/Desktop/Shreehan_Kate_HW1/install/force_sum_interface/share/colcon-core/packages/force_sum_interface)
[1.344s] INFO:colcon.colcon_ros.task.ament_python.build:Building ROS package in '/home/shreehank1906/Desktop/Shreehan_Kate_HW1/src/force_sum_py' with build type 'ament_python'
[1.344s] Level 1:colcon.colcon_core.shell:create_environment_hook('force_sum_py', 'ament_prefix_path')
[1.344s] INFO:colcon.colcon_core.shell:Creating environment hook '/home/shreehank1906/Desktop/Shreehan_Kate_HW1/install/force_sum_py/share/force_sum_py/hook/ament_prefix_path.ps1'
[1.346s] INFO:colcon.colcon_core.shell:Creating environment descriptor '/home/shreehank1906/Desktop/Shreehan_Kate_HW1/install/force_sum_py/share/force_sum_py/hook/ament_prefix_path.dsv'
[1.346s] INFO:colcon.colcon_core.shell:Creating environment hook '/home/shreehank1906/Desktop/Shreehan_Kate_HW1/install/force_sum_py/share/force_sum_py/hook/ament_prefix_path.sh'
[1.347s] INFO:colcon.colcon_core.shell:Skip shell extension 'powershell' for command environment: Not usable outside of PowerShell
[1.347s] DEBUG:colcon.colcon_core.shell:Skip shell extension 'dsv' for command environment
[1.738s] INFO:colcon.colcon_core.task.python.build:Building Python package in '/home/shreehank1906/Desktop/Shreehan_Kate_HW1/src/force_sum_py'
[1.739s] INFO:colcon.colcon_core.shell:Skip shell extension 'powershell' for command environment: Not usable outside of PowerShell
[1.739s] DEBUG:colcon.colcon_core.shell:Skip shell extension 'dsv' for command environment
[2.704s] DEBUG:colcon.colcon_core.task.python.build:Available setuptools commands: clean, setopt, egg_info, sdist, bdist_rpm, dist_info, compile_catalog, install, symlink_data, register, build, build_py, test, install_headers, bdist_dumb, update_catalog, bdist_egg, rotate, build_ext, easy_install, init_catalog, develop, saveopts, install_scripts, install_lib, bdist, upload_docs, editable_wheel, install_egg_info, extract_messages, build_clib, check, build_scripts, alias, install_data, upload, bdist_wheel
[2.708s] DEBUG:colcon.colcon_core.event_handler.log_command:Invoking command in '/home/shreehank1906/Desktop/Shreehan_Kate_HW1/src/force_sum_py': AMENT_PREFIX_PATH=/home/shreehank1906/Desktop/Shreehan_Kate_HW1/install/force_sum_interface CMAKE_PREFIX_PATH=/home/shreehank1906/Desktop/Shreehan_Kate_HW1/install/force_sum_interface DEBUGINFOD_URLS=https://debuginfod.ubuntu.com LD_LIBRARY_PATH=/home/shreehank1906/Desktop/Shreehan_Kate_HW1/install/force_sum_interface/lib PYTHONPATH=/home/shreehank1906/Desktop/Shreehan_Kate_HW1/build/force_sum_py/prefix_override:/usr/lib/python3/dist-packages/colcon_core/task/python/colcon_distutils_commands:/home/shreehank1906/Desktop/Shreehan_Kate_HW1/install/force_sum_py/lib/python3.12/site-packages:/home/shreehank1906/Desktop/Shreehan_Kate_HW1/install/force_sum_interface/lib/python3.12/site-packages /usr/bin/python3 -W ignore:setup.py install is deprecated -W ignore:easy_install command is deprecated setup.py egg_info --egg-base ../../build/force_sum_py build --build-base /home/shreehank1906/Desktop/Shreehan_Kate_HW1/build/force_sum_py/build install --record /home/shreehank1906/Desktop/Shreehan_Kate_HW1/build/force_sum_py/install.log --install-scripts $base/lib/force_sum_py --single-version-externally-managed install_data
[3.450s] Level 1:colcon.colcon_core.environment:checking '/home/shreehank1906/Desktop/Shreehan_Kate_HW1/install/force_sum_py' for CMake module files
[3.451s] DEBUG:colcon.colcon_core.event_handler.log_command:Invoked command in '/home/shreehank1906/Desktop/Shreehan_Kate_HW1/src/force_sum_py' returned '0': AMENT_PREFIX_PATH=/home/shreehank1906/Desktop/Shreehan_Kate_HW1/install/force_sum_interface CMAKE_PREFIX_PATH=/home/shreehank1906/Desktop/Shreehan_Kate_HW1/install/force_sum_interface DEBUGINFOD_URLS=https://debuginfod.ubuntu.com LD_LIBRARY_PATH=/home/shreehank1906/Desktop/Shreehan_Kate_HW1/install/force_sum_interface/lib PYTHONPATH=/home/shreehank1906/Desktop/Shreehan_Kate_HW1/build/force_sum_py/prefix_override:/usr/lib/python3/dist-packages/colcon_core/task/python/colcon_distutils_commands:/home/shreehank1906/Desktop/Shreehan_Kate_HW1/install/force_sum_py/lib/python3.12/site-packages:/home/shreehank1906/Desktop/Shreehan_Kate_HW1/install/force_sum_interface/lib/python3.12/site-packages /usr/bin/python3 -W ignore:setup.py install is deprecated -W ignore:easy_install command is deprecated setup.py egg_info --egg-base ../../build/force_sum_py build --build-base /home/shreehank1906/Desktop/Shreehan_Kate_HW1/build/force_sum_py/build install --record /home/shreehank1906/Desktop/Shreehan_Kate_HW1/build/force_sum_py/install.log --install-scripts $base/lib/force_sum_py --single-version-externally-managed install_data
[3.452s] Level 1:colcon.colcon_core.environment:checking '/home/shreehank1906/Desktop/Shreehan_Kate_HW1/install/force_sum_py' for CMake config files
[3.453s] Level 1:colcon.colcon_core.environment:checking '/home/shreehank1906/Desktop/Shreehan_Kate_HW1/install/force_sum_py/lib'
[3.453s] Level 1:colcon.colcon_core.environment:checking '/home/shreehank1906/Desktop/Shreehan_Kate_HW1/install/force_sum_py/bin'
[3.453s] Level 1:colcon.colcon_core.environment:checking '/home/shreehank1906/Desktop/Shreehan_Kate_HW1/install/force_sum_py/lib/pkgconfig/force_sum_py.pc'
[3.454s] Level 1:colcon.colcon_core.environment:checking '/home/shreehank1906/Desktop/Shreehan_Kate_HW1/install/force_sum_py/lib/python3.12/site-packages'
[3.454s] Level 1:colcon.colcon_core.shell:create_environment_hook('force_sum_py', 'pythonpath')
[3.454s] INFO:colcon.colcon_core.shell:Creating environment hook '/home/shreehank1906/Desktop/Shreehan_Kate_HW1/install/force_sum_py/share/force_sum_py/hook/pythonpath.ps1'
[3.455s] INFO:colcon.colcon_core.shell:Creating environment descriptor '/home/shreehank1906/Desktop/Shreehan_Kate_HW1/install/force_sum_py/share/force_sum_py/hook/pythonpath.dsv'
[3.455s] INFO:colcon.colcon_core.shell:Creating environment hook '/home/shreehank1906/Desktop/Shreehan_Kate_HW1/install/force_sum_py/share/force_sum_py/hook/pythonpath.sh'
[3.456s] Level 1:colcon.colcon_core.environment:checking '/home/shreehank1906/Desktop/Shreehan_Kate_HW1/install/force_sum_py/bin'
[3.456s] Level 1:colcon.colcon_core.environment:create_environment_scripts_only(force_sum_py)
[3.457s] INFO:colcon.colcon_core.shell:Creating package script '/home/shreehank1906/Desktop/Shreehan_Kate_HW1/install/force_sum_py/share/force_sum_py/package.ps1'
[3.458s] INFO:colcon.colcon_core.shell:Creating package descriptor '/home/shreehank1906/Desktop/Shreehan_Kate_HW1/install/force_sum_py/share/force_sum_py/package.dsv'
[3.459s] INFO:colcon.colcon_core.shell:Creating package script '/home/shreehank1906/Desktop/Shreehan_Kate_HW1/install/force_sum_py/share/force_sum_py/package.sh'
[3.459s] INFO:colcon.colcon_core.shell:Creating package script '/home/shreehank1906/Desktop/Shreehan_Kate_HW1/install/force_sum_py/share/force_sum_py/package.bash'
[3.460s] INFO:colcon.colcon_core.shell:Creating package script '/home/shreehank1906/Desktop/Shreehan_Kate_HW1/install/force_sum_py/share/force_sum_py/package.zsh'
[3.460s] Level 1:colcon.colcon_core.environment:create_file_with_runtime_dependencies(/home/shreehank1906/Desktop/Shreehan_Kate_HW1/install/force_sum_py/share/colcon-core/packages/force_sum_py)
[3.461s] DEBUG:colcon.colcon_parallel_executor.executor.parallel:closing loop
[3.462s] DEBUG:colcon.colcon_parallel_executor.executor.parallel:loop closed
[3.462s] DEBUG:colcon.colcon_parallel_executor.executor.parallel:run_until_complete finished with '0'
[3.462s] DEBUG:colcon.colcon_core.event_reactor:joining thread
[3.478s] INFO:colcon.colcon_core.plugin_system:Skipping extension 'colcon_notification.desktop_notification.terminal_notifier': Not used on non-Darwin systems
[3.478s] INFO:colcon.colcon_core.plugin_system:Skipping extension 'colcon_notification.desktop_notification.win32': Not used on non-Windows systems
[3.478s] INFO:colcon.colcon_notification.desktop_notification:Sending desktop notification using 'notify2'
[3.528s] DEBUG:colcon.colcon_core.event_reactor:joined thread
[3.528s] INFO:colcon.colcon_core.shell:Creating prefix script '/home/shreehank1906/Desktop/Shreehan_Kate_HW1/install/local_setup.ps1'
[3.531s] INFO:colcon.colcon_core.shell:Creating prefix util module '/home/shreehank1906/Desktop/Shreehan_Kate_HW1/install/_local_setup_util_ps1.py'
[3.533s] INFO:colcon.colcon_core.shell:Creating prefix chain script '/home/shreehank1906/Desktop/Shreehan_Kate_HW1/install/setup.ps1'
[3.536s] INFO:colcon.colcon_core.shell:Creating prefix script '/home/shreehank1906/Desktop/Shreehan_Kate_HW1/install/local_setup.sh'
[3.537s] INFO:colcon.colcon_core.shell:Creating prefix util module '/home/shreehank1906/Desktop/Shreehan_Kate_HW1/install/_local_setup_util_sh.py'
[3.538s] INFO:colcon.colcon_core.shell:Creating prefix chain script '/home/shreehank1906/Desktop/Shreehan_Kate_HW1/install/setup.sh'
[3.540s] INFO:colcon.colcon_core.shell:Creating prefix script '/home/shreehank1906/Desktop/Shreehan_Kate_HW1/install/local_setup.bash'
[3.541s] INFO:colcon.colcon_core.shell:Creating prefix chain script '/home/shreehank1906/Desktop/Shreehan_Kate_HW1/install/setup.bash'
[3.542s] INFO:colcon.colcon_core.shell:Creating prefix script '/home/shreehank1906/Desktop/Shreehan_Kate_HW1/install/local_setup.zsh'
[3.543s] INFO:colcon.colcon_core.shell:Creating prefix chain script '/home/shreehank1906/Desktop/Shreehan_Kate_HW1/install/setup.zsh'
