[0.554s] DEBUG:colcon:Command line arguments: ['/usr/bin/colcon', 'build']
[0.554s] DEBUG:colcon:Parsed command line arguments: Namespace(log_base=None, log_level=None, verb_name='build', build_base='build', install_base='install', merge_install=False, symlink_install=False, test_result_base=None, continue_on_error=False, executor='parallel', parallel_workers=16, event_handlers=None, ignore_user_meta=False, metas=['./colcon.meta'], base_paths=['.'], packages_ignore=None, packages_ignore_regex=None, paths=None, packages_up_to=None, packages_up_to_regex=None, packages_above=None, packages_above_and_dependencies=None, packages_above_depth=None, packages_select_by_dep=None, packages_skip_by_dep=None, packages_skip_up_to=None, packages_select_build_failed=False, packages_skip_build_finished=False, packages_select_test_failures=False, packages_skip_test_passed=False, packages_select=None, packages_skip=None, packages_select_regex=None, packages_skip_regex=None, packages_start=None, packages_end=None, allow_overriding=[], cmake_args=None, cmake_target=None, cmake_target_skip_unavailable=False, cmake_clean_cache=False, cmake_clean_first=False, cmake_force_configure=False, ament_cmake_args=None, catkin_cmake_args=None, catkin_skip_building_tests=False, mixin_files=None, mixin=None, verb_parser=<colcon_mixin.mixin.mixin_argument.MixinArgumentDecorator object at 0x739513522a20>, verb_extension=<colcon_core.verb.build.BuildVerb object at 0x7395135225a0>, main=<bound method BuildVerb.main of <colcon_core.verb.build.BuildVerb object at 0x7395135225a0>>, mixin_verb=('build',))
[0.700s] Level 1:colcon.colcon_core.package_discovery:discover_packages(colcon_meta) check parameters
[0.701s] Level 1:colcon.colcon_core.package_discovery:discover_packages(recursive) check parameters
[0.701s] Level 1:colcon.colcon_core.package_discovery:discover_packages(ignore) check parameters
[0.701s] Level 1:colcon.colcon_core.package_discovery:discover_packages(path) check parameters
[0.701s] Level 1:colcon.colcon_core.package_discovery:discover_packages(colcon_meta) discover
[0.701s] Level 1:colcon.colcon_core.package_discovery:discover_packages(recursive) discover
[0.701s] INFO:colcon.colcon_core.package_discovery:Crawling recursively for packages in '/home/shreehank1906/Desktop/Shreehan_Kate_HW1'
[0.701s] Level 1:colcon.colcon_core.package_identification:_identify(.) by extensions ['ignore', 'ignore_ament_install']
[0.702s] Level 1:colcon.colcon_core.package_identification:_identify(.) by extension 'ignore'
[0.702s] Level 1:colcon.colcon_core.package_identification:_identify(.) by extension 'ignore_ament_install'
[0.702s] Level 1:colcon.colcon_core.package_identification:_identify(.) by extensions ['colcon_pkg']
[0.702s] Level 1:colcon.colcon_core.package_identification:_identify(.) by extension 'colcon_pkg'
[0.702s] Level 1:colcon.colcon_core.package_identification:_identify(.) by extensions ['colcon_meta']
[0.702s] Level 1:colcon.colcon_core.package_identification:_identify(.) by extension 'colcon_meta'
[0.702s] Level 1:colcon.colcon_core.package_identification:_identify(.) by extensions ['ros']
[0.702s] Level 1:colcon.colcon_core.package_identification:_identify(.) by extension 'ros'
[0.766s] Level 1:colcon.colcon_core.package_identification:_identify(.) by extensions ['cmake', 'python']
[0.766s] Level 1:colcon.colcon_core.package_identification:_identify(.) by extension 'cmake'
[0.766s] Level 1:colcon.colcon_core.package_identification:_identify(.) by extension 'python'
[0.766s] Level 1:colcon.colcon_core.package_identification:_identify(.) by extensions ['python_setup_py']
[0.766s] Level 1:colcon.colcon_core.package_identification:_identify(.) by extension 'python_setup_py'
[0.767s] Level 1:colcon.colcon_core.package_identification:_identify(build) by extensions ['ignore', 'ignore_ament_install']
[0.767s] Level 1:colcon.colcon_core.package_identification:_identify(build) by extension 'ignore'
[0.767s] Level 1:colcon.colcon_core.package_identification:_identify(build) ignored
[0.767s] Level 1:colcon.colcon_core.package_identification:_identify(install) by extensions ['ignore', 'ignore_ament_install']
[0.767s] Level 1:colcon.colcon_core.package_identification:_identify(install) by extension 'ignore'
[0.767s] Level 1:colcon.colcon_core.package_identification:_identify(install) ignored
[0.768s] Level 1:colcon.colcon_core.package_identification:_identify(log) by extensions ['ignore', 'ignore_ament_install']
[0.768s] Level 1:colcon.colcon_core.package_identification:_identify(log) by extension 'ignore'
[0.768s] Level 1:colcon.colcon_core.package_identification:_identify(log) ignored
[0.768s] Level 1:colcon.colcon_core.package_identification:_identify(src) by extensions ['ignore', 'ignore_ament_install']
[0.768s] Level 1:colcon.colcon_core.package_identification:_identify(src) by extension 'ignore'
[0.768s] Level 1:colcon.colcon_core.package_identification:_identify(src) by extension 'ignore_ament_install'
[0.769s] Level 1:colcon.colcon_core.package_identification:_identify(src) by extensions ['colcon_pkg']
[0.769s] Level 1:colcon.colcon_core.package_identification:_identify(src) by extension 'colcon_pkg'
[0.769s] Level 1:colcon.colcon_core.package_identification:_identify(src) by extensions ['colcon_meta']
[0.769s] Level 1:colcon.colcon_core.package_identification:_identify(src) by extension 'colcon_meta'
[0.769s] Level 1:colcon.colcon_core.package_identification:_identify(src) by extensions ['ros']
[0.769s] Level 1:colcon.colcon_core.package_identification:_identify(src) by extension 'ros'
[0.769s] Level 1:colcon.colcon_core.package_identification:_identify(src) by extensions ['cmake', 'python']
[0.769s] Level 1:colcon.colcon_core.package_identification:_identify(src) by extension 'cmake'
[0.770s] Level 1:colcon.colcon_core.package_identification:_identify(src) by extension 'python'
[0.770s] Level 1:colcon.colcon_core.package_identification:_identify(src) by extensions ['python_setup_py']
[0.770s] Level 1:colcon.colcon_core.package_identification:_identify(src) by extension 'python_setup_py'
[0.770s] Level 1:colcon.colcon_core.package_identification:_identify(src/force_sum_interface) by extensions ['ignore', 'ignore_ament_install']
[0.770s] Level 1:colcon.colcon_core.package_identification:_identify(src/force_sum_interface) by extension 'ignore'
[0.770s] Level 1:colcon.colcon_core.package_identification:_identify(src/force_sum_interface) by extension 'ignore_ament_install'
[0.770s] Level 1:colcon.colcon_core.package_identification:_identify(src/force_sum_interface) by extensions ['colcon_pkg']
[0.770s] Level 1:colcon.colcon_core.package_identification:_identify(src/force_sum_interface) by extension 'colcon_pkg'
[0.771s] Level 1:colcon.colcon_core.package_identification:_identify(src/force_sum_interface) by extensions ['colcon_meta']
[0.771s] Level 1:colcon.colcon_core.package_identification:_identify(src/force_sum_interface) by extension 'colcon_meta'
[0.771s] Level 1:colcon.colcon_core.package_identification:_identify(src/force_sum_interface) by extensions ['ros']
[0.771s] Level 1:colcon.colcon_core.package_identification:_identify(src/force_sum_interface) by extension 'ros'
[0.779s] DEBUG:colcon.colcon_core.package_identification:Package 'src/force_sum_interface' with type 'ros.ament_cmake' and name 'force_sum_interface'
[0.779s] Level 1:colcon.colcon_core.package_identification:_identify(src/force_sum_py) by extensions ['ignore', 'ignore_ament_install']
[0.779s] Level 1:colcon.colcon_core.package_identification:_identify(src/force_sum_py) by extension 'ignore'
[0.779s] Level 1:colcon.colcon_core.package_identification:_identify(src/force_sum_py) by extension 'ignore_ament_install'
[0.780s] Level 1:colcon.colcon_core.package_identification:_identify(src/force_sum_py) by extensions ['colcon_pkg']
[0.780s] Level 1:colcon.colcon_core.package_identification:_identify(src/force_sum_py) by extension 'colcon_pkg'
[0.780s] Level 1:colcon.colcon_core.package_identification:_identify(src/force_sum_py) by extensions ['colcon_meta']
[0.780s] Level 1:colcon.colcon_core.package_identification:_identify(src/force_sum_py) by extension 'colcon_meta'
[0.780s] Level 1:colcon.colcon_core.package_identification:_identify(src/force_sum_py) by extensions ['ros']
[0.780s] Level 1:colcon.colcon_core.package_identification:_identify(src/force_sum_py) by extension 'ros'
[0.781s] DEBUG:colcon.colcon_core.package_identification:Package 'src/force_sum_py' with type 'ros.ament_python' and name 'force_sum_py'
[0.782s] Level 1:colcon.colcon_core.package_discovery:discover_packages(recursive) using defaults
[0.782s] Level 1:colcon.colcon_core.package_discovery:discover_packages(ignore) discover
[0.782s] Level 1:colcon.colcon_core.package_discovery:discover_packages(ignore) using defaults
[0.782s] Level 1:colcon.colcon_core.package_discovery:discover_packages(path) discover
[0.782s] Level 1:colcon.colcon_core.package_discovery:discover_packages(path) using defaults
[0.839s] Level 1:colcon.colcon_core.package_discovery:discover_packages(prefix_path) check parameters
[0.839s] Level 1:colcon.colcon_core.package_discovery:discover_packages(prefix_path) discover
[0.845s] Level 1:colcon.colcon_core.package_discovery:discover_packages(prefix_path) using defaults
[0.850s] Level 5:colcon.colcon_core.verb:set package 'force_sum_interface' build argument 'cmake_args' from command line to 'None'
[0.850s] Level 5:colcon.colcon_core.verb:set package 'force_sum_interface' build argument 'cmake_target' from command line to 'None'
[0.850s] Level 5:colcon.colcon_core.verb:set package 'force_sum_interface' build argument 'cmake_target_skip_unavailable' from command line to 'False'
[0.850s] Level 5:colcon.colcon_core.verb:set package 'force_sum_interface' build argument 'cmake_clean_cache' from command line to 'False'
[0.850s] Level 5:colcon.colcon_core.verb:set package 'force_sum_interface' build argument 'cmake_clean_first' from command line to 'False'
[0.850s] Level 5:colcon.colcon_core.verb:set package 'force_sum_interface' build argument 'cmake_force_configure' from command line to 'False'
[0.850s] Level 5:colcon.colcon_core.verb:set package 'force_sum_interface' build argument 'ament_cmake_args' from command line to 'None'
[0.850s] Level 5:colcon.colcon_core.verb:set package 'force_sum_interface' build argument 'catkin_cmake_args' from command line to 'None'
[0.850s] Level 5:colcon.colcon_core.verb:set package 'force_sum_interface' build argument 'catkin_skip_building_tests' from command line to 'False'
[0.850s] DEBUG:colcon.colcon_core.verb:Building package 'force_sum_interface' with the following arguments: {'ament_cmake_args': None, 'build_base': '/home/shreehank1906/Desktop/Shreehan_Kate_HW1/build/force_sum_interface', 'catkin_cmake_args': None, 'catkin_skip_building_tests': False, 'cmake_args': None, 'cmake_clean_cache': False, 'cmake_clean_first': False, 'cmake_force_configure': False, 'cmake_target': None, 'cmake_target_skip_unavailable': False, 'install_base': '/home/shreehank1906/Desktop/Shreehan_Kate_HW1/install/force_sum_interface', 'merge_install': False, 'path': '/home/shreehank1906/Desktop/Shreehan_Kate_HW1/src/force_sum_interface', 'symlink_install': False, 'test_result_base': None}
[0.851s] Level 5:colcon.colcon_core.verb:set package 'force_sum_py' build argument 'cmake_args' from command line to 'None'
[0.851s] Level 5:colcon.colcon_core.verb:set package 'force_sum_py' build argument 'cmake_target' from command line to 'None'
[0.851s] Level 5:colcon.colcon_core.verb:set package 'force_sum_py' build argument 'cmake_target_skip_unavailable' from command line to 'False'
[0.851s] Level 5:colcon.colcon_core.verb:set package 'force_sum_py' build argument 'cmake_clean_cache' from command line to 'False'
[0.851s] Level 5:colcon.colcon_core.verb:set package 'force_sum_py' build argument 'cmake_clean_first' from command line to 'False'
[0.851s] Level 5:colcon.colcon_core.verb:set package 'force_sum_py' build argument 'cmake_force_configure' from command line to 'False'
[0.851s] Level 5:colcon.colcon_core.verb:set package 'force_sum_py' build argument 'ament_cmake_args' from command line to 'None'
[0.851s] Level 5:colcon.colcon_core.verb:set package 'force_sum_py' build argument 'catkin_cmake_args' from command line to 'None'
[0.851s] Level 5:colcon.colcon_core.verb:set package 'force_sum_py' build argument 'catkin_skip_building_tests' from command line to 'False'
[0.851s] DEBUG:colcon.colcon_core.verb:Building package 'force_sum_py' with the following arguments: {'ament_cmake_args': None, 'build_base': '/home/shreehank1906/Desktop/Shreehan_Kate_HW1/build/force_sum_py', 'catkin_cmake_args': None, 'catkin_skip_building_tests': False, 'cmake_args': None, 'cmake_clean_cache': False, 'cmake_clean_first': False, 'cmake_force_configure': False, 'cmake_target': None, 'cmake_target_skip_unavailable': False, 'install_base': '/home/shreehank1906/Desktop/Shreehan_Kate_HW1/install/force_sum_py', 'merge_install': False, 'path': '/home/shreehank1906/Desktop/Shreehan_Kate_HW1/src/force_sum_py', 'symlink_install': False, 'test_result_base': None}
[0.852s] INFO:colcon.colcon_core.executor:Executing jobs using 'parallel' executor
[0.853s] DEBUG:colcon.colcon_parallel_executor.executor.parallel:run_until_complete
[0.854s] INFO:colcon.colcon_ros.task.ament_cmake.build:Building ROS package in '/home/shreehank1906/Desktop/Shreehan_Kate_HW1/src/force_sum_interface' with build type 'ament_cmake'
[0.854s] INFO:colcon.colcon_cmake.task.cmake.build:Building CMake package in '/home/shreehank1906/Desktop/Shreehan_Kate_HW1/src/force_sum_interface'
[0.871s] INFO:colcon.colcon_core.plugin_system:Skipping extension 'colcon_core.shell.bat': Not used on non-Windows systems
[0.872s] INFO:colcon.colcon_core.shell:Skip shell extension 'powershell' for command environment: Not usable outside of PowerShell
[0.872s] DEBUG:colcon.colcon_core.shell:Skip shell extension 'dsv' for command environment
[0.887s] DEBUG:colcon.colcon_core.event_handler.log_command:Invoking command in '/home/shreehank1906/Desktop/Shreehan_Kate_HW1/build/force_sum_interface': DEBUGINFOD_URLS=https://debuginfod.ubuntu.com /usr/bin/cmake --build /home/shreehank1906/Desktop/Shreehan_Kate_HW1/build/force_sum_interface -- -j16 -l16
[1.759s] DEBUG:colcon.colcon_core.event_handler.log_command:Invoked command in '/home/shreehank1906/Desktop/Shreehan_Kate_HW1/build/force_sum_interface' returned '0': DEBUGINFOD_URLS=https://debuginfod.ubuntu.com /usr/bin/cmake --build /home/shreehank1906/Desktop/Shreehan_Kate_HW1/build/force_sum_interface -- -j16 -l16
[1.785s] DEBUG:colcon.colcon_core.event_handler.log_command:Invoking command in '/home/shreehank1906/Desktop/Shreehan_Kate_HW1/build/force_sum_interface': DEBUGINFOD_URLS=https://debuginfod.ubuntu.com /usr/bin/cmake --install /home/shreehank1906/Desktop/Shreehan_Kate_HW1/build/force_sum_interface
[1.939s] Level 1:colcon.colcon_core.environment:create_environment_scripts_only(force_sum_interface)
[1.940s] DEBUG:colcon.colcon_core.event_handler.log_command:Invoked command in '/home/shreehank1906/Desktop/Shreehan_Kate_HW1/build/force_sum_interface' returned '0': DEBUGINFOD_URLS=https://debuginfod.ubuntu.com /usr/bin/cmake --install /home/shreehank1906/Desktop/Shreehan_Kate_HW1/build/force_sum_interface
[1.955s] Level 1:colcon.colcon_core.environment:checking '/home/shreehank1906/Desktop/Shreehan_Kate_HW1/install/force_sum_interface' for CMake module files
[1.957s] Level 1:colcon.colcon_core.environment:checking '/home/shreehank1906/Desktop/Shreehan_Kate_HW1/install/force_sum_interface' for CMake config files
[1.959s] Level 1:colcon.colcon_core.shell:create_environment_hook('force_sum_interface', 'cmake_prefix_path')
[1.959s] INFO:colcon.colcon_core.shell:Creating environment hook '/home/shreehank1906/Desktop/Shreehan_Kate_HW1/install/force_sum_interface/share/force_sum_interface/hook/cmake_prefix_path.ps1'
[1.961s] INFO:colcon.colcon_core.shell:Creating environment descriptor '/home/shreehank1906/Desktop/Shreehan_Kate_HW1/install/force_sum_interface/share/force_sum_interface/hook/cmake_prefix_path.dsv'
[1.962s] INFO:colcon.colcon_core.shell:Creating environment hook '/home/shreehank1906/Desktop/Shreehan_Kate_HW1/install/force_sum_interface/share/force_sum_interface/hook/cmake_prefix_path.sh'
[1.964s] Level 1:colcon.colcon_core.environment:checking '/home/shreehank1906/Desktop/Shreehan_Kate_HW1/install/force_sum_interface/lib'
[1.964s] Level 1:colcon.colcon_core.shell:create_environment_hook('force_sum_interface', 'ld_library_path_lib')
[1.964s] INFO:colcon.colcon_core.shell:Creating environment hook '/home/shreehank1906/Desktop/Shreehan_Kate_HW1/install/force_sum_interface/share/force_sum_interface/hook/ld_library_path_lib.ps1'
[1.965s] INFO:colcon.colcon_core.shell:Creating environment descriptor '/home/shreehank1906/Desktop/Shreehan_Kate_HW1/install/force_sum_interface/share/force_sum_interface/hook/ld_library_path_lib.dsv'
[1.966s] INFO:colcon.colcon_core.shell:Creating environment hook '/home/shreehank1906/Desktop/Shreehan_Kate_HW1/install/force_sum_interface/share/force_sum_interface/hook/ld_library_path_lib.sh'
[1.966s] Level 1:colcon.colcon_core.environment:checking '/home/shreehank1906/Desktop/Shreehan_Kate_HW1/install/force_sum_interface/bin'
[1.966s] Level 1:colcon.colcon_core.environment:checking '/home/shreehank1906/Desktop/Shreehan_Kate_HW1/install/force_sum_interface/lib/pkgconfig/force_sum_interface.pc'
[1.970s] Level 1:colcon.colcon_core.environment:checking '/home/shreehank1906/Desktop/Shreehan_Kate_HW1/install/force_sum_interface/lib/python3.12/site-packages'
[1.970s] Level 1:colcon.colcon_core.shell:create_environment_hook('force_sum_interface', 'pythonpath')
[1.970s] INFO:colcon.colcon_core.shell:Creating environment hook '/home/shreehank1906/Desktop/Shreehan_Kate_HW1/install/force_sum_interface/share/force_sum_interface/hook/pythonpath.ps1'
[1.971s] INFO:colcon.colcon_core.shell:Creating environment descriptor '/home/shreehank1906/Desktop/Shreehan_Kate_HW1/install/force_sum_interface/share/force_sum_interface/hook/pythonpath.dsv'
[1.972s] INFO:colcon.colcon_core.shell:Creating environment hook '/home/shreehank1906/Desktop/Shreehan_Kate_HW1/install/force_sum_interface/share/force_sum_interface/hook/pythonpath.sh'
[1.974s] Level 1:colcon.colcon_core.environment:checking '/home/shreehank1906/Desktop/Shreehan_Kate_HW1/install/force_sum_interface/bin'
[1.974s] INFO:colcon.colcon_core.shell:Creating package script '/home/shreehank1906/Desktop/Shreehan_Kate_HW1/install/force_sum_interface/share/force_sum_interface/package.ps1'
[1.977s] INFO:colcon.colcon_core.shell:Creating package descriptor '/home/shreehank1906/Desktop/Shreehan_Kate_HW1/install/force_sum_interface/share/force_sum_interface/package.dsv'
[1.978s] INFO:colcon.colcon_core.shell:Creating package script '/home/shreehank1906/Desktop/Shreehan_Kate_HW1/install/force_sum_interface/share/force_sum_interface/package.sh'
[1.980s] INFO:colcon.colcon_core.shell:Creating package script '/home/shreehank1906/Desktop/Shreehan_Kate_HW1/install/force_sum_interface/share/force_sum_interface/package.bash'
[1.982s] INFO:colcon.colcon_core.shell:Creating package script '/home/shreehank1906/Desktop/Shreehan_Kate_HW1/install/force_sum_interface/share/force_sum_interface/package.zsh'
[1.984s] Level 1:colcon.colcon_core.environment:create_file_with_runtime_dependencies(/home/shreehank1906/Desktop/Shreehan_Kate_HW1/install/force_sum_interface/share/colcon-core/packages/force_sum_interface)
[1.985s] Level 1:colcon.colcon_core.environment:create_environment_scripts_only(force_sum_interface)
[1.986s] Level 1:colcon.colcon_core.environment:checking '/home/shreehank1906/Desktop/Shreehan_Kate_HW1/install/force_sum_interface' for CMake module files
[1.987s] Level 1:colcon.colcon_core.environment:checking '/home/shreehank1906/Desktop/Shreehan_Kate_HW1/install/force_sum_interface' for CMake config files
[1.988s] Level 1:colcon.colcon_core.shell:create_environment_hook('force_sum_interface', 'cmake_prefix_path')
[1.989s] INFO:colcon.colcon_core.shell:Creating environment hook '/home/shreehank1906/Desktop/Shreehan_Kate_HW1/install/force_sum_interface/share/force_sum_interface/hook/cmake_prefix_path.ps1'
[1.989s] INFO:colcon.colcon_core.shell:Creating environment descriptor '/home/shreehank1906/Desktop/Shreehan_Kate_HW1/install/force_sum_interface/share/force_sum_interface/hook/cmake_prefix_path.dsv'
[1.990s] INFO:colcon.colcon_core.shell:Creating environment hook '/home/shreehank1906/Desktop/Shreehan_Kate_HW1/install/force_sum_interface/share/force_sum_interface/hook/cmake_prefix_path.sh'
[1.991s] Level 1:colcon.colcon_core.environment:checking '/home/shreehank1906/Desktop/Shreehan_Kate_HW1/install/force_sum_interface/lib'
[1.992s] Level 1:colcon.colcon_core.shell:create_environment_hook('force_sum_interface', 'ld_library_path_lib')
[1.992s] INFO:colcon.colcon_core.shell:Creating environment hook '/home/shreehank1906/Desktop/Shreehan_Kate_HW1/install/force_sum_interface/share/force_sum_interface/hook/ld_library_path_lib.ps1'
[1.993s] INFO:colcon.colcon_core.shell:Creating environment descriptor '/home/shreehank1906/Desktop/Shreehan_Kate_HW1/install/force_sum_interface/share/force_sum_interface/hook/ld_library_path_lib.dsv'
[1.994s] INFO:colcon.colcon_core.shell:Creating environment hook '/home/shreehank1906/Desktop/Shreehan_Kate_HW1/install/force_sum_interface/share/force_sum_interface/hook/ld_library_path_lib.sh'
[1.994s] Level 1:colcon.colcon_core.environment:checking '/home/shreehank1906/Desktop/Shreehan_Kate_HW1/install/force_sum_interface/bin'
[1.995s] Level 1:colcon.colcon_core.environment:checking '/home/shreehank1906/Desktop/Shreehan_Kate_HW1/install/force_sum_interface/lib/pkgconfig/force_sum_interface.pc'
[1.995s] Level 1:colcon.colcon_core.environment:checking '/home/shreehank1906/Desktop/Shreehan_Kate_HW1/install/force_sum_interface/lib/python3.12/site-packages'
[1.995s] Level 1:colcon.colcon_core.shell:create_environment_hook('force_sum_interface', 'pythonpath')
[1.996s] INFO:colcon.colcon_core.shell:Creating environment hook '/home/shreehank1906/Desktop/Shreehan_Kate_HW1/install/force_sum_interface/share/force_sum_interface/hook/pythonpath.ps1'
[1.996s] INFO:colcon.colcon_core.shell:Creating environment descriptor '/home/shreehank1906/Desktop/Shreehan_Kate_HW1/install/force_sum_interface/share/force_sum_interface/hook/pythonpath.dsv'
[1.997s] INFO:colcon.colcon_core.shell:Creating environment hook '/home/shreehank1906/Desktop/Shreehan_Kate_HW1/install/force_sum_interface/share/force_sum_interface/hook/pythonpath.sh'
[1.999s] Level 1:colcon.colcon_core.environment:checking '/home/shreehank1906/Desktop/Shreehan_Kate_HW1/install/force_sum_interface/bin'
[1.999s] INFO:colcon.colcon_core.shell:Creating package script '/home/shreehank1906/Desktop/Shreehan_Kate_HW1/install/force_sum_interface/share/force_sum_interface/package.ps1'
[2.000s] INFO:colcon.colcon_core.shell:Creating package descriptor '/home/shreehank1906/Desktop/Shreehan_Kate_HW1/install/force_sum_interface/share/force_sum_interface/package.dsv'
[2.002s] INFO:colcon.colcon_core.shell:Creating package script '/home/shreehank1906/Desktop/Shreehan_Kate_HW1/install/force_sum_interface/share/force_sum_interface/package.sh'
[2.003s] INFO:colcon.colcon_core.shell:Creating package script '/home/shreehank1906/Desktop/Shreehan_Kate_HW1/install/force_sum_interface/share/force_sum_interface/package.bash'
[2.004s] INFO:colcon.colcon_core.shell:Creating package script '/home/shreehank1906/Desktop/Shreehan_Kate_HW1/install/force_sum_interface/share/force_sum_interface/package.zsh'
[2.004s] Level 1:colcon.colcon_core.environment:create_file_with_runtime_dependencies(/home/shreehank1906/Desktop/Shreehan_Kate_HW1/install/force_sum_interface/share/colcon-core/packages/force_sum_interface)
[2.005s] INFO:colcon.colcon_ros.task.ament_python.build:Building ROS package in '/home/shreehank1906/Desktop/Shreehan_Kate_HW1/src/force_sum_py' with build type 'ament_python'
[2.006s] Level 1:colcon.colcon_core.shell:create_environment_hook('force_sum_py', 'ament_prefix_path')
[2.006s] INFO:colcon.colcon_core.shell:Creating environment hook '/home/shreehank1906/Desktop/Shreehan_Kate_HW1/install/force_sum_py/share/force_sum_py/hook/ament_prefix_path.ps1'
[2.008s] INFO:colcon.colcon_core.shell:Creating environment descriptor '/home/shreehank1906/Desktop/Shreehan_Kate_HW1/install/force_sum_py/share/force_sum_py/hook/ament_prefix_path.dsv'
[2.009s] INFO:colcon.colcon_core.shell:Creating environment hook '/home/shreehank1906/Desktop/Shreehan_Kate_HW1/install/force_sum_py/share/force_sum_py/hook/ament_prefix_path.sh'
[2.010s] INFO:colcon.colcon_core.shell:Skip shell extension 'powershell' for command environment: Not usable outside of PowerShell
[2.010s] DEBUG:colcon.colcon_core.shell:Skip shell extension 'dsv' for command environment
[2.442s] INFO:colcon.colcon_core.task.python.build:Building Python package in '/home/shreehank1906/Desktop/Shreehan_Kate_HW1/src/force_sum_py'
[2.443s] INFO:colcon.colcon_core.shell:Skip shell extension 'powershell' for command environment: Not usable outside of PowerShell
[2.443s] DEBUG:colcon.colcon_core.shell:Skip shell extension 'dsv' for command environment
[3.648s] DEBUG:colcon.colcon_core.task.python.build:Available setuptools commands: update_catalog, build_scripts, compile_catalog, alias, build_ext, install_egg_info, init_catalog, build_py, bdist_egg, upload, editable_wheel, upload_docs, build, check, extract_messages, easy_install, dist_info, register, clean, egg_info, bdist_dumb, install_scripts, setopt, build_clib, symlink_data, install, saveopts, test, bdist_rpm, bdist, install_data, rotate, develop, install_headers, sdist, install_lib, bdist_wheel
[3.652s] DEBUG:colcon.colcon_core.event_handler.log_command:Invoking command in '/home/shreehank1906/Desktop/Shreehan_Kate_HW1/src/force_sum_py': AMENT_PREFIX_PATH=/home/shreehank1906/Desktop/Shreehan_Kate_HW1/install/force_sum_interface CMAKE_PREFIX_PATH=/home/shreehank1906/Desktop/Shreehan_Kate_HW1/install/force_sum_interface DEBUGINFOD_URLS=https://debuginfod.ubuntu.com LD_LIBRARY_PATH=/home/shreehank1906/Desktop/Shreehan_Kate_HW1/install/force_sum_interface/lib PYTHONPATH=/home/shreehank1906/Desktop/Shreehan_Kate_HW1/build/force_sum_py/prefix_override:/usr/lib/python3/dist-packages/colcon_core/task/python/colcon_distutils_commands:/home/shreehank1906/Desktop/Shreehan_Kate_HW1/install/force_sum_py/lib/python3.12/site-packages:/home/shreehank1906/Desktop/Shreehan_Kate_HW1/install/force_sum_interface/lib/python3.12/site-packages /usr/bin/python3 -W ignore:setup.py install is deprecated -W ignore:easy_install command is deprecated setup.py egg_info --egg-base ../../build/force_sum_py build --build-base /home/shreehank1906/Desktop/Shreehan_Kate_HW1/build/force_sum_py/build install --record /home/shreehank1906/Desktop/Shreehan_Kate_HW1/build/force_sum_py/install.log --install-scripts $base/lib/force_sum_py --single-version-externally-managed install_data
[4.568s] Level 1:colcon.colcon_core.environment:checking '/home/shreehank1906/Desktop/Shreehan_Kate_HW1/install/force_sum_py' for CMake module files
[4.569s] DEBUG:colcon.colcon_core.event_handler.log_command:Invoked command in '/home/shreehank1906/Desktop/Shreehan_Kate_HW1/src/force_sum_py' returned '0': AMENT_PREFIX_PATH=/home/shreehank1906/Desktop/Shreehan_Kate_HW1/install/force_sum_interface CMAKE_PREFIX_PATH=/home/shreehank1906/Desktop/Shreehan_Kate_HW1/install/force_sum_interface DEBUGINFOD_URLS=https://debuginfod.ubuntu.com LD_LIBRARY_PATH=/home/shreehank1906/Desktop/Shreehan_Kate_HW1/install/force_sum_interface/lib PYTHONPATH=/home/shreehank1906/Desktop/Shreehan_Kate_HW1/build/force_sum_py/prefix_override:/usr/lib/python3/dist-packages/colcon_core/task/python/colcon_distutils_commands:/home/shreehank1906/Desktop/Shreehan_Kate_HW1/install/force_sum_py/lib/python3.12/site-packages:/home/shreehank1906/Desktop/Shreehan_Kate_HW1/install/force_sum_interface/lib/python3.12/site-packages /usr/bin/python3 -W ignore:setup.py install is deprecated -W ignore:easy_install command is deprecated setup.py egg_info --egg-base ../../build/force_sum_py build --build-base /home/shreehank1906/Desktop/Shreehan_Kate_HW1/build/force_sum_py/build install --record /home/shreehank1906/Desktop/Shreehan_Kate_HW1/build/force_sum_py/install.log --install-scripts $base/lib/force_sum_py --single-version-externally-managed install_data
[4.570s] Level 1:colcon.colcon_core.environment:checking '/home/shreehank1906/Desktop/Shreehan_Kate_HW1/install/force_sum_py' for CMake config files
[4.572s] Level 1:colcon.colcon_core.environment:checking '/home/shreehank1906/Desktop/Shreehan_Kate_HW1/install/force_sum_py/lib'
[4.572s] Level 1:colcon.colcon_core.environment:checking '/home/shreehank1906/Desktop/Shreehan_Kate_HW1/install/force_sum_py/bin'
[4.572s] Level 1:colcon.colcon_core.environment:checking '/home/shreehank1906/Desktop/Shreehan_Kate_HW1/install/force_sum_py/lib/pkgconfig/force_sum_py.pc'
[4.573s] Level 1:colcon.colcon_core.environment:checking '/home/shreehank1906/Desktop/Shreehan_Kate_HW1/install/force_sum_py/lib/python3.12/site-packages'
[4.573s] Level 1:colcon.colcon_core.shell:create_environment_hook('force_sum_py', 'pythonpath')
[4.573s] INFO:colcon.colcon_core.shell:Creating environment hook '/home/shreehank1906/Desktop/Shreehan_Kate_HW1/install/force_sum_py/share/force_sum_py/hook/pythonpath.ps1'
[4.574s] INFO:colcon.colcon_core.shell:Creating environment descriptor '/home/shreehank1906/Desktop/Shreehan_Kate_HW1/install/force_sum_py/share/force_sum_py/hook/pythonpath.dsv'
[4.575s] INFO:colcon.colcon_core.shell:Creating environment hook '/home/shreehank1906/Desktop/Shreehan_Kate_HW1/install/force_sum_py/share/force_sum_py/hook/pythonpath.sh'
[4.577s] Level 1:colcon.colcon_core.environment:checking '/home/shreehank1906/Desktop/Shreehan_Kate_HW1/install/force_sum_py/bin'
[4.577s] Level 1:colcon.colcon_core.environment:create_environment_scripts_only(force_sum_py)
[4.577s] INFO:colcon.colcon_core.shell:Creating package script '/home/shreehank1906/Desktop/Shreehan_Kate_HW1/install/force_sum_py/share/force_sum_py/package.ps1'
[4.578s] INFO:colcon.colcon_core.shell:Creating package descriptor '/home/shreehank1906/Desktop/Shreehan_Kate_HW1/install/force_sum_py/share/force_sum_py/package.dsv'
[4.579s] INFO:colcon.colcon_core.shell:Creating package script '/home/shreehank1906/Desktop/Shreehan_Kate_HW1/install/force_sum_py/share/force_sum_py/package.sh'
[4.580s] INFO:colcon.colcon_core.shell:Creating package script '/home/shreehank1906/Desktop/Shreehan_Kate_HW1/install/force_sum_py/share/force_sum_py/package.bash'
[4.581s] INFO:colcon.colcon_core.shell:Creating package script '/home/shreehank1906/Desktop/Shreehan_Kate_HW1/install/force_sum_py/share/force_sum_py/package.zsh'
[4.582s] Level 1:colcon.colcon_core.environment:create_file_with_runtime_dependencies(/home/shreehank1906/Desktop/Shreehan_Kate_HW1/install/force_sum_py/share/colcon-core/packages/force_sum_py)
[4.582s] DEBUG:colcon.colcon_parallel_executor.executor.parallel:closing loop
[4.583s] DEBUG:colcon.colcon_parallel_executor.executor.parallel:loop closed
[4.583s] DEBUG:colcon.colcon_parallel_executor.executor.parallel:run_until_complete finished with '0'
[4.583s] DEBUG:colcon.colcon_core.event_reactor:joining thread
[4.600s] INFO:colcon.colcon_core.plugin_system:Skipping extension 'colcon_notification.desktop_notification.terminal_notifier': Not used on non-Darwin systems
[4.600s] INFO:colcon.colcon_core.plugin_system:Skipping extension 'colcon_notification.desktop_notification.win32': Not used on non-Windows systems
[4.600s] INFO:colcon.colcon_notification.desktop_notification:Sending desktop notification using 'notify2'
[4.642s] DEBUG:colcon.colcon_core.event_reactor:joined thread
[4.643s] INFO:colcon.colcon_core.shell:Creating prefix script '/home/shreehank1906/Desktop/Shreehan_Kate_HW1/install/local_setup.ps1'
[4.645s] INFO:colcon.colcon_core.shell:Creating prefix util module '/home/shreehank1906/Desktop/Shreehan_Kate_HW1/install/_local_setup_util_ps1.py'
[4.647s] INFO:colcon.colcon_core.shell:Creating prefix chain script '/home/shreehank1906/Desktop/Shreehan_Kate_HW1/install/setup.ps1'
[4.649s] INFO:colcon.colcon_core.shell:Creating prefix script '/home/shreehank1906/Desktop/Shreehan_Kate_HW1/install/local_setup.sh'
[4.651s] INFO:colcon.colcon_core.shell:Creating prefix util module '/home/shreehank1906/Desktop/Shreehan_Kate_HW1/install/_local_setup_util_sh.py'
[4.652s] INFO:colcon.colcon_core.shell:Creating prefix chain script '/home/shreehank1906/Desktop/Shreehan_Kate_HW1/install/setup.sh'
[4.654s] INFO:colcon.colcon_core.shell:Creating prefix script '/home/shreehank1906/Desktop/Shreehan_Kate_HW1/install/local_setup.bash'
[4.656s] INFO:colcon.colcon_core.shell:Creating prefix chain script '/home/shreehank1906/Desktop/Shreehan_Kate_HW1/install/setup.bash'
[4.657s] INFO:colcon.colcon_core.shell:Creating prefix script '/home/shreehank1906/Desktop/Shreehan_Kate_HW1/install/local_setup.zsh'
[4.659s] INFO:colcon.colcon_core.shell:Creating prefix chain script '/home/shreehank1906/Desktop/Shreehan_Kate_HW1/install/setup.zsh'
