[0.022s] Invoking command in '/home/shreehank1906/Desktop/Shreehan_Kate_HW1/build/force_sum_interface': CMAKE_PREFIX_PATH=${CMAKE_PREFIX_PATH}:/opt/ros/jazzy:/home/shreehank1906/Desktop/Shreehan_Kate_HW1/install/force_sum_py DEBUGINFOD_URLS=https://debuginfod.ubuntu.com /usr/bin/cmake --build /home/shreehank1906/Desktop/Shreehan_Kate_HW1/build/force_sum_interface -- -j16 -l16
[0.119s] [  2%] Built target force_sum_interface__rs
[0.119s] [  5%] Built target force_sum_interface__rosidl_generator_type_description
[0.139s] [  5%] Built target ament_cmake_python_copy_force_sum_interface
[0.159s] [  8%] Built target force_sum_interface__cpp
[0.161s] [ 22%] Built target force_sum_interface__rosidl_generator_c
[0.206s] [ 31%] Built target force_sum_interface__rosidl_typesupport_introspection_c
[0.207s] [ 40%] Built target force_sum_interface__rosidl_typesupport_fastrtps_cpp
[0.208s] [ 57%] Built target force_sum_interface__rosidl_typesupport_c
[0.209s] [ 57%] Built target force_sum_interface__rosidl_typesupport_cpp
[0.210s] [ 65%] Built target force_sum_interface__rosidl_typesupport_introspection_cpp
[0.214s] [ 74%] Built target force_sum_interface__rosidl_typesupport_fastrtps_c
[0.250s] [ 74%] Built target force_sum_interface
[0.284s] [ 77%] Built target force_sum_interface__py
[0.327s] [ 82%] Built target force_sum_interface__rosidl_generator_py
[0.365s] [ 94%] Built target force_sum_interface_s__rosidl_typesupport_c
[0.365s] [ 94%] Built target force_sum_interface_s__rosidl_typesupport_introspection_c
[0.367s] [100%] Built target force_sum_interface_s__rosidl_typesupport_fastrtps_c
[0.542s] running egg_info
[0.575s] writing force_sum_interface.egg-info/PKG-INFO
[0.575s] writing dependency_links to force_sum_interface.egg-info/dependency_links.txt
[0.576s] writing top-level names to force_sum_interface.egg-info/top_level.txt
[0.677s] reading manifest file 'force_sum_interface.egg-info/SOURCES.txt'
[0.678s] writing manifest file 'force_sum_interface.egg-info/SOURCES.txt'
[0.730s] [100%] Built target ament_cmake_python_build_force_sum_interface_egg
[0.751s] Invoked command in '/home/shreehank1906/Desktop/Shreehan_Kate_HW1/build/force_sum_interface' returned '0': CMAKE_PREFIX_PATH=${CMAKE_PREFIX_PATH}:/opt/ros/jazzy:/home/shreehank1906/Desktop/Shreehan_Kate_HW1/install/force_sum_py DEBUGINFOD_URLS=https://debuginfod.ubuntu.com /usr/bin/cmake --build /home/shreehank1906/Desktop/Shreehan_Kate_HW1/build/force_sum_interface -- -j16 -l16
[0.770s] Invoking command in '/home/shreehank1906/Desktop/Shreehan_Kate_HW1/build/force_sum_interface': CMAKE_PREFIX_PATH=${CMAKE_PREFIX_PATH}:/opt/ros/jazzy:/home/shreehank1906/Desktop/Shreehan_Kate_HW1/install/force_sum_py DEBUGINFOD_URLS=https://debuginfod.ubuntu.com /usr/bin/cmake --install /home/shreehank1906/Desktop/Shreehan_Kate_HW1/build/force_sum_interface
[0.785s] -- Install configuration: ""
[0.786s] -- Up-to-date: /home/shreehank1906/Desktop/Shreehan_Kate_HW1/install/force_sum_interface/share/ament_index/resource_index/rosidl_interfaces/force_sum_interface
[0.786s] -- Up-to-date: /home/shreehank1906/Desktop/Shreehan_Kate_HW1/install/force_sum_interface/share/force_sum_interface/srv/ForceSum.json
[0.786s] -- Up-to-date: /home/shreehank1906/Desktop/Shreehan_Kate_HW1/install/force_sum_interface/include/force_sum_interface/force_sum_interface
[0.786s] -- Up-to-date: /home/shreehank1906/Desktop/Shreehan_Kate_HW1/install/force_sum_interface/include/force_sum_interface/force_sum_interface/msg
[0.786s] -- Up-to-date: /home/shreehank1906/Desktop/Shreehan_Kate_HW1/install/force_sum_interface/include/force_sum_interface/force_sum_interface/msg/rosidl_generator_c__visibility_control.h
[0.786s] -- Up-to-date: /home/shreehank1906/Desktop/Shreehan_Kate_HW1/install/force_sum_interface/include/force_sum_interface/force_sum_interface/srv
[0.786s] -- Up-to-date: /home/shreehank1906/Desktop/Shreehan_Kate_HW1/install/force_sum_interface/include/force_sum_interface/force_sum_interface/srv/detail
[0.787s] -- Up-to-date: /home/shreehank1906/Desktop/Shreehan_Kate_HW1/install/force_sum_interface/include/force_sum_interface/force_sum_interface/srv/detail/force_sum__struct.h
[0.787s] -- Up-to-date: /home/shreehank1906/Desktop/Shreehan_Kate_HW1/install/force_sum_interface/include/force_sum_interface/force_sum_interface/srv/detail/force_sum__type_support.h
[0.787s] -- Up-to-date: /home/shreehank1906/Desktop/Shreehan_Kate_HW1/install/force_sum_interface/include/force_sum_interface/force_sum_interface/srv/detail/force_sum__type_support.c
[0.787s] -- Up-to-date: /home/shreehank1906/Desktop/Shreehan_Kate_HW1/install/force_sum_interface/include/force_sum_interface/force_sum_interface/srv/detail/force_sum__description.c
[0.787s] -- Up-to-date: /home/shreehank1906/Desktop/Shreehan_Kate_HW1/install/force_sum_interface/include/force_sum_interface/force_sum_interface/srv/detail/force_sum__functions.c
[0.787s] -- Up-to-date: /home/shreehank1906/Desktop/Shreehan_Kate_HW1/install/force_sum_interface/include/force_sum_interface/force_sum_interface/srv/detail/force_sum__functions.h
[0.787s] -- Up-to-date: /home/shreehank1906/Desktop/Shreehan_Kate_HW1/install/force_sum_interface/include/force_sum_interface/force_sum_interface/srv/force_sum.h
[0.787s] -- Up-to-date: /home/shreehank1906/Desktop/Shreehan_Kate_HW1/install/force_sum_interface/share/force_sum_interface/environment/library_path.sh
[0.787s] -- Up-to-date: /home/shreehank1906/Desktop/Shreehan_Kate_HW1/install/force_sum_interface/share/force_sum_interface/environment/library_path.dsv
[0.788s] -- Up-to-date: /home/shreehank1906/Desktop/Shreehan_Kate_HW1/install/force_sum_interface/lib/libforce_sum_interface__rosidl_generator_c.so
[0.789s] -- Up-to-date: /home/shreehank1906/Desktop/Shreehan_Kate_HW1/install/force_sum_interface/include/force_sum_interface/force_sum_interface
[0.789s] -- Up-to-date: /home/shreehank1906/Desktop/Shreehan_Kate_HW1/install/force_sum_interface/include/force_sum_interface/force_sum_interface/msg
[0.789s] -- Up-to-date: /home/shreehank1906/Desktop/Shreehan_Kate_HW1/install/force_sum_interface/include/force_sum_interface/force_sum_interface/msg/rosidl_typesupport_fastrtps_c__visibility_control.h
[0.789s] -- Up-to-date: /home/shreehank1906/Desktop/Shreehan_Kate_HW1/install/force_sum_interface/include/force_sum_interface/force_sum_interface/srv
[0.789s] -- Up-to-date: /home/shreehank1906/Desktop/Shreehan_Kate_HW1/install/force_sum_interface/include/force_sum_interface/force_sum_interface/srv/detail
[0.790s] -- Up-to-date: /home/shreehank1906/Desktop/Shreehan_Kate_HW1/install/force_sum_interface/include/force_sum_interface/force_sum_interface/srv/detail/force_sum__rosidl_typesupport_fastrtps_c.h
[0.790s] -- Up-to-date: /home/shreehank1906/Desktop/Shreehan_Kate_HW1/install/force_sum_interface/lib/libforce_sum_interface__rosidl_typesupport_fastrtps_c.so
[0.791s] -- Up-to-date: /home/shreehank1906/Desktop/Shreehan_Kate_HW1/install/force_sum_interface/include/force_sum_interface/force_sum_interface
[0.791s] -- Up-to-date: /home/shreehank1906/Desktop/Shreehan_Kate_HW1/install/force_sum_interface/include/force_sum_interface/force_sum_interface/msg
[0.791s] -- Up-to-date: /home/shreehank1906/Desktop/Shreehan_Kate_HW1/install/force_sum_interface/include/force_sum_interface/force_sum_interface/msg/rosidl_typesupport_introspection_c__visibility_control.h
[0.791s] -- Up-to-date: /home/shreehank1906/Desktop/Shreehan_Kate_HW1/install/force_sum_interface/include/force_sum_interface/force_sum_interface/srv
[0.791s] -- Up-to-date: /home/shreehank1906/Desktop/Shreehan_Kate_HW1/install/force_sum_interface/include/force_sum_interface/force_sum_interface/srv/detail
[0.791s] -- Up-to-date: /home/shreehank1906/Desktop/Shreehan_Kate_HW1/install/force_sum_interface/include/force_sum_interface/force_sum_interface/srv/detail/force_sum__type_support.c
[0.791s] -- Up-to-date: /home/shreehank1906/Desktop/Shreehan_Kate_HW1/install/force_sum_interface/include/force_sum_interface/force_sum_interface/srv/detail/force_sum__rosidl_typesupport_introspection_c.h
[0.792s] -- Up-to-date: /home/shreehank1906/Desktop/Shreehan_Kate_HW1/install/force_sum_interface/lib/libforce_sum_interface__rosidl_typesupport_introspection_c.so
[0.793s] -- Up-to-date: /home/shreehank1906/Desktop/Shreehan_Kate_HW1/install/force_sum_interface/lib/libforce_sum_interface__rosidl_typesupport_c.so
[0.793s] -- Up-to-date: /home/shreehank1906/Desktop/Shreehan_Kate_HW1/install/force_sum_interface/include/force_sum_interface/force_sum_interface
[0.793s] -- Up-to-date: /home/shreehank1906/Desktop/Shreehan_Kate_HW1/install/force_sum_interface/include/force_sum_interface/force_sum_interface/msg
[0.794s] -- Up-to-date: /home/shreehank1906/Desktop/Shreehan_Kate_HW1/install/force_sum_interface/include/force_sum_interface/force_sum_interface/msg/rosidl_generator_cpp__visibility_control.hpp
[0.794s] -- Up-to-date: /home/shreehank1906/Desktop/Shreehan_Kate_HW1/install/force_sum_interface/include/force_sum_interface/force_sum_interface/srv
[0.794s] -- Up-to-date: /home/shreehank1906/Desktop/Shreehan_Kate_HW1/install/force_sum_interface/include/force_sum_interface/force_sum_interface/srv/detail
[0.794s] -- Up-to-date: /home/shreehank1906/Desktop/Shreehan_Kate_HW1/install/force_sum_interface/include/force_sum_interface/force_sum_interface/srv/detail/force_sum__traits.hpp
[0.794s] -- Up-to-date: /home/shreehank1906/Desktop/Shreehan_Kate_HW1/install/force_sum_interface/include/force_sum_interface/force_sum_interface/srv/detail/force_sum__builder.hpp
[0.794s] -- Up-to-date: /home/shreehank1906/Desktop/Shreehan_Kate_HW1/install/force_sum_interface/include/force_sum_interface/force_sum_interface/srv/detail/force_sum__struct.hpp
[0.794s] -- Up-to-date: /home/shreehank1906/Desktop/Shreehan_Kate_HW1/install/force_sum_interface/include/force_sum_interface/force_sum_interface/srv/detail/force_sum__type_support.hpp
[0.795s] -- Up-to-date: /home/shreehank1906/Desktop/Shreehan_Kate_HW1/install/force_sum_interface/include/force_sum_interface/force_sum_interface/srv/force_sum.hpp
[0.795s] -- Up-to-date: /home/shreehank1906/Desktop/Shreehan_Kate_HW1/install/force_sum_interface/include/force_sum_interface/force_sum_interface
[0.795s] -- Up-to-date: /home/shreehank1906/Desktop/Shreehan_Kate_HW1/install/force_sum_interface/include/force_sum_interface/force_sum_interface/msg
[0.795s] -- Up-to-date: /home/shreehank1906/Desktop/Shreehan_Kate_HW1/install/force_sum_interface/include/force_sum_interface/force_sum_interface/msg/rosidl_typesupport_fastrtps_cpp__visibility_control.h
[0.795s] -- Up-to-date: /home/shreehank1906/Desktop/Shreehan_Kate_HW1/install/force_sum_interface/include/force_sum_interface/force_sum_interface/srv
[0.795s] -- Up-to-date: /home/shreehank1906/Desktop/Shreehan_Kate_HW1/install/force_sum_interface/include/force_sum_interface/force_sum_interface/srv/detail
[0.795s] -- Up-to-date: /home/shreehank1906/Desktop/Shreehan_Kate_HW1/install/force_sum_interface/include/force_sum_interface/force_sum_interface/srv/detail/dds_fastrtps
[0.795s] -- Up-to-date: /home/shreehank1906/Desktop/Shreehan_Kate_HW1/install/force_sum_interface/include/force_sum_interface/force_sum_interface/srv/detail/force_sum__rosidl_typesupport_fastrtps_cpp.hpp
[0.796s] -- Up-to-date: /home/shreehank1906/Desktop/Shreehan_Kate_HW1/install/force_sum_interface/lib/libforce_sum_interface__rosidl_typesupport_fastrtps_cpp.so
[0.796s] -- Up-to-date: /home/shreehank1906/Desktop/Shreehan_Kate_HW1/install/force_sum_interface/include/force_sum_interface/force_sum_interface
[0.796s] -- Up-to-date: /home/shreehank1906/Desktop/Shreehan_Kate_HW1/install/force_sum_interface/include/force_sum_interface/force_sum_interface/srv
[0.796s] -- Up-to-date: /home/shreehank1906/Desktop/Shreehan_Kate_HW1/install/force_sum_interface/include/force_sum_interface/force_sum_interface/srv/detail
[0.797s] -- Up-to-date: /home/shreehank1906/Desktop/Shreehan_Kate_HW1/install/force_sum_interface/include/force_sum_interface/force_sum_interface/srv/detail/force_sum__rosidl_typesupport_introspection_cpp.hpp
[0.797s] -- Up-to-date: /home/shreehank1906/Desktop/Shreehan_Kate_HW1/install/force_sum_interface/include/force_sum_interface/force_sum_interface/srv/detail/force_sum__type_support.cpp
[0.797s] -- Up-to-date: /home/shreehank1906/Desktop/Shreehan_Kate_HW1/install/force_sum_interface/lib/libforce_sum_interface__rosidl_typesupport_introspection_cpp.so
[0.798s] -- Up-to-date: /home/shreehank1906/Desktop/Shreehan_Kate_HW1/install/force_sum_interface/lib/libforce_sum_interface__rosidl_typesupport_cpp.so
[0.799s] -- Up-to-date: /home/shreehank1906/Desktop/Shreehan_Kate_HW1/install/force_sum_interface/share/force_sum_interface/environment/pythonpath.sh
[0.799s] -- Up-to-date: /home/shreehank1906/Desktop/Shreehan_Kate_HW1/install/force_sum_interface/share/force_sum_interface/environment/pythonpath.dsv
[0.799s] -- Up-to-date: /home/shreehank1906/Desktop/Shreehan_Kate_HW1/install/force_sum_interface/lib/python3.12/site-packages/force_sum_interface-0.0.0-py3.12.egg-info
[0.799s] -- Installing: /home/shreehank1906/Desktop/Shreehan_Kate_HW1/install/force_sum_interface/lib/python3.12/site-packages/force_sum_interface-0.0.0-py3.12.egg-info/SOURCES.txt
[0.800s] -- Installing: /home/shreehank1906/Desktop/Shreehan_Kate_HW1/install/force_sum_interface/lib/python3.12/site-packages/force_sum_interface-0.0.0-py3.12.egg-info/top_level.txt
[0.800s] -- Installing: /home/shreehank1906/Desktop/Shreehan_Kate_HW1/install/force_sum_interface/lib/python3.12/site-packages/force_sum_interface-0.0.0-py3.12.egg-info/dependency_links.txt
[0.801s] -- Installing: /home/shreehank1906/Desktop/Shreehan_Kate_HW1/install/force_sum_interface/lib/python3.12/site-packages/force_sum_interface-0.0.0-py3.12.egg-info/PKG-INFO
[0.802s] -- Up-to-date: /home/shreehank1906/Desktop/Shreehan_Kate_HW1/install/force_sum_interface/lib/python3.12/site-packages/force_sum_interface
[0.802s] -- Up-to-date: /home/shreehank1906/Desktop/Shreehan_Kate_HW1/install/force_sum_interface/lib/python3.12/site-packages/force_sum_interface/force_sum_interface_s__rosidl_typesupport_fastrtps_c.so
[0.802s] -- Up-to-date: /home/shreehank1906/Desktop/Shreehan_Kate_HW1/install/force_sum_interface/lib/python3.12/site-packages/force_sum_interface/force_sum_interface_s__rosidl_typesupport_introspection_c.so
[0.802s] -- Up-to-date: /home/shreehank1906/Desktop/Shreehan_Kate_HW1/install/force_sum_interface/lib/python3.12/site-packages/force_sum_interface/_force_sum_interface_s.ep.rosidl_typesupport_introspection_c.c
[0.803s] -- Up-to-date: /home/shreehank1906/Desktop/Shreehan_Kate_HW1/install/force_sum_interface/lib/python3.12/site-packages/force_sum_interface/_force_sum_interface_s.ep.rosidl_typesupport_c.c
[0.803s] -- Up-to-date: /home/shreehank1906/Desktop/Shreehan_Kate_HW1/install/force_sum_interface/lib/python3.12/site-packages/force_sum_interface/force_sum_interface_s__rosidl_typesupport_c.so
[0.803s] -- Up-to-date: /home/shreehank1906/Desktop/Shreehan_Kate_HW1/install/force_sum_interface/lib/python3.12/site-packages/force_sum_interface/__init__.py
[0.803s] -- Up-to-date: /home/shreehank1906/Desktop/Shreehan_Kate_HW1/install/force_sum_interface/lib/python3.12/site-packages/force_sum_interface/_force_sum_interface_s.ep.rosidl_typesupport_fastrtps_c.c
[0.803s] -- Up-to-date: /home/shreehank1906/Desktop/Shreehan_Kate_HW1/install/force_sum_interface/lib/python3.12/site-packages/force_sum_interface/srv
[0.803s] -- Up-to-date: /home/shreehank1906/Desktop/Shreehan_Kate_HW1/install/force_sum_interface/lib/python3.12/site-packages/force_sum_interface/srv/_force_sum_s.c
[0.803s] -- Up-to-date: /home/shreehank1906/Desktop/Shreehan_Kate_HW1/install/force_sum_interface/lib/python3.12/site-packages/force_sum_interface/srv/_force_sum.py
[0.803s] -- Up-to-date: /home/shreehank1906/Desktop/Shreehan_Kate_HW1/install/force_sum_interface/lib/python3.12/site-packages/force_sum_interface/srv/__init__.py
[0.864s] Listing '/home/shreehank1906/Desktop/Shreehan_Kate_HW1/install/force_sum_interface/lib/python3.12/site-packages/force_sum_interface'...
[0.865s] Listing '/home/shreehank1906/Desktop/Shreehan_Kate_HW1/install/force_sum_interface/lib/python3.12/site-packages/force_sum_interface/srv'...
[0.874s] -- Up-to-date: /home/shreehank1906/Desktop/Shreehan_Kate_HW1/install/force_sum_interface/lib/python3.12/site-packages/force_sum_interface/force_sum_interface_s__rosidl_typesupport_fastrtps_c.so
[0.875s] -- Up-to-date: /home/shreehank1906/Desktop/Shreehan_Kate_HW1/install/force_sum_interface/lib/python3.12/site-packages/force_sum_interface/force_sum_interface_s__rosidl_typesupport_introspection_c.so
[0.875s] -- Up-to-date: /home/shreehank1906/Desktop/Shreehan_Kate_HW1/install/force_sum_interface/lib/python3.12/site-packages/force_sum_interface/force_sum_interface_s__rosidl_typesupport_c.so
[0.876s] -- Up-to-date: /home/shreehank1906/Desktop/Shreehan_Kate_HW1/install/force_sum_interface/lib/libforce_sum_interface__rosidl_generator_py.so
[0.876s] -- Up-to-date: /home/shreehank1906/Desktop/Shreehan_Kate_HW1/install/force_sum_interface/share/ament_index/resource_index/rust_packages/force_sum_interface
[0.877s] -- Up-to-date: /home/shreehank1906/Desktop/Shreehan_Kate_HW1/install/force_sum_interface/share/force_sum_interface/rust
[0.877s] -- Up-to-date: /home/shreehank1906/Desktop/Shreehan_Kate_HW1/install/force_sum_interface/share/force_sum_interface/rust/build.rs
[0.877s] -- Up-to-date: /home/shreehank1906/Desktop/Shreehan_Kate_HW1/install/force_sum_interface/share/force_sum_interface/rust/src
[0.878s] -- Up-to-date: /home/shreehank1906/Desktop/Shreehan_Kate_HW1/install/force_sum_interface/share/force_sum_interface/rust/src/lib.rs
[0.878s] -- Up-to-date: /home/shreehank1906/Desktop/Shreehan_Kate_HW1/install/force_sum_interface/share/force_sum_interface/rust/src/srv.rs
[0.878s] -- Up-to-date: /home/shreehank1906/Desktop/Shreehan_Kate_HW1/install/force_sum_interface/share/force_sum_interface/rust/src/srv
[0.878s] -- Up-to-date: /home/shreehank1906/Desktop/Shreehan_Kate_HW1/install/force_sum_interface/share/force_sum_interface/rust/src/srv/rmw.rs
[0.878s] -- Up-to-date: /home/shreehank1906/Desktop/Shreehan_Kate_HW1/install/force_sum_interface/share/force_sum_interface/rust/Cargo.toml
[0.878s] -- Up-to-date: /home/shreehank1906/Desktop/Shreehan_Kate_HW1/install/force_sum_interface/share/force_sum_interface/srv/ForceSum.idl
[0.879s] -- Up-to-date: /home/shreehank1906/Desktop/Shreehan_Kate_HW1/install/force_sum_interface/share/force_sum_interface/srv/ForceSum.srv
[0.879s] -- Up-to-date: /home/shreehank1906/Desktop/Shreehan_Kate_HW1/install/force_sum_interface/share/ament_index/resource_index/package_run_dependencies/force_sum_interface
[0.879s] -- Up-to-date: /home/shreehank1906/Desktop/Shreehan_Kate_HW1/install/force_sum_interface/share/ament_index/resource_index/parent_prefix_path/force_sum_interface
[0.879s] -- Up-to-date: /home/shreehank1906/Desktop/Shreehan_Kate_HW1/install/force_sum_interface/share/force_sum_interface/environment/ament_prefix_path.sh
[0.879s] -- Up-to-date: /home/shreehank1906/Desktop/Shreehan_Kate_HW1/install/force_sum_interface/share/force_sum_interface/environment/ament_prefix_path.dsv
[0.880s] -- Up-to-date: /home/shreehank1906/Desktop/Shreehan_Kate_HW1/install/force_sum_interface/share/force_sum_interface/environment/path.sh
[0.880s] -- Up-to-date: /home/shreehank1906/Desktop/Shreehan_Kate_HW1/install/force_sum_interface/share/force_sum_interface/environment/path.dsv
[0.880s] -- Up-to-date: /home/shreehank1906/Desktop/Shreehan_Kate_HW1/install/force_sum_interface/share/force_sum_interface/local_setup.bash
[0.880s] -- Up-to-date: /home/shreehank1906/Desktop/Shreehan_Kate_HW1/install/force_sum_interface/share/force_sum_interface/local_setup.sh
[0.880s] -- Up-to-date: /home/shreehank1906/Desktop/Shreehan_Kate_HW1/install/force_sum_interface/share/force_sum_interface/local_setup.zsh
[0.880s] -- Up-to-date: /home/shreehank1906/Desktop/Shreehan_Kate_HW1/install/force_sum_interface/share/force_sum_interface/local_setup.dsv
[0.880s] -- Installing: /home/shreehank1906/Desktop/Shreehan_Kate_HW1/install/force_sum_interface/share/force_sum_interface/package.dsv
[0.881s] -- Up-to-date: /home/shreehank1906/Desktop/Shreehan_Kate_HW1/install/force_sum_interface/share/ament_index/resource_index/packages/force_sum_interface
[0.881s] -- Up-to-date: /home/shreehank1906/Desktop/Shreehan_Kate_HW1/install/force_sum_interface/share/force_sum_interface/cmake/export_force_sum_interface__rosidl_generator_cExport.cmake
[0.881s] -- Up-to-date: /home/shreehank1906/Desktop/Shreehan_Kate_HW1/install/force_sum_interface/share/force_sum_interface/cmake/export_force_sum_interface__rosidl_generator_cExport-noconfig.cmake
[0.881s] -- Up-to-date: /home/shreehank1906/Desktop/Shreehan_Kate_HW1/install/force_sum_interface/share/force_sum_interface/cmake/export_force_sum_interface__rosidl_typesupport_fastrtps_cExport.cmake
[0.881s] -- Up-to-date: /home/shreehank1906/Desktop/Shreehan_Kate_HW1/install/force_sum_interface/share/force_sum_interface/cmake/export_force_sum_interface__rosidl_typesupport_fastrtps_cExport-noconfig.cmake
[0.881s] -- Up-to-date: /home/shreehank1906/Desktop/Shreehan_Kate_HW1/install/force_sum_interface/share/force_sum_interface/cmake/force_sum_interface__rosidl_typesupport_introspection_cExport.cmake
[0.881s] -- Up-to-date: /home/shreehank1906/Desktop/Shreehan_Kate_HW1/install/force_sum_interface/share/force_sum_interface/cmake/force_sum_interface__rosidl_typesupport_introspection_cExport-noconfig.cmake
[0.881s] -- Up-to-date: /home/shreehank1906/Desktop/Shreehan_Kate_HW1/install/force_sum_interface/share/force_sum_interface/cmake/force_sum_interface__rosidl_typesupport_cExport.cmake
[0.881s] -- Up-to-date: /home/shreehank1906/Desktop/Shreehan_Kate_HW1/install/force_sum_interface/share/force_sum_interface/cmake/force_sum_interface__rosidl_typesupport_cExport-noconfig.cmake
[0.881s] -- Up-to-date: /home/shreehank1906/Desktop/Shreehan_Kate_HW1/install/force_sum_interface/share/force_sum_interface/cmake/export_force_sum_interface__rosidl_generator_cppExport.cmake
[0.882s] -- Up-to-date: /home/shreehank1906/Desktop/Shreehan_Kate_HW1/install/force_sum_interface/share/force_sum_interface/cmake/export_force_sum_interface__rosidl_typesupport_fastrtps_cppExport.cmake
[0.882s] -- Up-to-date: /home/shreehank1906/Desktop/Shreehan_Kate_HW1/install/force_sum_interface/share/force_sum_interface/cmake/export_force_sum_interface__rosidl_typesupport_fastrtps_cppExport-noconfig.cmake
[0.882s] -- Up-to-date: /home/shreehank1906/Desktop/Shreehan_Kate_HW1/install/force_sum_interface/share/force_sum_interface/cmake/force_sum_interface__rosidl_typesupport_introspection_cppExport.cmake
[0.882s] -- Up-to-date: /home/shreehank1906/Desktop/Shreehan_Kate_HW1/install/force_sum_interface/share/force_sum_interface/cmake/force_sum_interface__rosidl_typesupport_introspection_cppExport-noconfig.cmake
[0.882s] -- Up-to-date: /home/shreehank1906/Desktop/Shreehan_Kate_HW1/install/force_sum_interface/share/force_sum_interface/cmake/force_sum_interface__rosidl_typesupport_cppExport.cmake
[0.882s] -- Up-to-date: /home/shreehank1906/Desktop/Shreehan_Kate_HW1/install/force_sum_interface/share/force_sum_interface/cmake/force_sum_interface__rosidl_typesupport_cppExport-noconfig.cmake
[0.882s] -- Up-to-date: /home/shreehank1906/Desktop/Shreehan_Kate_HW1/install/force_sum_interface/share/force_sum_interface/cmake/export_force_sum_interface__rosidl_generator_pyExport.cmake
[0.882s] -- Up-to-date: /home/shreehank1906/Desktop/Shreehan_Kate_HW1/install/force_sum_interface/share/force_sum_interface/cmake/export_force_sum_interface__rosidl_generator_pyExport-noconfig.cmake
[0.882s] -- Up-to-date: /home/shreehank1906/Desktop/Shreehan_Kate_HW1/install/force_sum_interface/share/force_sum_interface/cmake/rosidl_cmake-extras.cmake
[0.882s] -- Up-to-date: /home/shreehank1906/Desktop/Shreehan_Kate_HW1/install/force_sum_interface/share/force_sum_interface/cmake/ament_cmake_export_dependencies-extras.cmake
[0.883s] -- Up-to-date: /home/shreehank1906/Desktop/Shreehan_Kate_HW1/install/force_sum_interface/share/force_sum_interface/cmake/ament_cmake_export_include_directories-extras.cmake
[0.883s] -- Up-to-date: /home/shreehank1906/Desktop/Shreehan_Kate_HW1/install/force_sum_interface/share/force_sum_interface/cmake/ament_cmake_export_libraries-extras.cmake
[0.883s] -- Up-to-date: /home/shreehank1906/Desktop/Shreehan_Kate_HW1/install/force_sum_interface/share/force_sum_interface/cmake/ament_cmake_export_targets-extras.cmake
[0.883s] -- Up-to-date: /home/shreehank1906/Desktop/Shreehan_Kate_HW1/install/force_sum_interface/share/force_sum_interface/cmake/rosidl_cmake_export_typesupport_targets-extras.cmake
[0.883s] -- Up-to-date: /home/shreehank1906/Desktop/Shreehan_Kate_HW1/install/force_sum_interface/share/force_sum_interface/cmake/rosidl_cmake_export_typesupport_libraries-extras.cmake
[0.883s] -- Up-to-date: /home/shreehank1906/Desktop/Shreehan_Kate_HW1/install/force_sum_interface/share/force_sum_interface/cmake/rosidl_cmake_aggregate_target-extras.cmake
[0.883s] -- Up-to-date: /home/shreehank1906/Desktop/Shreehan_Kate_HW1/install/force_sum_interface/share/force_sum_interface/cmake/force_sum_interfaceConfig.cmake
[0.883s] -- Up-to-date: /home/shreehank1906/Desktop/Shreehan_Kate_HW1/install/force_sum_interface/share/force_sum_interface/cmake/force_sum_interfaceConfig-version.cmake
[0.884s] -- Up-to-date: /home/shreehank1906/Desktop/Shreehan_Kate_HW1/install/force_sum_interface/share/force_sum_interface/package.xml
[0.885s] Invoked command in '/home/shreehank1906/Desktop/Shreehan_Kate_HW1/build/force_sum_interface' returned '0': CMAKE_PREFIX_PATH=${CMAKE_PREFIX_PATH}:/opt/ros/jazzy:/home/shreehank1906/Desktop/Shreehan_Kate_HW1/install/force_sum_py DEBUGINFOD_URLS=https://debuginfod.ubuntu.com /usr/bin/cmake --install /home/shreehank1906/Desktop/Shreehan_Kate_HW1/build/force_sum_interface
