[0.034s] Invoking command in '/home/shreehank1906/Desktop/Shreehan_Kate_HW1/build/force_sum_interface': CMAKE_PREFIX_PATH=${CMAKE_PREFIX_PATH}:/opt/ros/jazzy DEBUGINFOD_URLS=https://debuginfod.ubuntu.com /usr/bin/cmake /home/shreehank1906/Desktop/Shreehan_Kate_HW1/src/force_sum_interface -DCMAKE_INSTALL_PREFIX=/home/shreehank1906/Desktop/Shreehan_Kate_HW1/install/force_sum_interface
[0.202s] -- The C compiler identification is GNU 13.3.0
[0.369s] -- The CXX compiler identification is GNU 13.3.0
[0.418s] -- Detecting C compiler ABI info
[0.631s] -- Detecting C compiler ABI info - done
[0.649s] -- Check for working C compiler: /usr/bin/cc - skipped
[0.651s] -- Detecting C compile features
[0.652s] -- Detecting C compile features - done
[0.678s] -- Detecting CXX compiler ABI info
[0.938s] -- Detecting CXX compiler ABI info - done
[0.959s] -- Check for working CXX compiler: /usr/bin/c++ - skipped
[0.960s] -- Detecting CXX compile features
[0.961s] -- Detecting CXX compile features - done
[0.979s] -- Found ament_cmake: 2.5.6 (/opt/ros/jazzy/share/ament_cmake/cmake)
[1.344s] -- Found Python3: /usr/bin/python3 (found version "3.12.3") found components: Interpreter 
[1.631s] -- Found rosidl_default_generators: 1.6.1 (/opt/ros/jazzy/share/rosidl_default_generators/cmake)
[1.650s] -- Using all available rosidl_typesupport_c: rosidl_typesupport_fastrtps_c;rosidl_typesupport_introspection_c
[1.814s] -- Using all available rosidl_typesupport_cpp: rosidl_typesupport_fastrtps_cpp;rosidl_typesupport_introspection_cpp
[1.954s] -- Found rosidl_adapter: 4.6.9 (/opt/ros/jazzy/share/rosidl_adapter/cmake)
[1.966s] -- Found rosidl_default_runtime: 1.6.1 (/opt/ros/jazzy/share/rosidl_default_runtime/cmake)
[2.802s] [31mCMake Error at /opt/ros/jazzy/share/rosidl_cmake/cmake/rosidl_generate_interfaces.cmake:223 (message):
[2.802s]   Packages installing interfaces must include
[2.802s]   '<member_of_group>rosidl_interface_packages</member_of_group>' in their
[2.803s]   package.xml
[2.803s] Call Stack (most recent call first):
[2.803s]   CMakeLists.txt:13 (rosidl_generate_interfaces)
[2.803s] 
[2.803s] [0m
[2.803s] -- Configuring incomplete, errors occurred!
[2.822s] Invoked command in '/home/shreehank1906/Desktop/Shreehan_Kate_HW1/build/force_sum_interface' returned '1': CMAKE_PREFIX_PATH=${CMAKE_PREFIX_PATH}:/opt/ros/jazzy DEBUGINFOD_URLS=https://debuginfod.ubuntu.com /usr/bin/cmake /home/shreehank1906/Desktop/Shreehan_Kate_HW1/src/force_sum_interface -DCMAKE_INSTALL_PREFIX=/home/shreehank1906/Desktop/Shreehan_Kate_HW1/install/force_sum_interface
