[0.032s] Invoking command in '/home/shreehank1906/Desktop/Shreehan_Kate_HW1/build/force_sum_interface': DEBUGINFOD_URLS=https://debuginfod.ubuntu.com /usr/bin/cmake --build /home/shreehank1906/Desktop/Shreehan_Kate_HW1/build/force_sum_interface -- -j16 -l16
[0.215s] [  2%] Built target force_sum_interface__rosidl_generator_type_description
[0.218s] [  5%] Built target force_sum_interface__rs
[0.243s] [  5%] Built target ament_cmake_python_copy_force_sum_interface
[0.268s] [  8%] Built target force_sum_interface__cpp
[0.280s] [ 22%] Built target force_sum_interface__rosidl_generator_c
[0.342s] [ 31%] Built target force_sum_interface__rosidl_typesupport_introspection_c
[0.343s] [ 45%] Built target force_sum_interface__rosidl_typesupport_cpp
[0.344s] [ 48%] Built target force_sum_interface__rosidl_typesupport_c
[0.344s] [ 57%] Built target force_sum_interface__rosidl_typesupport_fastrtps_cpp
[0.345s] [ 74%] Built target force_sum_interface__rosidl_typesupport_introspection_cpp
[0.346s] [ 74%] Built target force_sum_interface__rosidl_typesupport_fastrtps_c
[0.397s] [ 74%] Built target force_sum_interface
[0.452s] [ 77%] Built target force_sum_interface__py
[0.519s] [ 82%] Built target force_sum_interface__rosidl_generator_py
[0.577s] [ 97%] Built target force_sum_interface_s__rosidl_typesupport_introspection_c
[0.578s] [100%] Built target force_sum_interface_s__rosidl_typesupport_fastrtps_c
[0.578s] [100%] Built target force_sum_interface_s__rosidl_typesupport_c
[0.697s] running egg_info
[0.730s] writing force_sum_interface.egg-info/PKG-INFO
[0.731s] writing dependency_links to force_sum_interface.egg-info/dependency_links.txt
[0.731s] writing top-level names to force_sum_interface.egg-info/top_level.txt
[0.816s] reading manifest file 'force_sum_interface.egg-info/SOURCES.txt'
[0.818s] writing manifest file 'force_sum_interface.egg-info/SOURCES.txt'
[0.876s] [100%] Built target ament_cmake_python_build_force_sum_interface_egg
[0.904s] Invoked command in '/home/shreehank1906/Desktop/Shreehan_Kate_HW1/build/force_sum_interface' returned '0': DEBUGINFOD_URLS=https://debuginfod.ubuntu.com /usr/bin/cmake --build /home/shreehank1906/Desktop/Shreehan_Kate_HW1/build/force_sum_interface -- -j16 -l16
[0.930s] Invoking command in '/home/shreehank1906/Desktop/Shreehan_Kate_HW1/build/force_sum_interface': DEBUGINFOD_URLS=https://debuginfod.ubuntu.com /usr/bin/cmake --install /home/shreehank1906/Desktop/Shreehan_Kate_HW1/build/force_sum_interface
[0.949s] -- Install configuration: ""
[0.949s] -- Up-to-date: /home/shreehank1906/Desktop/Shreehan_Kate_HW1/install/force_sum_interface/share/ament_index/resource_index/rosidl_interfaces/force_sum_interface
[0.950s] -- Up-to-date: /home/shreehank1906/Desktop/Shreehan_Kate_HW1/install/force_sum_interface/share/force_sum_interface/srv/ForceSum.json
[0.950s] -- Up-to-date: /home/shreehank1906/Desktop/Shreehan_Kate_HW1/install/force_sum_interface/include/force_sum_interface/force_sum_interface
[0.950s] -- Up-to-date: /home/shreehank1906/Desktop/Shreehan_Kate_HW1/install/force_sum_interface/include/force_sum_interface/force_sum_interface/msg
[0.951s] -- Up-to-date: /home/shreehank1906/Desktop/Shreehan_Kate_HW1/install/force_sum_interface/include/force_sum_interface/force_sum_interface/msg/rosidl_generator_c__visibility_control.h
[0.951s] -- Up-to-date: /home/shreehank1906/Desktop/Shreehan_Kate_HW1/install/force_sum_interface/include/force_sum_interface/force_sum_interface/srv
[0.951s] -- Up-to-date: /home/shreehank1906/Desktop/Shreehan_Kate_HW1/install/force_sum_interface/include/force_sum_interface/force_sum_interface/srv/detail
[0.951s] -- Up-to-date: /home/shreehank1906/Desktop/Shreehan_Kate_HW1/install/force_sum_interface/include/force_sum_interface/force_sum_interface/srv/detail/force_sum__struct.h
[0.951s] -- Up-to-date: /home/shreehank1906/Desktop/Shreehan_Kate_HW1/install/force_sum_interface/include/force_sum_interface/force_sum_interface/srv/detail/force_sum__type_support.h
[0.951s] -- Up-to-date: /home/shreehank1906/Desktop/Shreehan_Kate_HW1/install/force_sum_interface/include/force_sum_interface/force_sum_interface/srv/detail/force_sum__type_support.c
[0.952s] -- Up-to-date: /home/shreehank1906/Desktop/Shreehan_Kate_HW1/install/force_sum_interface/include/force_sum_interface/force_sum_interface/srv/detail/force_sum__description.c
[0.952s] -- Up-to-date: /home/shreehank1906/Desktop/Shreehan_Kate_HW1/install/force_sum_interface/include/force_sum_interface/force_sum_interface/srv/detail/force_sum__functions.c
[0.952s] -- Up-to-date: /home/shreehank1906/Desktop/Shreehan_Kate_HW1/install/force_sum_interface/include/force_sum_interface/force_sum_interface/srv/detail/force_sum__functions.h
[0.952s] -- Up-to-date: /home/shreehank1906/Desktop/Shreehan_Kate_HW1/install/force_sum_interface/include/force_sum_interface/force_sum_interface/srv/force_sum.h
[0.952s] -- Up-to-date: /home/shreehank1906/Desktop/Shreehan_Kate_HW1/install/force_sum_interface/share/force_sum_interface/environment/library_path.sh
[0.952s] -- Up-to-date: /home/shreehank1906/Desktop/Shreehan_Kate_HW1/install/force_sum_interface/share/force_sum_interface/environment/library_path.dsv
[0.953s] -- Up-to-date: /home/shreehank1906/Desktop/Shreehan_Kate_HW1/install/force_sum_interface/lib/libforce_sum_interface__rosidl_generator_c.so
[0.954s] -- Up-to-date: /home/shreehank1906/Desktop/Shreehan_Kate_HW1/install/force_sum_interface/include/force_sum_interface/force_sum_interface
[0.954s] -- Up-to-date: /home/shreehank1906/Desktop/Shreehan_Kate_HW1/install/force_sum_interface/include/force_sum_interface/force_sum_interface/msg
[0.954s] -- Up-to-date: /home/shreehank1906/Desktop/Shreehan_Kate_HW1/install/force_sum_interface/include/force_sum_interface/force_sum_interface/msg/rosidl_typesupport_fastrtps_c__visibility_control.h
[0.954s] -- Up-to-date: /home/shreehank1906/Desktop/Shreehan_Kate_HW1/install/force_sum_interface/include/force_sum_interface/force_sum_interface/srv
[0.955s] -- Up-to-date: /home/shreehank1906/Desktop/Shreehan_Kate_HW1/install/force_sum_interface/include/force_sum_interface/force_sum_interface/srv/detail
[0.955s] -- Up-to-date: /home/shreehank1906/Desktop/Shreehan_Kate_HW1/install/force_sum_interface/include/force_sum_interface/force_sum_interface/srv/detail/force_sum__rosidl_typesupport_fastrtps_c.h
[0.955s] -- Up-to-date: /home/shreehank1906/Desktop/Shreehan_Kate_HW1/install/force_sum_interface/lib/libforce_sum_interface__rosidl_typesupport_fastrtps_c.so
[0.956s] -- Up-to-date: /home/shreehank1906/Desktop/Shreehan_Kate_HW1/install/force_sum_interface/include/force_sum_interface/force_sum_interface
[0.956s] -- Up-to-date: /home/shreehank1906/Desktop/Shreehan_Kate_HW1/install/force_sum_interface/include/force_sum_interface/force_sum_interface/msg
[0.956s] -- Up-to-date: /home/shreehank1906/Desktop/Shreehan_Kate_HW1/install/force_sum_interface/include/force_sum_interface/force_sum_interface/msg/rosidl_typesupport_introspection_c__visibility_control.h
[0.956s] -- Up-to-date: /home/shreehank1906/Desktop/Shreehan_Kate_HW1/install/force_sum_interface/include/force_sum_interface/force_sum_interface/srv
[0.957s] -- Up-to-date: /home/shreehank1906/Desktop/Shreehan_Kate_HW1/install/force_sum_interface/include/force_sum_interface/force_sum_interface/srv/detail
[0.957s] -- Up-to-date: /home/shreehank1906/Desktop/Shreehan_Kate_HW1/install/force_sum_interface/include/force_sum_interface/force_sum_interface/srv/detail/force_sum__type_support.c
[0.957s] -- Up-to-date: /home/shreehank1906/Desktop/Shreehan_Kate_HW1/install/force_sum_interface/include/force_sum_interface/force_sum_interface/srv/detail/force_sum__rosidl_typesupport_introspection_c.h
[0.957s] -- Up-to-date: /home/shreehank1906/Desktop/Shreehan_Kate_HW1/install/force_sum_interface/lib/libforce_sum_interface__rosidl_typesupport_introspection_c.so
[0.959s] -- Up-to-date: /home/shreehank1906/Desktop/Shreehan_Kate_HW1/install/force_sum_interface/lib/libforce_sum_interface__rosidl_typesupport_c.so
[0.959s] -- Up-to-date: /home/shreehank1906/Desktop/Shreehan_Kate_HW1/install/force_sum_interface/include/force_sum_interface/force_sum_interface
[0.959s] -- Up-to-date: /home/shreehank1906/Desktop/Shreehan_Kate_HW1/install/force_sum_interface/include/force_sum_interface/force_sum_interface/msg
[0.960s] -- Up-to-date: /home/shreehank1906/Desktop/Shreehan_Kate_HW1/install/force_sum_interface/include/force_sum_interface/force_sum_interface/msg/rosidl_generator_cpp__visibility_control.hpp
[0.960s] -- Up-to-date: /home/shreehank1906/Desktop/Shreehan_Kate_HW1/install/force_sum_interface/include/force_sum_interface/force_sum_interface/srv
[0.960s] -- Up-to-date: /home/shreehank1906/Desktop/Shreehan_Kate_HW1/install/force_sum_interface/include/force_sum_interface/force_sum_interface/srv/detail
[0.960s] -- Up-to-date: /home/shreehank1906/Desktop/Shreehan_Kate_HW1/install/force_sum_interface/include/force_sum_interface/force_sum_interface/srv/detail/force_sum__traits.hpp
[0.960s] -- Up-to-date: /home/shreehank1906/Desktop/Shreehan_Kate_HW1/install/force_sum_interface/include/force_sum_interface/force_sum_interface/srv/detail/force_sum__builder.hpp
[0.960s] -- Up-to-date: /home/shreehank1906/Desktop/Shreehan_Kate_HW1/install/force_sum_interface/include/force_sum_interface/force_sum_interface/srv/detail/force_sum__struct.hpp
[0.961s] -- Up-to-date: /home/shreehank1906/Desktop/Shreehan_Kate_HW1/install/force_sum_interface/include/force_sum_interface/force_sum_interface/srv/detail/force_sum__type_support.hpp
[0.961s] -- Up-to-date: /home/shreehank1906/Desktop/Shreehan_Kate_HW1/install/force_sum_interface/include/force_sum_interface/force_sum_interface/srv/force_sum.hpp
[0.961s] -- Up-to-date: /home/shreehank1906/Desktop/Shreehan_Kate_HW1/install/force_sum_interface/include/force_sum_interface/force_sum_interface
[0.961s] -- Up-to-date: /home/shreehank1906/Desktop/Shreehan_Kate_HW1/install/force_sum_interface/include/force_sum_interface/force_sum_interface/msg
[0.961s] -- Up-to-date: /home/shreehank1906/Desktop/Shreehan_Kate_HW1/install/force_sum_interface/include/force_sum_interface/force_sum_interface/msg/rosidl_typesupport_fastrtps_cpp__visibility_control.h
[0.961s] -- Up-to-date: /home/shreehank1906/Desktop/Shreehan_Kate_HW1/install/force_sum_interface/include/force_sum_interface/force_sum_interface/srv
[0.961s] -- Up-to-date: /home/shreehank1906/Desktop/Shreehan_Kate_HW1/install/force_sum_interface/include/force_sum_interface/force_sum_interface/srv/detail
[0.961s] -- Up-to-date: /home/shreehank1906/Desktop/Shreehan_Kate_HW1/install/force_sum_interface/include/force_sum_interface/force_sum_interface/srv/detail/dds_fastrtps
[0.961s] -- Up-to-date: /home/shreehank1906/Desktop/Shreehan_Kate_HW1/install/force_sum_interface/include/force_sum_interface/force_sum_interface/srv/detail/force_sum__rosidl_typesupport_fastrtps_cpp.hpp
[0.962s] -- Up-to-date: /home/shreehank1906/Desktop/Shreehan_Kate_HW1/install/force_sum_interface/lib/libforce_sum_interface__rosidl_typesupport_fastrtps_cpp.so
[0.963s] -- Up-to-date: /home/shreehank1906/Desktop/Shreehan_Kate_HW1/install/force_sum_interface/include/force_sum_interface/force_sum_interface
[0.963s] -- Up-to-date: /home/shreehank1906/Desktop/Shreehan_Kate_HW1/install/force_sum_interface/include/force_sum_interface/force_sum_interface/srv
[0.963s] -- Up-to-date: /home/shreehank1906/Desktop/Shreehan_Kate_HW1/install/force_sum_interface/include/force_sum_interface/force_sum_interface/srv/detail
[0.963s] -- Up-to-date: /home/shreehank1906/Desktop/Shreehan_Kate_HW1/install/force_sum_interface/include/force_sum_interface/force_sum_interface/srv/detail/force_sum__rosidl_typesupport_introspection_cpp.hpp
[0.963s] -- Up-to-date: /home/shreehank1906/Desktop/Shreehan_Kate_HW1/install/force_sum_interface/include/force_sum_interface/force_sum_interface/srv/detail/force_sum__type_support.cpp
[0.964s] -- Up-to-date: /home/shreehank1906/Desktop/Shreehan_Kate_HW1/install/force_sum_interface/lib/libforce_sum_interface__rosidl_typesupport_introspection_cpp.so
[0.965s] -- Up-to-date: /home/shreehank1906/Desktop/Shreehan_Kate_HW1/install/force_sum_interface/lib/libforce_sum_interface__rosidl_typesupport_cpp.so
[0.965s] -- Up-to-date: /home/shreehank1906/Desktop/Shreehan_Kate_HW1/install/force_sum_interface/share/force_sum_interface/environment/pythonpath.sh
[0.965s] -- Up-to-date: /home/shreehank1906/Desktop/Shreehan_Kate_HW1/install/force_sum_interface/share/force_sum_interface/environment/pythonpath.dsv
[0.966s] -- Up-to-date: /home/shreehank1906/Desktop/Shreehan_Kate_HW1/install/force_sum_interface/lib/python3.12/site-packages/force_sum_interface-0.0.0-py3.12.egg-info
[0.966s] -- Installing: /home/shreehank1906/Desktop/Shreehan_Kate_HW1/install/force_sum_interface/lib/python3.12/site-packages/force_sum_interface-0.0.0-py3.12.egg-info/SOURCES.txt
[0.966s] -- Installing: /home/shreehank1906/Desktop/Shreehan_Kate_HW1/install/force_sum_interface/lib/python3.12/site-packages/force_sum_interface-0.0.0-py3.12.egg-info/top_level.txt
[0.966s] -- Installing: /home/shreehank1906/Desktop/Shreehan_Kate_HW1/install/force_sum_interface/lib/python3.12/site-packages/force_sum_interface-0.0.0-py3.12.egg-info/dependency_links.txt
[0.967s] -- Installing: /home/shreehank1906/Desktop/Shreehan_Kate_HW1/install/force_sum_interface/lib/python3.12/site-packages/force_sum_interface-0.0.0-py3.12.egg-info/PKG-INFO
[0.967s] -- Up-to-date: /home/shreehank1906/Desktop/Shreehan_Kate_HW1/install/force_sum_interface/lib/python3.12/site-packages/force_sum_interface
[0.967s] -- Up-to-date: /home/shreehank1906/Desktop/Shreehan_Kate_HW1/install/force_sum_interface/lib/python3.12/site-packages/force_sum_interface/force_sum_interface_s__rosidl_typesupport_fastrtps_c.so
[0.968s] -- Up-to-date: /home/shreehank1906/Desktop/Shreehan_Kate_HW1/install/force_sum_interface/lib/python3.12/site-packages/force_sum_interface/force_sum_interface_s__rosidl_typesupport_introspection_c.so
[0.968s] -- Up-to-date: /home/shreehank1906/Desktop/Shreehan_Kate_HW1/install/force_sum_interface/lib/python3.12/site-packages/force_sum_interface/_force_sum_interface_s.ep.rosidl_typesupport_introspection_c.c
[0.968s] -- Up-to-date: /home/shreehank1906/Desktop/Shreehan_Kate_HW1/install/force_sum_interface/lib/python3.12/site-packages/force_sum_interface/_force_sum_interface_s.ep.rosidl_typesupport_c.c
[0.968s] -- Up-to-date: /home/shreehank1906/Desktop/Shreehan_Kate_HW1/install/force_sum_interface/lib/python3.12/site-packages/force_sum_interface/force_sum_interface_s__rosidl_typesupport_c.so
[0.968s] -- Up-to-date: /home/shreehank1906/Desktop/Shreehan_Kate_HW1/install/force_sum_interface/lib/python3.12/site-packages/force_sum_interface/__init__.py
[0.968s] -- Up-to-date: /home/shreehank1906/Desktop/Shreehan_Kate_HW1/install/force_sum_interface/lib/python3.12/site-packages/force_sum_interface/_force_sum_interface_s.ep.rosidl_typesupport_fastrtps_c.c
[0.969s] -- Up-to-date: /home/shreehank1906/Desktop/Shreehan_Kate_HW1/install/force_sum_interface/lib/python3.12/site-packages/force_sum_interface/srv
[0.969s] -- Up-to-date: /home/shreehank1906/Desktop/Shreehan_Kate_HW1/install/force_sum_interface/lib/python3.12/site-packages/force_sum_interface/srv/_force_sum_s.c
[0.969s] -- Up-to-date: /home/shreehank1906/Desktop/Shreehan_Kate_HW1/install/force_sum_interface/lib/python3.12/site-packages/force_sum_interface/srv/_force_sum.py
[0.969s] -- Up-to-date: /home/shreehank1906/Desktop/Shreehan_Kate_HW1/install/force_sum_interface/lib/python3.12/site-packages/force_sum_interface/srv/__init__.py
[1.052s] Listing '/home/shreehank1906/Desktop/Shreehan_Kate_HW1/install/force_sum_interface/lib/python3.12/site-packages/force_sum_interface'...
[1.052s] Listing '/home/shreehank1906/Desktop/Shreehan_Kate_HW1/install/force_sum_interface/lib/python3.12/site-packages/force_sum_interface/srv'...
[1.065s] -- Up-to-date: /home/shreehank1906/Desktop/Shreehan_Kate_HW1/install/force_sum_interface/lib/python3.12/site-packages/force_sum_interface/force_sum_interface_s__rosidl_typesupport_fastrtps_c.so
[1.066s] -- Up-to-date: /home/shreehank1906/Desktop/Shreehan_Kate_HW1/install/force_sum_interface/lib/python3.12/site-packages/force_sum_interface/force_sum_interface_s__rosidl_typesupport_introspection_c.so
[1.067s] -- Up-to-date: /home/shreehank1906/Desktop/Shreehan_Kate_HW1/install/force_sum_interface/lib/python3.12/site-packages/force_sum_interface/force_sum_interface_s__rosidl_typesupport_c.so
[1.068s] -- Up-to-date: /home/shreehank1906/Desktop/Shreehan_Kate_HW1/install/force_sum_interface/lib/libforce_sum_interface__rosidl_generator_py.so
[1.069s] -- Up-to-date: /home/shreehank1906/Desktop/Shreehan_Kate_HW1/install/force_sum_interface/share/ament_index/resource_index/rust_packages/force_sum_interface
[1.069s] -- Up-to-date: /home/shreehank1906/Desktop/Shreehan_Kate_HW1/install/force_sum_interface/share/force_sum_interface/rust
[1.069s] -- Up-to-date: /home/shreehank1906/Desktop/Shreehan_Kate_HW1/install/force_sum_interface/share/force_sum_interface/rust/build.rs
[1.070s] -- Up-to-date: /home/shreehank1906/Desktop/Shreehan_Kate_HW1/install/force_sum_interface/share/force_sum_interface/rust/src
[1.070s] -- Up-to-date: /home/shreehank1906/Desktop/Shreehan_Kate_HW1/install/force_sum_interface/share/force_sum_interface/rust/src/lib.rs
[1.070s] -- Up-to-date: /home/shreehank1906/Desktop/Shreehan_Kate_HW1/install/force_sum_interface/share/force_sum_interface/rust/src/srv.rs
[1.070s] -- Up-to-date: /home/shreehank1906/Desktop/Shreehan_Kate_HW1/install/force_sum_interface/share/force_sum_interface/rust/src/srv
[1.071s] -- Up-to-date: /home/shreehank1906/Desktop/Shreehan_Kate_HW1/install/force_sum_interface/share/force_sum_interface/rust/src/srv/rmw.rs
[1.071s] -- Up-to-date: /home/shreehank1906/Desktop/Shreehan_Kate_HW1/install/force_sum_interface/share/force_sum_interface/rust/Cargo.toml
[1.071s] -- Up-to-date: /home/shreehank1906/Desktop/Shreehan_Kate_HW1/install/force_sum_interface/share/force_sum_interface/srv/ForceSum.idl
[1.071s] -- Up-to-date: /home/shreehank1906/Desktop/Shreehan_Kate_HW1/install/force_sum_interface/share/force_sum_interface/srv/ForceSum.srv
[1.071s] -- Up-to-date: /home/shreehank1906/Desktop/Shreehan_Kate_HW1/install/force_sum_interface/share/ament_index/resource_index/package_run_dependencies/force_sum_interface
[1.071s] -- Up-to-date: /home/shreehank1906/Desktop/Shreehan_Kate_HW1/install/force_sum_interface/share/ament_index/resource_index/parent_prefix_path/force_sum_interface
[1.071s] -- Up-to-date: /home/shreehank1906/Desktop/Shreehan_Kate_HW1/install/force_sum_interface/share/force_sum_interface/environment/ament_prefix_path.sh
[1.072s] -- Up-to-date: /home/shreehank1906/Desktop/Shreehan_Kate_HW1/install/force_sum_interface/share/force_sum_interface/environment/ament_prefix_path.dsv
[1.072s] -- Up-to-date: /home/shreehank1906/Desktop/Shreehan_Kate_HW1/install/force_sum_interface/share/force_sum_interface/environment/path.sh
[1.072s] -- Up-to-date: /home/shreehank1906/Desktop/Shreehan_Kate_HW1/install/force_sum_interface/share/force_sum_interface/environment/path.dsv
[1.072s] -- Up-to-date: /home/shreehank1906/Desktop/Shreehan_Kate_HW1/install/force_sum_interface/share/force_sum_interface/local_setup.bash
[1.072s] -- Up-to-date: /home/shreehank1906/Desktop/Shreehan_Kate_HW1/install/force_sum_interface/share/force_sum_interface/local_setup.sh
[1.072s] -- Up-to-date: /home/shreehank1906/Desktop/Shreehan_Kate_HW1/install/force_sum_interface/share/force_sum_interface/local_setup.zsh
[1.072s] -- Up-to-date: /home/shreehank1906/Desktop/Shreehan_Kate_HW1/install/force_sum_interface/share/force_sum_interface/local_setup.dsv
[1.072s] -- Installing: /home/shreehank1906/Desktop/Shreehan_Kate_HW1/install/force_sum_interface/share/force_sum_interface/package.dsv
[1.073s] -- Up-to-date: /home/shreehank1906/Desktop/Shreehan_Kate_HW1/install/force_sum_interface/share/ament_index/resource_index/packages/force_sum_interface
[1.074s] -- Up-to-date: /home/shreehank1906/Desktop/Shreehan_Kate_HW1/install/force_sum_interface/share/force_sum_interface/cmake/export_force_sum_interface__rosidl_generator_cExport.cmake
[1.074s] -- Up-to-date: /home/shreehank1906/Desktop/Shreehan_Kate_HW1/install/force_sum_interface/share/force_sum_interface/cmake/export_force_sum_interface__rosidl_generator_cExport-noconfig.cmake
[1.075s] -- Up-to-date: /home/shreehank1906/Desktop/Shreehan_Kate_HW1/install/force_sum_interface/share/force_sum_interface/cmake/export_force_sum_interface__rosidl_typesupport_fastrtps_cExport.cmake
[1.075s] -- Up-to-date: /home/shreehank1906/Desktop/Shreehan_Kate_HW1/install/force_sum_interface/share/force_sum_interface/cmake/export_force_sum_interface__rosidl_typesupport_fastrtps_cExport-noconfig.cmake
[1.075s] -- Up-to-date: /home/shreehank1906/Desktop/Shreehan_Kate_HW1/install/force_sum_interface/share/force_sum_interface/cmake/force_sum_interface__rosidl_typesupport_introspection_cExport.cmake
[1.075s] -- Up-to-date: /home/shreehank1906/Desktop/Shreehan_Kate_HW1/install/force_sum_interface/share/force_sum_interface/cmake/force_sum_interface__rosidl_typesupport_introspection_cExport-noconfig.cmake
[1.076s] -- Up-to-date: /home/shreehank1906/Desktop/Shreehan_Kate_HW1/install/force_sum_interface/share/force_sum_interface/cmake/force_sum_interface__rosidl_typesupport_cExport.cmake
[1.076s] -- Up-to-date: /home/shreehank1906/Desktop/Shreehan_Kate_HW1/install/force_sum_interface/share/force_sum_interface/cmake/force_sum_interface__rosidl_typesupport_cExport-noconfig.cmake
[1.077s] -- Up-to-date: /home/shreehank1906/Desktop/Shreehan_Kate_HW1/install/force_sum_interface/share/force_sum_interface/cmake/export_force_sum_interface__rosidl_generator_cppExport.cmake
[1.077s] -- Up-to-date: /home/shreehank1906/Desktop/Shreehan_Kate_HW1/install/force_sum_interface/share/force_sum_interface/cmake/export_force_sum_interface__rosidl_typesupport_fastrtps_cppExport.cmake
[1.077s] -- Up-to-date: /home/shreehank1906/Desktop/Shreehan_Kate_HW1/install/force_sum_interface/share/force_sum_interface/cmake/export_force_sum_interface__rosidl_typesupport_fastrtps_cppExport-noconfig.cmake
[1.078s] -- Up-to-date: /home/shreehank1906/Desktop/Shreehan_Kate_HW1/install/force_sum_interface/share/force_sum_interface/cmake/force_sum_interface__rosidl_typesupport_introspection_cppExport.cmake
[1.078s] -- Up-to-date: /home/shreehank1906/Desktop/Shreehan_Kate_HW1/install/force_sum_interface/share/force_sum_interface/cmake/force_sum_interface__rosidl_typesupport_introspection_cppExport-noconfig.cmake
[1.078s] -- Up-to-date: /home/shreehank1906/Desktop/Shreehan_Kate_HW1/install/force_sum_interface/share/force_sum_interface/cmake/force_sum_interface__rosidl_typesupport_cppExport.cmake
[1.079s] -- Up-to-date: /home/shreehank1906/Desktop/Shreehan_Kate_HW1/install/force_sum_interface/share/force_sum_interface/cmake/force_sum_interface__rosidl_typesupport_cppExport-noconfig.cmake
[1.079s] -- Up-to-date: /home/shreehank1906/Desktop/Shreehan_Kate_HW1/install/force_sum_interface/share/force_sum_interface/cmake/export_force_sum_interface__rosidl_generator_pyExport.cmake
[1.079s] -- Up-to-date: /home/shreehank1906/Desktop/Shreehan_Kate_HW1/install/force_sum_interface/share/force_sum_interface/cmake/export_force_sum_interface__rosidl_generator_pyExport-noconfig.cmake
[1.079s] -- Up-to-date: /home/shreehank1906/Desktop/Shreehan_Kate_HW1/install/force_sum_interface/share/force_sum_interface/cmake/rosidl_cmake-extras.cmake
[1.080s] -- Up-to-date: /home/shreehank1906/Desktop/Shreehan_Kate_HW1/install/force_sum_interface/share/force_sum_interface/cmake/ament_cmake_export_dependencies-extras.cmake
[1.080s] -- Up-to-date: /home/shreehank1906/Desktop/Shreehan_Kate_HW1/install/force_sum_interface/share/force_sum_interface/cmake/ament_cmake_export_include_directories-extras.cmake
[1.080s] -- Up-to-date: /home/shreehank1906/Desktop/Shreehan_Kate_HW1/install/force_sum_interface/share/force_sum_interface/cmake/ament_cmake_export_libraries-extras.cmake
[1.080s] -- Up-to-date: /home/shreehank1906/Desktop/Shreehan_Kate_HW1/install/force_sum_interface/share/force_sum_interface/cmake/ament_cmake_export_targets-extras.cmake
[1.080s] -- Up-to-date: /home/shreehank1906/Desktop/Shreehan_Kate_HW1/install/force_sum_interface/share/force_sum_interface/cmake/rosidl_cmake_export_typesupport_targets-extras.cmake
[1.081s] -- Up-to-date: /home/shreehank1906/Desktop/Shreehan_Kate_HW1/install/force_sum_interface/share/force_sum_interface/cmake/rosidl_cmake_export_typesupport_libraries-extras.cmake
[1.081s] -- Up-to-date: /home/shreehank1906/Desktop/Shreehan_Kate_HW1/install/force_sum_interface/share/force_sum_interface/cmake/rosidl_cmake_aggregate_target-extras.cmake
[1.081s] -- Up-to-date: /home/shreehank1906/Desktop/Shreehan_Kate_HW1/install/force_sum_interface/share/force_sum_interface/cmake/force_sum_interfaceConfig.cmake
[1.081s] -- Up-to-date: /home/shreehank1906/Desktop/Shreehan_Kate_HW1/install/force_sum_interface/share/force_sum_interface/cmake/force_sum_interfaceConfig-version.cmake
[1.081s] -- Up-to-date: /home/shreehank1906/Desktop/Shreehan_Kate_HW1/install/force_sum_interface/share/force_sum_interface/package.xml
[1.085s] Invoked command in '/home/shreehank1906/Desktop/Shreehan_Kate_HW1/build/force_sum_interface' returned '0': DEBUGINFOD_URLS=https://debuginfod.ubuntu.com /usr/bin/cmake --install /home/shreehank1906/Desktop/Shreehan_Kate_HW1/build/force_sum_interface
