[0.036s] Invoking command in '/home/shreehank1906/Desktop/Shreehan_Kate_HW1/build/force_sum_interface': CMAKE_PREFIX_PATH=${CMAKE_PREFIX_PATH}:/opt/ros/jazzy:/home/shreehank1906/Desktop/Shreehan_Kate_HW1/install/force_sum_py DEBUGINFOD_URLS=https://debuginfod.ubuntu.com /usr/bin/cmake --build /home/shreehank1906/Desktop/Shreehan_Kate_HW1/build/force_sum_interface -- -j16 -l16
[0.175s] [  2%] Built target force_sum_interface__rs
[0.176s] [  5%] Built target force_sum_interface__rosidl_generator_type_description
[0.203s] [  5%] Built target ament_cmake_python_copy_force_sum_interface
[0.234s] [  8%] Built target force_sum_interface__cpp
[0.235s] [ 22%] Built target force_sum_interface__rosidl_generator_c
[0.323s] [ 42%] Built target force_sum_interface__rosidl_typesupport_c
[0.327s] [ 45%] Built target force_sum_interface__rosidl_typesupport_cpp
[0.327s] [ 54%] Built target force_sum_interface__rosidl_typesupport_fastrtps_c
[0.328s] [ 57%] Built target force_sum_interface__rosidl_typesupport_introspection_c
[0.331s] [ 65%] Built target force_sum_interface__rosidl_typesupport_fastrtps_cpp
[0.335s] [ 74%] Built target force_sum_interface__rosidl_typesupport_introspection_cpp
[0.410s] [ 74%] Built target force_sum_interface
[0.471s] [ 77%] Built target force_sum_interface__py
[0.535s] [ 82%] Built target force_sum_interface__rosidl_generator_py
[0.597s] [100%] Built target force_sum_interface_s__rosidl_typesupport_introspection_c
[0.597s] [100%] Built target force_sum_interface_s__rosidl_typesupport_c
[0.598s] [100%] Built target force_sum_interface_s__rosidl_typesupport_fastrtps_c
[0.841s] running egg_info
[0.892s] writing force_sum_interface.egg-info/PKG-INFO
[0.893s] writing dependency_links to force_sum_interface.egg-info/dependency_links.txt
[0.893s] writing top-level names to force_sum_interface.egg-info/top_level.txt
[1.048s] reading manifest file 'force_sum_interface.egg-info/SOURCES.txt'
[1.051s] writing manifest file 'force_sum_interface.egg-info/SOURCES.txt'
[1.121s] [100%] Built target ament_cmake_python_build_force_sum_interface_egg
[1.156s] Invoked command in '/home/shreehank1906/Desktop/Shreehan_Kate_HW1/build/force_sum_interface' returned '0': CMAKE_PREFIX_PATH=${CMAKE_PREFIX_PATH}:/opt/ros/jazzy:/home/shreehank1906/Desktop/Shreehan_Kate_HW1/install/force_sum_py DEBUGINFOD_URLS=https://debuginfod.ubuntu.com /usr/bin/cmake --build /home/shreehank1906/Desktop/Shreehan_Kate_HW1/build/force_sum_interface -- -j16 -l16
[1.185s] Invoking command in '/home/shreehank1906/Desktop/Shreehan_Kate_HW1/build/force_sum_interface': CMAKE_PREFIX_PATH=${CMAKE_PREFIX_PATH}:/opt/ros/jazzy:/home/shreehank1906/Desktop/Shreehan_Kate_HW1/install/force_sum_py DEBUGINFOD_URLS=https://debuginfod.ubuntu.com /usr/bin/cmake --install /home/shreehank1906/Desktop/Shreehan_Kate_HW1/build/force_sum_interface
[1.207s] -- Install configuration: ""
[1.207s] -- Up-to-date: /home/shreehank1906/Desktop/Shreehan_Kate_HW1/install/force_sum_interface/share/ament_index/resource_index/rosidl_interfaces/force_sum_interface
[1.207s] -- Up-to-date: /home/shreehank1906/Desktop/Shreehan_Kate_HW1/install/force_sum_interface/share/force_sum_interface/srv/ForceSum.json
[1.208s] -- Up-to-date: /home/shreehank1906/Desktop/Shreehan_Kate_HW1/install/force_sum_interface/include/force_sum_interface/force_sum_interface
[1.208s] -- Up-to-date: /home/shreehank1906/Desktop/Shreehan_Kate_HW1/install/force_sum_interface/include/force_sum_interface/force_sum_interface/msg
[1.208s] -- Up-to-date: /home/shreehank1906/Desktop/Shreehan_Kate_HW1/install/force_sum_interface/include/force_sum_interface/force_sum_interface/msg/rosidl_generator_c__visibility_control.h
[1.208s] -- Up-to-date: /home/shreehank1906/Desktop/Shreehan_Kate_HW1/install/force_sum_interface/include/force_sum_interface/force_sum_interface/srv
[1.209s] -- Up-to-date: /home/shreehank1906/Desktop/Shreehan_Kate_HW1/install/force_sum_interface/include/force_sum_interface/force_sum_interface/srv/detail
[1.209s] -- Up-to-date: /home/shreehank1906/Desktop/Shreehan_Kate_HW1/install/force_sum_interface/include/force_sum_interface/force_sum_interface/srv/detail/force_sum__struct.h
[1.210s] -- Up-to-date: /home/shreehank1906/Desktop/Shreehan_Kate_HW1/install/force_sum_interface/include/force_sum_interface/force_sum_interface/srv/detail/force_sum__type_support.h
[1.210s] -- Up-to-date: /home/shreehank1906/Desktop/Shreehan_Kate_HW1/install/force_sum_interface/include/force_sum_interface/force_sum_interface/srv/detail/force_sum__type_support.c
[1.210s] -- Up-to-date: /home/shreehank1906/Desktop/Shreehan_Kate_HW1/install/force_sum_interface/include/force_sum_interface/force_sum_interface/srv/detail/force_sum__description.c
[1.210s] -- Up-to-date: /home/shreehank1906/Desktop/Shreehan_Kate_HW1/install/force_sum_interface/include/force_sum_interface/force_sum_interface/srv/detail/force_sum__functions.c
[1.210s] -- Up-to-date: /home/shreehank1906/Desktop/Shreehan_Kate_HW1/install/force_sum_interface/include/force_sum_interface/force_sum_interface/srv/detail/force_sum__functions.h
[1.211s] -- Up-to-date: /home/shreehank1906/Desktop/Shreehan_Kate_HW1/install/force_sum_interface/include/force_sum_interface/force_sum_interface/srv/force_sum.h
[1.211s] -- Up-to-date: /home/shreehank1906/Desktop/Shreehan_Kate_HW1/install/force_sum_interface/share/force_sum_interface/environment/library_path.sh
[1.211s] -- Up-to-date: /home/shreehank1906/Desktop/Shreehan_Kate_HW1/install/force_sum_interface/share/force_sum_interface/environment/library_path.dsv
[1.211s] -- Up-to-date: /home/shreehank1906/Desktop/Shreehan_Kate_HW1/install/force_sum_interface/lib/libforce_sum_interface__rosidl_generator_c.so
[1.212s] -- Up-to-date: /home/shreehank1906/Desktop/Shreehan_Kate_HW1/install/force_sum_interface/include/force_sum_interface/force_sum_interface
[1.212s] -- Up-to-date: /home/shreehank1906/Desktop/Shreehan_Kate_HW1/install/force_sum_interface/include/force_sum_interface/force_sum_interface/msg
[1.212s] -- Up-to-date: /home/shreehank1906/Desktop/Shreehan_Kate_HW1/install/force_sum_interface/include/force_sum_interface/force_sum_interface/msg/rosidl_typesupport_fastrtps_c__visibility_control.h
[1.212s] -- Up-to-date: /home/shreehank1906/Desktop/Shreehan_Kate_HW1/install/force_sum_interface/include/force_sum_interface/force_sum_interface/srv
[1.212s] -- Up-to-date: /home/shreehank1906/Desktop/Shreehan_Kate_HW1/install/force_sum_interface/include/force_sum_interface/force_sum_interface/srv/detail
[1.213s] -- Up-to-date: /home/shreehank1906/Desktop/Shreehan_Kate_HW1/install/force_sum_interface/include/force_sum_interface/force_sum_interface/srv/detail/force_sum__rosidl_typesupport_fastrtps_c.h
[1.213s] -- Up-to-date: /home/shreehank1906/Desktop/Shreehan_Kate_HW1/install/force_sum_interface/lib/libforce_sum_interface__rosidl_typesupport_fastrtps_c.so
[1.213s] -- Up-to-date: /home/shreehank1906/Desktop/Shreehan_Kate_HW1/install/force_sum_interface/include/force_sum_interface/force_sum_interface
[1.213s] -- Up-to-date: /home/shreehank1906/Desktop/Shreehan_Kate_HW1/install/force_sum_interface/include/force_sum_interface/force_sum_interface/msg
[1.213s] -- Up-to-date: /home/shreehank1906/Desktop/Shreehan_Kate_HW1/install/force_sum_interface/include/force_sum_interface/force_sum_interface/msg/rosidl_typesupport_introspection_c__visibility_control.h
[1.214s] -- Up-to-date: /home/shreehank1906/Desktop/Shreehan_Kate_HW1/install/force_sum_interface/include/force_sum_interface/force_sum_interface/srv
[1.214s] -- Up-to-date: /home/shreehank1906/Desktop/Shreehan_Kate_HW1/install/force_sum_interface/include/force_sum_interface/force_sum_interface/srv/detail
[1.214s] -- Up-to-date: /home/shreehank1906/Desktop/Shreehan_Kate_HW1/install/force_sum_interface/include/force_sum_interface/force_sum_interface/srv/detail/force_sum__type_support.c
[1.214s] -- Up-to-date: /home/shreehank1906/Desktop/Shreehan_Kate_HW1/install/force_sum_interface/include/force_sum_interface/force_sum_interface/srv/detail/force_sum__rosidl_typesupport_introspection_c.h
[1.214s] -- Up-to-date: /home/shreehank1906/Desktop/Shreehan_Kate_HW1/install/force_sum_interface/lib/libforce_sum_interface__rosidl_typesupport_introspection_c.so
[1.214s] -- Up-to-date: /home/shreehank1906/Desktop/Shreehan_Kate_HW1/install/force_sum_interface/lib/libforce_sum_interface__rosidl_typesupport_c.so
[1.215s] -- Up-to-date: /home/shreehank1906/Desktop/Shreehan_Kate_HW1/install/force_sum_interface/include/force_sum_interface/force_sum_interface
[1.215s] -- Up-to-date: /home/shreehank1906/Desktop/Shreehan_Kate_HW1/install/force_sum_interface/include/force_sum_interface/force_sum_interface/msg
[1.215s] -- Up-to-date: /home/shreehank1906/Desktop/Shreehan_Kate_HW1/install/force_sum_interface/include/force_sum_interface/force_sum_interface/msg/rosidl_generator_cpp__visibility_control.hpp
[1.216s] -- Up-to-date: /home/shreehank1906/Desktop/Shreehan_Kate_HW1/install/force_sum_interface/include/force_sum_interface/force_sum_interface/srv
[1.216s] -- Up-to-date: /home/shreehank1906/Desktop/Shreehan_Kate_HW1/install/force_sum_interface/include/force_sum_interface/force_sum_interface/srv/detail
[1.216s] -- Up-to-date: /home/shreehank1906/Desktop/Shreehan_Kate_HW1/install/force_sum_interface/include/force_sum_interface/force_sum_interface/srv/detail/force_sum__traits.hpp
[1.216s] -- Up-to-date: /home/shreehank1906/Desktop/Shreehan_Kate_HW1/install/force_sum_interface/include/force_sum_interface/force_sum_interface/srv/detail/force_sum__builder.hpp
[1.216s] -- Up-to-date: /home/shreehank1906/Desktop/Shreehan_Kate_HW1/install/force_sum_interface/include/force_sum_interface/force_sum_interface/srv/detail/force_sum__struct.hpp
[1.217s] -- Up-to-date: /home/shreehank1906/Desktop/Shreehan_Kate_HW1/install/force_sum_interface/include/force_sum_interface/force_sum_interface/srv/detail/force_sum__type_support.hpp
[1.217s] -- Up-to-date: /home/shreehank1906/Desktop/Shreehan_Kate_HW1/install/force_sum_interface/include/force_sum_interface/force_sum_interface/srv/force_sum.hpp
[1.217s] -- Up-to-date: /home/shreehank1906/Desktop/Shreehan_Kate_HW1/install/force_sum_interface/include/force_sum_interface/force_sum_interface
[1.217s] -- Up-to-date: /home/shreehank1906/Desktop/Shreehan_Kate_HW1/install/force_sum_interface/include/force_sum_interface/force_sum_interface/msg
[1.217s] -- Up-to-date: /home/shreehank1906/Desktop/Shreehan_Kate_HW1/install/force_sum_interface/include/force_sum_interface/force_sum_interface/msg/rosidl_typesupport_fastrtps_cpp__visibility_control.h
[1.218s] -- Up-to-date: /home/shreehank1906/Desktop/Shreehan_Kate_HW1/install/force_sum_interface/include/force_sum_interface/force_sum_interface/srv
[1.218s] -- Up-to-date: /home/shreehank1906/Desktop/Shreehan_Kate_HW1/install/force_sum_interface/include/force_sum_interface/force_sum_interface/srv/detail
[1.218s] -- Up-to-date: /home/shreehank1906/Desktop/Shreehan_Kate_HW1/install/force_sum_interface/include/force_sum_interface/force_sum_interface/srv/detail/dds_fastrtps
[1.218s] -- Up-to-date: /home/shreehank1906/Desktop/Shreehan_Kate_HW1/install/force_sum_interface/include/force_sum_interface/force_sum_interface/srv/detail/force_sum__rosidl_typesupport_fastrtps_cpp.hpp
[1.218s] -- Up-to-date: /home/shreehank1906/Desktop/Shreehan_Kate_HW1/install/force_sum_interface/lib/libforce_sum_interface__rosidl_typesupport_fastrtps_cpp.so
[1.219s] -- Up-to-date: /home/shreehank1906/Desktop/Shreehan_Kate_HW1/install/force_sum_interface/include/force_sum_interface/force_sum_interface
[1.219s] -- Up-to-date: /home/shreehank1906/Desktop/Shreehan_Kate_HW1/install/force_sum_interface/include/force_sum_interface/force_sum_interface/srv
[1.219s] -- Up-to-date: /home/shreehank1906/Desktop/Shreehan_Kate_HW1/install/force_sum_interface/include/force_sum_interface/force_sum_interface/srv/detail
[1.219s] -- Up-to-date: /home/shreehank1906/Desktop/Shreehan_Kate_HW1/install/force_sum_interface/include/force_sum_interface/force_sum_interface/srv/detail/force_sum__rosidl_typesupport_introspection_cpp.hpp
[1.219s] -- Up-to-date: /home/shreehank1906/Desktop/Shreehan_Kate_HW1/install/force_sum_interface/include/force_sum_interface/force_sum_interface/srv/detail/force_sum__type_support.cpp
[1.219s] -- Up-to-date: /home/shreehank1906/Desktop/Shreehan_Kate_HW1/install/force_sum_interface/lib/libforce_sum_interface__rosidl_typesupport_introspection_cpp.so
[1.220s] -- Up-to-date: /home/shreehank1906/Desktop/Shreehan_Kate_HW1/install/force_sum_interface/lib/libforce_sum_interface__rosidl_typesupport_cpp.so
[1.221s] -- Up-to-date: /home/shreehank1906/Desktop/Shreehan_Kate_HW1/install/force_sum_interface/share/force_sum_interface/environment/pythonpath.sh
[1.221s] -- Up-to-date: /home/shreehank1906/Desktop/Shreehan_Kate_HW1/install/force_sum_interface/share/force_sum_interface/environment/pythonpath.dsv
[1.221s] -- Up-to-date: /home/shreehank1906/Desktop/Shreehan_Kate_HW1/install/force_sum_interface/lib/python3.12/site-packages/force_sum_interface-0.0.0-py3.12.egg-info
[1.221s] -- Installing: /home/shreehank1906/Desktop/Shreehan_Kate_HW1/install/force_sum_interface/lib/python3.12/site-packages/force_sum_interface-0.0.0-py3.12.egg-info/SOURCES.txt
[1.221s] -- Installing: /home/shreehank1906/Desktop/Shreehan_Kate_HW1/install/force_sum_interface/lib/python3.12/site-packages/force_sum_interface-0.0.0-py3.12.egg-info/top_level.txt
[1.222s] -- Installing: /home/shreehank1906/Desktop/Shreehan_Kate_HW1/install/force_sum_interface/lib/python3.12/site-packages/force_sum_interface-0.0.0-py3.12.egg-info/dependency_links.txt
[1.222s] -- Installing: /home/shreehank1906/Desktop/Shreehan_Kate_HW1/install/force_sum_interface/lib/python3.12/site-packages/force_sum_interface-0.0.0-py3.12.egg-info/PKG-INFO
[1.223s] -- Up-to-date: /home/shreehank1906/Desktop/Shreehan_Kate_HW1/install/force_sum_interface/lib/python3.12/site-packages/force_sum_interface
[1.223s] -- Up-to-date: /home/shreehank1906/Desktop/Shreehan_Kate_HW1/install/force_sum_interface/lib/python3.12/site-packages/force_sum_interface/force_sum_interface_s__rosidl_typesupport_fastrtps_c.so
[1.224s] -- Up-to-date: /home/shreehank1906/Desktop/Shreehan_Kate_HW1/install/force_sum_interface/lib/python3.12/site-packages/force_sum_interface/force_sum_interface_s__rosidl_typesupport_introspection_c.so
[1.224s] -- Up-to-date: /home/shreehank1906/Desktop/Shreehan_Kate_HW1/install/force_sum_interface/lib/python3.12/site-packages/force_sum_interface/_force_sum_interface_s.ep.rosidl_typesupport_introspection_c.c
[1.224s] -- Up-to-date: /home/shreehank1906/Desktop/Shreehan_Kate_HW1/install/force_sum_interface/lib/python3.12/site-packages/force_sum_interface/_force_sum_interface_s.ep.rosidl_typesupport_c.c
[1.224s] -- Up-to-date: /home/shreehank1906/Desktop/Shreehan_Kate_HW1/install/force_sum_interface/lib/python3.12/site-packages/force_sum_interface/force_sum_interface_s__rosidl_typesupport_c.so
[1.225s] -- Up-to-date: /home/shreehank1906/Desktop/Shreehan_Kate_HW1/install/force_sum_interface/lib/python3.12/site-packages/force_sum_interface/__init__.py
[1.225s] -- Up-to-date: /home/shreehank1906/Desktop/Shreehan_Kate_HW1/install/force_sum_interface/lib/python3.12/site-packages/force_sum_interface/_force_sum_interface_s.ep.rosidl_typesupport_fastrtps_c.c
[1.225s] -- Up-to-date: /home/shreehank1906/Desktop/Shreehan_Kate_HW1/install/force_sum_interface/lib/python3.12/site-packages/force_sum_interface/srv
[1.225s] -- Up-to-date: /home/shreehank1906/Desktop/Shreehan_Kate_HW1/install/force_sum_interface/lib/python3.12/site-packages/force_sum_interface/srv/_force_sum_s.c
[1.225s] -- Up-to-date: /home/shreehank1906/Desktop/Shreehan_Kate_HW1/install/force_sum_interface/lib/python3.12/site-packages/force_sum_interface/srv/_force_sum.py
[1.225s] -- Up-to-date: /home/shreehank1906/Desktop/Shreehan_Kate_HW1/install/force_sum_interface/lib/python3.12/site-packages/force_sum_interface/srv/__init__.py
[1.310s] Listing '/home/shreehank1906/Desktop/Shreehan_Kate_HW1/install/force_sum_interface/lib/python3.12/site-packages/force_sum_interface'...
[1.310s] Listing '/home/shreehank1906/Desktop/Shreehan_Kate_HW1/install/force_sum_interface/lib/python3.12/site-packages/force_sum_interface/srv'...
[1.326s] -- Up-to-date: /home/shreehank1906/Desktop/Shreehan_Kate_HW1/install/force_sum_interface/lib/python3.12/site-packages/force_sum_interface/force_sum_interface_s__rosidl_typesupport_fastrtps_c.so
[1.327s] -- Up-to-date: /home/shreehank1906/Desktop/Shreehan_Kate_HW1/install/force_sum_interface/lib/python3.12/site-packages/force_sum_interface/force_sum_interface_s__rosidl_typesupport_introspection_c.so
[1.328s] -- Up-to-date: /home/shreehank1906/Desktop/Shreehan_Kate_HW1/install/force_sum_interface/lib/python3.12/site-packages/force_sum_interface/force_sum_interface_s__rosidl_typesupport_c.so
[1.329s] -- Up-to-date: /home/shreehank1906/Desktop/Shreehan_Kate_HW1/install/force_sum_interface/lib/libforce_sum_interface__rosidl_generator_py.so
[1.330s] -- Up-to-date: /home/shreehank1906/Desktop/Shreehan_Kate_HW1/install/force_sum_interface/share/ament_index/resource_index/rust_packages/force_sum_interface
[1.330s] -- Up-to-date: /home/shreehank1906/Desktop/Shreehan_Kate_HW1/install/force_sum_interface/share/force_sum_interface/rust
[1.330s] -- Up-to-date: /home/shreehank1906/Desktop/Shreehan_Kate_HW1/install/force_sum_interface/share/force_sum_interface/rust/build.rs
[1.330s] -- Up-to-date: /home/shreehank1906/Desktop/Shreehan_Kate_HW1/install/force_sum_interface/share/force_sum_interface/rust/src
[1.331s] -- Up-to-date: /home/shreehank1906/Desktop/Shreehan_Kate_HW1/install/force_sum_interface/share/force_sum_interface/rust/src/lib.rs
[1.331s] -- Up-to-date: /home/shreehank1906/Desktop/Shreehan_Kate_HW1/install/force_sum_interface/share/force_sum_interface/rust/src/srv.rs
[1.331s] -- Up-to-date: /home/shreehank1906/Desktop/Shreehan_Kate_HW1/install/force_sum_interface/share/force_sum_interface/rust/src/srv
[1.331s] -- Up-to-date: /home/shreehank1906/Desktop/Shreehan_Kate_HW1/install/force_sum_interface/share/force_sum_interface/rust/src/srv/rmw.rs
[1.332s] -- Up-to-date: /home/shreehank1906/Desktop/Shreehan_Kate_HW1/install/force_sum_interface/share/force_sum_interface/rust/Cargo.toml
[1.332s] -- Up-to-date: /home/shreehank1906/Desktop/Shreehan_Kate_HW1/install/force_sum_interface/share/force_sum_interface/srv/ForceSum.idl
[1.332s] -- Up-to-date: /home/shreehank1906/Desktop/Shreehan_Kate_HW1/install/force_sum_interface/share/force_sum_interface/srv/ForceSum.srv
[1.332s] -- Up-to-date: /home/shreehank1906/Desktop/Shreehan_Kate_HW1/install/force_sum_interface/share/ament_index/resource_index/package_run_dependencies/force_sum_interface
[1.332s] -- Up-to-date: /home/shreehank1906/Desktop/Shreehan_Kate_HW1/install/force_sum_interface/share/ament_index/resource_index/parent_prefix_path/force_sum_interface
[1.332s] -- Up-to-date: /home/shreehank1906/Desktop/Shreehan_Kate_HW1/install/force_sum_interface/share/force_sum_interface/environment/ament_prefix_path.sh
[1.332s] -- Up-to-date: /home/shreehank1906/Desktop/Shreehan_Kate_HW1/install/force_sum_interface/share/force_sum_interface/environment/ament_prefix_path.dsv
[1.332s] -- Up-to-date: /home/shreehank1906/Desktop/Shreehan_Kate_HW1/install/force_sum_interface/share/force_sum_interface/environment/path.sh
[1.332s] -- Up-to-date: /home/shreehank1906/Desktop/Shreehan_Kate_HW1/install/force_sum_interface/share/force_sum_interface/environment/path.dsv
[1.333s] -- Up-to-date: /home/shreehank1906/Desktop/Shreehan_Kate_HW1/install/force_sum_interface/share/force_sum_interface/local_setup.bash
[1.333s] -- Up-to-date: /home/shreehank1906/Desktop/Shreehan_Kate_HW1/install/force_sum_interface/share/force_sum_interface/local_setup.sh
[1.333s] -- Up-to-date: /home/shreehank1906/Desktop/Shreehan_Kate_HW1/install/force_sum_interface/share/force_sum_interface/local_setup.zsh
[1.333s] -- Up-to-date: /home/shreehank1906/Desktop/Shreehan_Kate_HW1/install/force_sum_interface/share/force_sum_interface/local_setup.dsv
[1.333s] -- Installing: /home/shreehank1906/Desktop/Shreehan_Kate_HW1/install/force_sum_interface/share/force_sum_interface/package.dsv
[1.333s] -- Up-to-date: /home/shreehank1906/Desktop/Shreehan_Kate_HW1/install/force_sum_interface/share/ament_index/resource_index/packages/force_sum_interface
[1.333s] -- Up-to-date: /home/shreehank1906/Desktop/Shreehan_Kate_HW1/install/force_sum_interface/share/force_sum_interface/cmake/export_force_sum_interface__rosidl_generator_cExport.cmake
[1.333s] -- Up-to-date: /home/shreehank1906/Desktop/Shreehan_Kate_HW1/install/force_sum_interface/share/force_sum_interface/cmake/export_force_sum_interface__rosidl_generator_cExport-noconfig.cmake
[1.333s] -- Up-to-date: /home/shreehank1906/Desktop/Shreehan_Kate_HW1/install/force_sum_interface/share/force_sum_interface/cmake/export_force_sum_interface__rosidl_typesupport_fastrtps_cExport.cmake
[1.334s] -- Up-to-date: /home/shreehank1906/Desktop/Shreehan_Kate_HW1/install/force_sum_interface/share/force_sum_interface/cmake/export_force_sum_interface__rosidl_typesupport_fastrtps_cExport-noconfig.cmake
[1.334s] -- Up-to-date: /home/shreehank1906/Desktop/Shreehan_Kate_HW1/install/force_sum_interface/share/force_sum_interface/cmake/force_sum_interface__rosidl_typesupport_introspection_cExport.cmake
[1.334s] -- Up-to-date: /home/shreehank1906/Desktop/Shreehan_Kate_HW1/install/force_sum_interface/share/force_sum_interface/cmake/force_sum_interface__rosidl_typesupport_introspection_cExport-noconfig.cmake
[1.334s] -- Up-to-date: /home/shreehank1906/Desktop/Shreehan_Kate_HW1/install/force_sum_interface/share/force_sum_interface/cmake/force_sum_interface__rosidl_typesupport_cExport.cmake
[1.335s] -- Up-to-date: /home/shreehank1906/Desktop/Shreehan_Kate_HW1/install/force_sum_interface/share/force_sum_interface/cmake/force_sum_interface__rosidl_typesupport_cExport-noconfig.cmake
[1.335s] -- Up-to-date: /home/shreehank1906/Desktop/Shreehan_Kate_HW1/install/force_sum_interface/share/force_sum_interface/cmake/export_force_sum_interface__rosidl_generator_cppExport.cmake
[1.335s] -- Up-to-date: /home/shreehank1906/Desktop/Shreehan_Kate_HW1/install/force_sum_interface/share/force_sum_interface/cmake/export_force_sum_interface__rosidl_typesupport_fastrtps_cppExport.cmake
[1.335s] -- Up-to-date: /home/shreehank1906/Desktop/Shreehan_Kate_HW1/install/force_sum_interface/share/force_sum_interface/cmake/export_force_sum_interface__rosidl_typesupport_fastrtps_cppExport-noconfig.cmake
[1.335s] -- Up-to-date: /home/shreehank1906/Desktop/Shreehan_Kate_HW1/install/force_sum_interface/share/force_sum_interface/cmake/force_sum_interface__rosidl_typesupport_introspection_cppExport.cmake
[1.336s] -- Up-to-date: /home/shreehank1906/Desktop/Shreehan_Kate_HW1/install/force_sum_interface/share/force_sum_interface/cmake/force_sum_interface__rosidl_typesupport_introspection_cppExport-noconfig.cmake
[1.336s] -- Up-to-date: /home/shreehank1906/Desktop/Shreehan_Kate_HW1/install/force_sum_interface/share/force_sum_interface/cmake/force_sum_interface__rosidl_typesupport_cppExport.cmake
[1.336s] -- Up-to-date: /home/shreehank1906/Desktop/Shreehan_Kate_HW1/install/force_sum_interface/share/force_sum_interface/cmake/force_sum_interface__rosidl_typesupport_cppExport-noconfig.cmake
[1.336s] -- Up-to-date: /home/shreehank1906/Desktop/Shreehan_Kate_HW1/install/force_sum_interface/share/force_sum_interface/cmake/export_force_sum_interface__rosidl_generator_pyExport.cmake
[1.336s] -- Up-to-date: /home/shreehank1906/Desktop/Shreehan_Kate_HW1/install/force_sum_interface/share/force_sum_interface/cmake/export_force_sum_interface__rosidl_generator_pyExport-noconfig.cmake
[1.337s] -- Up-to-date: /home/shreehank1906/Desktop/Shreehan_Kate_HW1/install/force_sum_interface/share/force_sum_interface/cmake/rosidl_cmake-extras.cmake
[1.337s] -- Up-to-date: /home/shreehank1906/Desktop/Shreehan_Kate_HW1/install/force_sum_interface/share/force_sum_interface/cmake/ament_cmake_export_dependencies-extras.cmake
[1.337s] -- Up-to-date: /home/shreehank1906/Desktop/Shreehan_Kate_HW1/install/force_sum_interface/share/force_sum_interface/cmake/ament_cmake_export_include_directories-extras.cmake
[1.337s] -- Up-to-date: /home/shreehank1906/Desktop/Shreehan_Kate_HW1/install/force_sum_interface/share/force_sum_interface/cmake/ament_cmake_export_libraries-extras.cmake
[1.337s] -- Up-to-date: /home/shreehank1906/Desktop/Shreehan_Kate_HW1/install/force_sum_interface/share/force_sum_interface/cmake/ament_cmake_export_targets-extras.cmake
[1.338s] -- Up-to-date: /home/shreehank1906/Desktop/Shreehan_Kate_HW1/install/force_sum_interface/share/force_sum_interface/cmake/rosidl_cmake_export_typesupport_targets-extras.cmake
[1.338s] -- Up-to-date: /home/shreehank1906/Desktop/Shreehan_Kate_HW1/install/force_sum_interface/share/force_sum_interface/cmake/rosidl_cmake_export_typesupport_libraries-extras.cmake
[1.338s] -- Up-to-date: /home/shreehank1906/Desktop/Shreehan_Kate_HW1/install/force_sum_interface/share/force_sum_interface/cmake/rosidl_cmake_aggregate_target-extras.cmake
[1.338s] -- Up-to-date: /home/shreehank1906/Desktop/Shreehan_Kate_HW1/install/force_sum_interface/share/force_sum_interface/cmake/force_sum_interfaceConfig.cmake
[1.338s] -- Up-to-date: /home/shreehank1906/Desktop/Shreehan_Kate_HW1/install/force_sum_interface/share/force_sum_interface/cmake/force_sum_interfaceConfig-version.cmake
[1.338s] -- Up-to-date: /home/shreehank1906/Desktop/Shreehan_Kate_HW1/install/force_sum_interface/share/force_sum_interface/package.xml
[1.345s] Invoked command in '/home/shreehank1906/Desktop/Shreehan_Kate_HW1/build/force_sum_interface' returned '0': CMAKE_PREFIX_PATH=${CMAKE_PREFIX_PATH}:/opt/ros/jazzy:/home/shreehank1906/Desktop/Shreehan_Kate_HW1/install/force_sum_py DEBUGINFOD_URLS=https://debuginfod.ubuntu.com /usr/bin/cmake --install /home/shreehank1906/Desktop/Shreehan_Kate_HW1/build/force_sum_interface
