[0.471s] DEBUG:colcon:Command line arguments: ['/usr/bin/colcon', 'build']
[0.471s] DEBUG:colcon:Parsed command line arguments: Namespace(log_base=None, log_level=None, verb_name='build', build_base='build', install_base='install', merge_install=False, symlink_install=False, test_result_base=None, continue_on_error=False, executor='parallel', parallel_workers=16, event_handlers=None, ignore_user_meta=False, metas=['./colcon.meta'], base_paths=['.'], packages_ignore=None, packages_ignore_regex=None, paths=None, packages_up_to=None, packages_up_to_regex=None, packages_above=None, packages_above_and_dependencies=None, packages_above_depth=None, packages_select_by_dep=None, packages_skip_by_dep=None, packages_skip_up_to=None, packages_select_build_failed=False, packages_skip_build_finished=False, packages_select_test_failures=False, packages_skip_test_passed=False, packages_select=None, packages_skip=None, packages_select_regex=None, packages_skip_regex=None, packages_start=None, packages_end=None, allow_overriding=[], cmake_args=None, cmake_target=None, cmake_target_skip_unavailable=False, cmake_clean_cache=False, cmake_clean_first=False, cmake_force_configure=False, ament_cmake_args=None, catkin_cmake_args=None, catkin_skip_building_tests=False, mixin_files=None, mixin=None, verb_parser=<colcon_mixin.mixin.mixin_argument.MixinArgumentDecorator object at 0x7d7bfaf58650>, verb_extension=<colcon_core.verb.build.BuildVerb object at 0x7d7bfaf584a0>, main=<bound method BuildVerb.main of <colcon_core.verb.build.BuildVerb object at 0x7d7bfaf584a0>>, mixin_verb=('build',))
[0.582s] Level 1:colcon.colcon_core.package_discovery:discover_packages(colcon_meta) check parameters
[0.582s] Level 1:colcon.colcon_core.package_discovery:discover_packages(recursive) check parameters
[0.582s] Level 1:colcon.colcon_core.package_discovery:discover_packages(ignore) check parameters
[0.582s] Level 1:colcon.colcon_core.package_discovery:discover_packages(path) check parameters
[0.582s] Level 1:colcon.colcon_core.package_discovery:discover_packages(colcon_meta) discover
[0.582s] Level 1:colcon.colcon_core.package_discovery:discover_packages(recursive) discover
[0.582s] INFO:colcon.colcon_core.package_discovery:Crawling recursively for packages in '/home/shreehank1906/Desktop/Shreehan_Kate_HW1'
[0.583s] Level 1:colcon.colcon_core.package_identification:_identify(.) by extensions ['ignore', 'ignore_ament_install']
[0.583s] Level 1:colcon.colcon_core.package_identification:_identify(.) by extension 'ignore'
[0.583s] Level 1:colcon.colcon_core.package_identification:_identify(.) by extension 'ignore_ament_install'
[0.583s] Level 1:colcon.colcon_core.package_identification:_identify(.) by extensions ['colcon_pkg']
[0.583s] Level 1:colcon.colcon_core.package_identification:_identify(.) by extension 'colcon_pkg'
[0.584s] Level 1:colcon.colcon_core.package_identification:_identify(.) by extensions ['colcon_meta']
[0.584s] Level 1:colcon.colcon_core.package_identification:_identify(.) by extension 'colcon_meta'
[0.584s] Level 1:colcon.colcon_core.package_identification:_identify(.) by extensions ['ros']
[0.584s] Level 1:colcon.colcon_core.package_identification:_identify(.) by extension 'ros'
[0.642s] Level 1:colcon.colcon_core.package_identification:_identify(.) by extensions ['cmake', 'python']
[0.642s] Level 1:colcon.colcon_core.package_identification:_identify(.) by extension 'cmake'
[0.642s] Level 1:colcon.colcon_core.package_identification:_identify(.) by extension 'python'
[0.642s] Level 1:colcon.colcon_core.package_identification:_identify(.) by extensions ['python_setup_py']
[0.642s] Level 1:colcon.colcon_core.package_identification:_identify(.) by extension 'python_setup_py'
[0.643s] Level 1:colcon.colcon_core.package_identification:_identify(build) by extensions ['ignore', 'ignore_ament_install']
[0.643s] Level 1:colcon.colcon_core.package_identification:_identify(build) by extension 'ignore'
[0.643s] Level 1:colcon.colcon_core.package_identification:_identify(build) ignored
[0.643s] Level 1:colcon.colcon_core.package_identification:_identify(install) by extensions ['ignore', 'ignore_ament_install']
[0.643s] Level 1:colcon.colcon_core.package_identification:_identify(install) by extension 'ignore'
[0.644s] Level 1:colcon.colcon_core.package_identification:_identify(install) ignored
[0.644s] Level 1:colcon.colcon_core.package_identification:_identify(log) by extensions ['ignore', 'ignore_ament_install']
[0.644s] Level 1:colcon.colcon_core.package_identification:_identify(log) by extension 'ignore'
[0.644s] Level 1:colcon.colcon_core.package_identification:_identify(log) ignored
[0.644s] Level 1:colcon.colcon_core.package_identification:_identify(src) by extensions ['ignore', 'ignore_ament_install']
[0.645s] Level 1:colcon.colcon_core.package_identification:_identify(src) by extension 'ignore'
[0.645s] Level 1:colcon.colcon_core.package_identification:_identify(src) by extension 'ignore_ament_install'
[0.645s] Level 1:colcon.colcon_core.package_identification:_identify(src) by extensions ['colcon_pkg']
[0.645s] Level 1:colcon.colcon_core.package_identification:_identify(src) by extension 'colcon_pkg'
[0.645s] Level 1:colcon.colcon_core.package_identification:_identify(src) by extensions ['colcon_meta']
[0.645s] Level 1:colcon.colcon_core.package_identification:_identify(src) by extension 'colcon_meta'
[0.645s] Level 1:colcon.colcon_core.package_identification:_identify(src) by extensions ['ros']
[0.645s] Level 1:colcon.colcon_core.package_identification:_identify(src) by extension 'ros'
[0.646s] Level 1:colcon.colcon_core.package_identification:_identify(src) by extensions ['cmake', 'python']
[0.646s] Level 1:colcon.colcon_core.package_identification:_identify(src) by extension 'cmake'
[0.646s] Level 1:colcon.colcon_core.package_identification:_identify(src) by extension 'python'
[0.646s] Level 1:colcon.colcon_core.package_identification:_identify(src) by extensions ['python_setup_py']
[0.646s] Level 1:colcon.colcon_core.package_identification:_identify(src) by extension 'python_setup_py'
[0.646s] Level 1:colcon.colcon_core.package_identification:_identify(src/force_sum_interface) by extensions ['ignore', 'ignore_ament_install']
[0.646s] Level 1:colcon.colcon_core.package_identification:_identify(src/force_sum_interface) by extension 'ignore'
[0.647s] Level 1:colcon.colcon_core.package_identification:_identify(src/force_sum_interface) by extension 'ignore_ament_install'
[0.647s] Level 1:colcon.colcon_core.package_identification:_identify(src/force_sum_interface) by extensions ['colcon_pkg']
[0.647s] Level 1:colcon.colcon_core.package_identification:_identify(src/force_sum_interface) by extension 'colcon_pkg'
[0.647s] Level 1:colcon.colcon_core.package_identification:_identify(src/force_sum_interface) by extensions ['colcon_meta']
[0.647s] Level 1:colcon.colcon_core.package_identification:_identify(src/force_sum_interface) by extension 'colcon_meta'
[0.647s] Level 1:colcon.colcon_core.package_identification:_identify(src/force_sum_interface) by extensions ['ros']
[0.647s] Level 1:colcon.colcon_core.package_identification:_identify(src/force_sum_interface) by extension 'ros'
[0.654s] DEBUG:colcon.colcon_core.package_identification:Package 'src/force_sum_interface' with type 'ros.ament_cmake' and name 'force_sum_interface'
[0.654s] Level 1:colcon.colcon_core.package_identification:_identify(src/force_sum_py) by extensions ['ignore', 'ignore_ament_install']
[0.654s] Level 1:colcon.colcon_core.package_identification:_identify(src/force_sum_py) by extension 'ignore'
[0.655s] Level 1:colcon.colcon_core.package_identification:_identify(src/force_sum_py) by extension 'ignore_ament_install'
[0.655s] Level 1:colcon.colcon_core.package_identification:_identify(src/force_sum_py) by extensions ['colcon_pkg']
[0.655s] Level 1:colcon.colcon_core.package_identification:_identify(src/force_sum_py) by extension 'colcon_pkg'
[0.655s] Level 1:colcon.colcon_core.package_identification:_identify(src/force_sum_py) by extensions ['colcon_meta']
[0.655s] Level 1:colcon.colcon_core.package_identification:_identify(src/force_sum_py) by extension 'colcon_meta'
[0.655s] Level 1:colcon.colcon_core.package_identification:_identify(src/force_sum_py) by extensions ['ros']
[0.655s] Level 1:colcon.colcon_core.package_identification:_identify(src/force_sum_py) by extension 'ros'
[0.657s] DEBUG:colcon.colcon_core.package_identification:Package 'src/force_sum_py' with type 'ros.ament_python' and name 'force_sum_py'
[0.657s] Level 1:colcon.colcon_core.package_discovery:discover_packages(recursive) using defaults
[0.657s] Level 1:colcon.colcon_core.package_discovery:discover_packages(ignore) discover
[0.657s] Level 1:colcon.colcon_core.package_discovery:discover_packages(ignore) using defaults
[0.657s] Level 1:colcon.colcon_core.package_discovery:discover_packages(path) discover
[0.657s] Level 1:colcon.colcon_core.package_discovery:discover_packages(path) using defaults
[0.709s] Level 1:colcon.colcon_core.package_discovery:discover_packages(prefix_path) check parameters
[0.709s] Level 1:colcon.colcon_core.package_discovery:discover_packages(prefix_path) discover
[0.717s] DEBUG:colcon.colcon_installed_package_information.package_discovery:Found 2 installed packages in /home/shreehank1906/Desktop/Shreehan_Kate_HW1/install
[0.722s] DEBUG:colcon.colcon_installed_package_information.package_discovery:Found 287 installed packages in /opt/ros/jazzy
[0.723s] Level 1:colcon.colcon_core.package_discovery:discover_packages(prefix_path) using defaults
[0.827s] Level 5:colcon.colcon_core.verb:set package 'force_sum_interface' build argument 'cmake_args' from command line to 'None'
[0.827s] Level 5:colcon.colcon_core.verb:set package 'force_sum_interface' build argument 'cmake_target' from command line to 'None'
[0.827s] Level 5:colcon.colcon_core.verb:set package 'force_sum_interface' build argument 'cmake_target_skip_unavailable' from command line to 'False'
[0.827s] Level 5:colcon.colcon_core.verb:set package 'force_sum_interface' build argument 'cmake_clean_cache' from command line to 'False'
[0.827s] Level 5:colcon.colcon_core.verb:set package 'force_sum_interface' build argument 'cmake_clean_first' from command line to 'False'
[0.828s] Level 5:colcon.colcon_core.verb:set package 'force_sum_interface' build argument 'cmake_force_configure' from command line to 'False'
[0.828s] Level 5:colcon.colcon_core.verb:set package 'force_sum_interface' build argument 'ament_cmake_args' from command line to 'None'
[0.828s] Level 5:colcon.colcon_core.verb:set package 'force_sum_interface' build argument 'catkin_cmake_args' from command line to 'None'
[0.828s] Level 5:colcon.colcon_core.verb:set package 'force_sum_interface' build argument 'catkin_skip_building_tests' from command line to 'False'
[0.828s] DEBUG:colcon.colcon_core.verb:Building package 'force_sum_interface' with the following arguments: {'ament_cmake_args': None, 'build_base': '/home/shreehank1906/Desktop/Shreehan_Kate_HW1/build/force_sum_interface', 'catkin_cmake_args': None, 'catkin_skip_building_tests': False, 'cmake_args': None, 'cmake_clean_cache': False, 'cmake_clean_first': False, 'cmake_force_configure': False, 'cmake_target': None, 'cmake_target_skip_unavailable': False, 'install_base': '/home/shreehank1906/Desktop/Shreehan_Kate_HW1/install/force_sum_interface', 'merge_install': False, 'path': '/home/shreehank1906/Desktop/Shreehan_Kate_HW1/src/force_sum_interface', 'symlink_install': False, 'test_result_base': None}
[0.828s] Level 5:colcon.colcon_core.verb:set package 'force_sum_py' build argument 'cmake_args' from command line to 'None'
[0.829s] Level 5:colcon.colcon_core.verb:set package 'force_sum_py' build argument 'cmake_target' from command line to 'None'
[0.829s] Level 5:colcon.colcon_core.verb:set package 'force_sum_py' build argument 'cmake_target_skip_unavailable' from command line to 'False'
[0.829s] Level 5:colcon.colcon_core.verb:set package 'force_sum_py' build argument 'cmake_clean_cache' from command line to 'False'
[0.829s] Level 5:colcon.colcon_core.verb:set package 'force_sum_py' build argument 'cmake_clean_first' from command line to 'False'
[0.829s] Level 5:colcon.colcon_core.verb:set package 'force_sum_py' build argument 'cmake_force_configure' from command line to 'False'
[0.829s] Level 5:colcon.colcon_core.verb:set package 'force_sum_py' build argument 'ament_cmake_args' from command line to 'None'
[0.829s] Level 5:colcon.colcon_core.verb:set package 'force_sum_py' build argument 'catkin_cmake_args' from command line to 'None'
[0.829s] Level 5:colcon.colcon_core.verb:set package 'force_sum_py' build argument 'catkin_skip_building_tests' from command line to 'False'
[0.829s] DEBUG:colcon.colcon_core.verb:Building package 'force_sum_py' with the following arguments: {'ament_cmake_args': None, 'build_base': '/home/shreehank1906/Desktop/Shreehan_Kate_HW1/build/force_sum_py', 'catkin_cmake_args': None, 'catkin_skip_building_tests': False, 'cmake_args': None, 'cmake_clean_cache': False, 'cmake_clean_first': False, 'cmake_force_configure': False, 'cmake_target': None, 'cmake_target_skip_unavailable': False, 'install_base': '/home/shreehank1906/Desktop/Shreehan_Kate_HW1/install/force_sum_py', 'merge_install': False, 'path': '/home/shreehank1906/Desktop/Shreehan_Kate_HW1/src/force_sum_py', 'symlink_install': False, 'test_result_base': None}
[0.829s] INFO:colcon.colcon_core.executor:Executing jobs using 'parallel' executor
[0.832s] DEBUG:colcon.colcon_parallel_executor.executor.parallel:run_until_complete
[0.832s] INFO:colcon.colcon_ros.task.ament_cmake.build:Building ROS package in '/home/shreehank1906/Desktop/Shreehan_Kate_HW1/src/force_sum_interface' with build type 'ament_cmake'
[0.833s] INFO:colcon.colcon_cmake.task.cmake.build:Building CMake package in '/home/shreehank1906/Desktop/Shreehan_Kate_HW1/src/force_sum_interface'
[0.847s] INFO:colcon.colcon_core.plugin_system:Skipping extension 'colcon_core.shell.bat': Not used on non-Windows systems
[0.847s] INFO:colcon.colcon_core.shell:Skip shell extension 'powershell' for command environment: Not usable outside of PowerShell
[0.847s] DEBUG:colcon.colcon_core.shell:Skip shell extension 'dsv' for command environment
[0.870s] DEBUG:colcon.colcon_core.event_handler.log_command:Invoking command in '/home/shreehank1906/Desktop/Shreehan_Kate_HW1/build/force_sum_interface': CMAKE_PREFIX_PATH=${CMAKE_PREFIX_PATH}:/opt/ros/jazzy:/home/shreehank1906/Desktop/Shreehan_Kate_HW1/install/force_sum_py DEBUGINFOD_URLS=https://debuginfod.ubuntu.com /usr/bin/cmake --build /home/shreehank1906/Desktop/Shreehan_Kate_HW1/build/force_sum_interface -- -j16 -l16
[1.989s] DEBUG:colcon.colcon_core.event_handler.log_command:Invoked command in '/home/shreehank1906/Desktop/Shreehan_Kate_HW1/build/force_sum_interface' returned '0': CMAKE_PREFIX_PATH=${CMAKE_PREFIX_PATH}:/opt/ros/jazzy:/home/shreehank1906/Desktop/Shreehan_Kate_HW1/install/force_sum_py DEBUGINFOD_URLS=https://debuginfod.ubuntu.com /usr/bin/cmake --build /home/shreehank1906/Desktop/Shreehan_Kate_HW1/build/force_sum_interface -- -j16 -l16
[2.018s] DEBUG:colcon.colcon_core.event_handler.log_command:Invoking command in '/home/shreehank1906/Desktop/Shreehan_Kate_HW1/build/force_sum_interface': CMAKE_PREFIX_PATH=${CMAKE_PREFIX_PATH}:/opt/ros/jazzy:/home/shreehank1906/Desktop/Shreehan_Kate_HW1/install/force_sum_py DEBUGINFOD_URLS=https://debuginfod.ubuntu.com /usr/bin/cmake --install /home/shreehank1906/Desktop/Shreehan_Kate_HW1/build/force_sum_interface
[2.176s] Level 1:colcon.colcon_core.environment:create_environment_scripts_only(force_sum_interface)
[2.178s] DEBUG:colcon.colcon_core.event_handler.log_command:Invoked command in '/home/shreehank1906/Desktop/Shreehan_Kate_HW1/build/force_sum_interface' returned '0': CMAKE_PREFIX_PATH=${CMAKE_PREFIX_PATH}:/opt/ros/jazzy:/home/shreehank1906/Desktop/Shreehan_Kate_HW1/install/force_sum_py DEBUGINFOD_URLS=https://debuginfod.ubuntu.com /usr/bin/cmake --install /home/shreehank1906/Desktop/Shreehan_Kate_HW1/build/force_sum_interface
[2.191s] Level 1:colcon.colcon_core.environment:checking '/home/shreehank1906/Desktop/Shreehan_Kate_HW1/install/force_sum_interface' for CMake module files
[2.192s] Level 1:colcon.colcon_core.environment:checking '/home/shreehank1906/Desktop/Shreehan_Kate_HW1/install/force_sum_interface' for CMake config files
[2.194s] Level 1:colcon.colcon_core.shell:create_environment_hook('force_sum_interface', 'cmake_prefix_path')
[2.194s] INFO:colcon.colcon_core.shell:Creating environment hook '/home/shreehank1906/Desktop/Shreehan_Kate_HW1/install/force_sum_interface/share/force_sum_interface/hook/cmake_prefix_path.ps1'
[2.196s] INFO:colcon.colcon_core.shell:Creating environment descriptor '/home/shreehank1906/Desktop/Shreehan_Kate_HW1/install/force_sum_interface/share/force_sum_interface/hook/cmake_prefix_path.dsv'
[2.197s] INFO:colcon.colcon_core.shell:Creating environment hook '/home/shreehank1906/Desktop/Shreehan_Kate_HW1/install/force_sum_interface/share/force_sum_interface/hook/cmake_prefix_path.sh'
[2.198s] Level 1:colcon.colcon_core.environment:checking '/home/shreehank1906/Desktop/Shreehan_Kate_HW1/install/force_sum_interface/lib'
[2.199s] Level 1:colcon.colcon_core.shell:create_environment_hook('force_sum_interface', 'ld_library_path_lib')
[2.199s] INFO:colcon.colcon_core.shell:Creating environment hook '/home/shreehank1906/Desktop/Shreehan_Kate_HW1/install/force_sum_interface/share/force_sum_interface/hook/ld_library_path_lib.ps1'
[2.200s] INFO:colcon.colcon_core.shell:Creating environment descriptor '/home/shreehank1906/Desktop/Shreehan_Kate_HW1/install/force_sum_interface/share/force_sum_interface/hook/ld_library_path_lib.dsv'
[2.201s] INFO:colcon.colcon_core.shell:Creating environment hook '/home/shreehank1906/Desktop/Shreehan_Kate_HW1/install/force_sum_interface/share/force_sum_interface/hook/ld_library_path_lib.sh'
[2.202s] Level 1:colcon.colcon_core.environment:checking '/home/shreehank1906/Desktop/Shreehan_Kate_HW1/install/force_sum_interface/bin'
[2.203s] Level 1:colcon.colcon_core.environment:checking '/home/shreehank1906/Desktop/Shreehan_Kate_HW1/install/force_sum_interface/lib/pkgconfig/force_sum_interface.pc'
[2.203s] Level 1:colcon.colcon_core.environment:checking '/home/shreehank1906/Desktop/Shreehan_Kate_HW1/install/force_sum_interface/lib/python3.12/site-packages'
[2.203s] Level 1:colcon.colcon_core.shell:create_environment_hook('force_sum_interface', 'pythonpath')
[2.204s] INFO:colcon.colcon_core.shell:Creating environment hook '/home/shreehank1906/Desktop/Shreehan_Kate_HW1/install/force_sum_interface/share/force_sum_interface/hook/pythonpath.ps1'
[2.205s] INFO:colcon.colcon_core.shell:Creating environment descriptor '/home/shreehank1906/Desktop/Shreehan_Kate_HW1/install/force_sum_interface/share/force_sum_interface/hook/pythonpath.dsv'
[2.206s] INFO:colcon.colcon_core.shell:Creating environment hook '/home/shreehank1906/Desktop/Shreehan_Kate_HW1/install/force_sum_interface/share/force_sum_interface/hook/pythonpath.sh'
[2.207s] Level 1:colcon.colcon_core.environment:checking '/home/shreehank1906/Desktop/Shreehan_Kate_HW1/install/force_sum_interface/bin'
[2.208s] INFO:colcon.colcon_core.shell:Creating package script '/home/shreehank1906/Desktop/Shreehan_Kate_HW1/install/force_sum_interface/share/force_sum_interface/package.ps1'
[2.210s] INFO:colcon.colcon_core.shell:Creating package descriptor '/home/shreehank1906/Desktop/Shreehan_Kate_HW1/install/force_sum_interface/share/force_sum_interface/package.dsv'
[2.211s] INFO:colcon.colcon_core.shell:Creating package script '/home/shreehank1906/Desktop/Shreehan_Kate_HW1/install/force_sum_interface/share/force_sum_interface/package.sh'
[2.213s] INFO:colcon.colcon_core.shell:Creating package script '/home/shreehank1906/Desktop/Shreehan_Kate_HW1/install/force_sum_interface/share/force_sum_interface/package.bash'
[2.214s] INFO:colcon.colcon_core.shell:Creating package script '/home/shreehank1906/Desktop/Shreehan_Kate_HW1/install/force_sum_interface/share/force_sum_interface/package.zsh'
[2.215s] Level 1:colcon.colcon_core.environment:create_file_with_runtime_dependencies(/home/shreehank1906/Desktop/Shreehan_Kate_HW1/install/force_sum_interface/share/colcon-core/packages/force_sum_interface)
[2.217s] Level 1:colcon.colcon_core.environment:create_environment_scripts_only(force_sum_interface)
[2.217s] Level 1:colcon.colcon_core.environment:checking '/home/shreehank1906/Desktop/Shreehan_Kate_HW1/install/force_sum_interface' for CMake module files
[2.219s] Level 1:colcon.colcon_core.environment:checking '/home/shreehank1906/Desktop/Shreehan_Kate_HW1/install/force_sum_interface' for CMake config files
[2.220s] Level 1:colcon.colcon_core.shell:create_environment_hook('force_sum_interface', 'cmake_prefix_path')
[2.220s] INFO:colcon.colcon_core.shell:Creating environment hook '/home/shreehank1906/Desktop/Shreehan_Kate_HW1/install/force_sum_interface/share/force_sum_interface/hook/cmake_prefix_path.ps1'
[2.221s] INFO:colcon.colcon_core.shell:Creating environment descriptor '/home/shreehank1906/Desktop/Shreehan_Kate_HW1/install/force_sum_interface/share/force_sum_interface/hook/cmake_prefix_path.dsv'
[2.222s] INFO:colcon.colcon_core.shell:Creating environment hook '/home/shreehank1906/Desktop/Shreehan_Kate_HW1/install/force_sum_interface/share/force_sum_interface/hook/cmake_prefix_path.sh'
[2.224s] Level 1:colcon.colcon_core.environment:checking '/home/shreehank1906/Desktop/Shreehan_Kate_HW1/install/force_sum_interface/lib'
[2.224s] Level 1:colcon.colcon_core.shell:create_environment_hook('force_sum_interface', 'ld_library_path_lib')
[2.224s] INFO:colcon.colcon_core.shell:Creating environment hook '/home/shreehank1906/Desktop/Shreehan_Kate_HW1/install/force_sum_interface/share/force_sum_interface/hook/ld_library_path_lib.ps1'
[2.225s] INFO:colcon.colcon_core.shell:Creating environment descriptor '/home/shreehank1906/Desktop/Shreehan_Kate_HW1/install/force_sum_interface/share/force_sum_interface/hook/ld_library_path_lib.dsv'
[2.226s] INFO:colcon.colcon_core.shell:Creating environment hook '/home/shreehank1906/Desktop/Shreehan_Kate_HW1/install/force_sum_interface/share/force_sum_interface/hook/ld_library_path_lib.sh'
[2.227s] Level 1:colcon.colcon_core.environment:checking '/home/shreehank1906/Desktop/Shreehan_Kate_HW1/install/force_sum_interface/bin'
[2.228s] Level 1:colcon.colcon_core.environment:checking '/home/shreehank1906/Desktop/Shreehan_Kate_HW1/install/force_sum_interface/lib/pkgconfig/force_sum_interface.pc'
[2.228s] Level 1:colcon.colcon_core.environment:checking '/home/shreehank1906/Desktop/Shreehan_Kate_HW1/install/force_sum_interface/lib/python3.12/site-packages'
[2.228s] Level 1:colcon.colcon_core.shell:create_environment_hook('force_sum_interface', 'pythonpath')
[2.229s] INFO:colcon.colcon_core.shell:Creating environment hook '/home/shreehank1906/Desktop/Shreehan_Kate_HW1/install/force_sum_interface/share/force_sum_interface/hook/pythonpath.ps1'
[2.230s] INFO:colcon.colcon_core.shell:Creating environment descriptor '/home/shreehank1906/Desktop/Shreehan_Kate_HW1/install/force_sum_interface/share/force_sum_interface/hook/pythonpath.dsv'
[2.230s] INFO:colcon.colcon_core.shell:Creating environment hook '/home/shreehank1906/Desktop/Shreehan_Kate_HW1/install/force_sum_interface/share/force_sum_interface/hook/pythonpath.sh'
[2.232s] Level 1:colcon.colcon_core.environment:checking '/home/shreehank1906/Desktop/Shreehan_Kate_HW1/install/force_sum_interface/bin'
[2.233s] INFO:colcon.colcon_core.shell:Creating package script '/home/shreehank1906/Desktop/Shreehan_Kate_HW1/install/force_sum_interface/share/force_sum_interface/package.ps1'
[2.234s] INFO:colcon.colcon_core.shell:Creating package descriptor '/home/shreehank1906/Desktop/Shreehan_Kate_HW1/install/force_sum_interface/share/force_sum_interface/package.dsv'
[2.236s] INFO:colcon.colcon_core.shell:Creating package script '/home/shreehank1906/Desktop/Shreehan_Kate_HW1/install/force_sum_interface/share/force_sum_interface/package.sh'
[2.237s] INFO:colcon.colcon_core.shell:Creating package script '/home/shreehank1906/Desktop/Shreehan_Kate_HW1/install/force_sum_interface/share/force_sum_interface/package.bash'
[2.238s] INFO:colcon.colcon_core.shell:Creating package script '/home/shreehank1906/Desktop/Shreehan_Kate_HW1/install/force_sum_interface/share/force_sum_interface/package.zsh'
[2.239s] Level 1:colcon.colcon_core.environment:create_file_with_runtime_dependencies(/home/shreehank1906/Desktop/Shreehan_Kate_HW1/install/force_sum_interface/share/colcon-core/packages/force_sum_interface)
[2.240s] INFO:colcon.colcon_ros.task.ament_python.build:Building ROS package in '/home/shreehank1906/Desktop/Shreehan_Kate_HW1/src/force_sum_py' with build type 'ament_python'
[2.240s] Level 1:colcon.colcon_core.shell:create_environment_hook('force_sum_py', 'ament_prefix_path')
[2.241s] INFO:colcon.colcon_core.shell:Creating environment hook '/home/shreehank1906/Desktop/Shreehan_Kate_HW1/install/force_sum_py/share/force_sum_py/hook/ament_prefix_path.ps1'
[2.243s] INFO:colcon.colcon_core.shell:Creating environment descriptor '/home/shreehank1906/Desktop/Shreehan_Kate_HW1/install/force_sum_py/share/force_sum_py/hook/ament_prefix_path.dsv'
[2.244s] INFO:colcon.colcon_core.shell:Creating environment hook '/home/shreehank1906/Desktop/Shreehan_Kate_HW1/install/force_sum_py/share/force_sum_py/hook/ament_prefix_path.sh'
[2.245s] INFO:colcon.colcon_core.shell:Skip shell extension 'powershell' for command environment: Not usable outside of PowerShell
[2.245s] DEBUG:colcon.colcon_core.shell:Skip shell extension 'dsv' for command environment
[2.785s] INFO:colcon.colcon_core.task.python.build:Building Python package in '/home/shreehank1906/Desktop/Shreehan_Kate_HW1/src/force_sum_py'
[2.785s] INFO:colcon.colcon_core.shell:Skip shell extension 'powershell' for command environment: Not usable outside of PowerShell
[2.785s] DEBUG:colcon.colcon_core.shell:Skip shell extension 'dsv' for command environment
[4.249s] DEBUG:colcon.colcon_core.task.python.build:Available setuptools commands: dist_info, editable_wheel, register, install_headers, symlink_data, saveopts, upload, easy_install, install_data, bdist_rpm, bdist_egg, build, init_catalog, bdist_wheel, setopt, build_py, alias, update_catalog, test, install, egg_info, install_scripts, install_egg_info, rotate, bdist_dumb, build_scripts, upload_docs, compile_catalog, build_ext, check, bdist, develop, install_lib, clean, build_clib, extract_messages, sdist
[4.254s] DEBUG:colcon.colcon_core.event_handler.log_command:Invoking command in '/home/shreehank1906/Desktop/Shreehan_Kate_HW1/src/force_sum_py': CMAKE_PREFIX_PATH=/home/shreehank1906/Desktop/Shreehan_Kate_HW1/install/force_sum_interface:/opt/ros/jazzy/opt/gz_math_vendor:/opt/ros/jazzy/opt/gz_utils_vendor:/opt/ros/jazzy/opt/gz_cmake_vendor DEBUGINFOD_URLS=https://debuginfod.ubuntu.com LD_LIBRARY_PATH=/home/shreehank1906/Desktop/Shreehan_Kate_HW1/install/force_sum_interface/lib:/opt/ros/jazzy/opt/rviz_ogre_vendor/lib:/opt/ros/jazzy/lib/x86_64-linux-gnu:/opt/ros/jazzy/opt/gz_math_vendor/lib:/opt/ros/jazzy/opt/gz_utils_vendor/lib:/opt/ros/jazzy/opt/gz_cmake_vendor/lib:/opt/ros/jazzy/lib PYTHONPATH=/home/shreehank1906/Desktop/Shreehan_Kate_HW1/build/force_sum_py/prefix_override:/usr/lib/python3/dist-packages/colcon_core/task/python/colcon_distutils_commands:/home/shreehank1906/Desktop/Shreehan_Kate_HW1/install/force_sum_py/lib/python3.12/site-packages:/home/shreehank1906/Desktop/Shreehan_Kate_HW1/install/force_sum_interface/lib/python3.12/site-packages:/opt/ros/jazzy/lib/python3.12/site-packages:/home/shreehank1906/Desktop/Shreehan_Kate_HW1/install/force_sum_py/lib/python3.12/site-packages /usr/bin/python3 -W ignore:setup.py install is deprecated -W ignore:easy_install command is deprecated setup.py egg_info --egg-base ../../build/force_sum_py build --build-base /home/shreehank1906/Desktop/Shreehan_Kate_HW1/build/force_sum_py/build install --record /home/shreehank1906/Desktop/Shreehan_Kate_HW1/build/force_sum_py/install.log --install-scripts $base/lib/force_sum_py --single-version-externally-managed install_data
[5.639s] Level 1:colcon.colcon_core.environment:checking '/home/shreehank1906/Desktop/Shreehan_Kate_HW1/install/force_sum_py' for CMake module files
[5.641s] DEBUG:colcon.colcon_core.event_handler.log_command:Invoked command in '/home/shreehank1906/Desktop/Shreehan_Kate_HW1/src/force_sum_py' returned '0': CMAKE_PREFIX_PATH=/home/shreehank1906/Desktop/Shreehan_Kate_HW1/install/force_sum_interface:/opt/ros/jazzy/opt/gz_math_vendor:/opt/ros/jazzy/opt/gz_utils_vendor:/opt/ros/jazzy/opt/gz_cmake_vendor DEBUGINFOD_URLS=https://debuginfod.ubuntu.com LD_LIBRARY_PATH=/home/shreehank1906/Desktop/Shreehan_Kate_HW1/install/force_sum_interface/lib:/opt/ros/jazzy/opt/rviz_ogre_vendor/lib:/opt/ros/jazzy/lib/x86_64-linux-gnu:/opt/ros/jazzy/opt/gz_math_vendor/lib:/opt/ros/jazzy/opt/gz_utils_vendor/lib:/opt/ros/jazzy/opt/gz_cmake_vendor/lib:/opt/ros/jazzy/lib PYTHONPATH=/home/shreehank1906/Desktop/Shreehan_Kate_HW1/build/force_sum_py/prefix_override:/usr/lib/python3/dist-packages/colcon_core/task/python/colcon_distutils_commands:/home/shreehank1906/Desktop/Shreehan_Kate_HW1/install/force_sum_py/lib/python3.12/site-packages:/home/shreehank1906/Desktop/Shreehan_Kate_HW1/install/force_sum_interface/lib/python3.12/site-packages:/opt/ros/jazzy/lib/python3.12/site-packages:/home/shreehank1906/Desktop/Shreehan_Kate_HW1/install/force_sum_py/lib/python3.12/site-packages /usr/bin/python3 -W ignore:setup.py install is deprecated -W ignore:easy_install command is deprecated setup.py egg_info --egg-base ../../build/force_sum_py build --build-base /home/shreehank1906/Desktop/Shreehan_Kate_HW1/build/force_sum_py/build install --record /home/shreehank1906/Desktop/Shreehan_Kate_HW1/build/force_sum_py/install.log --install-scripts $base/lib/force_sum_py --single-version-externally-managed install_data
[5.642s] Level 1:colcon.colcon_core.environment:checking '/home/shreehank1906/Desktop/Shreehan_Kate_HW1/install/force_sum_py' for CMake config files
[5.643s] Level 1:colcon.colcon_core.environment:checking '/home/shreehank1906/Desktop/Shreehan_Kate_HW1/install/force_sum_py/lib'
[5.643s] Level 1:colcon.colcon_core.environment:checking '/home/shreehank1906/Desktop/Shreehan_Kate_HW1/install/force_sum_py/bin'
[5.643s] Level 1:colcon.colcon_core.environment:checking '/home/shreehank1906/Desktop/Shreehan_Kate_HW1/install/force_sum_py/lib/pkgconfig/force_sum_py.pc'
[5.644s] Level 1:colcon.colcon_core.environment:checking '/home/shreehank1906/Desktop/Shreehan_Kate_HW1/install/force_sum_py/lib/python3.12/site-packages'
[5.644s] Level 1:colcon.colcon_core.shell:create_environment_hook('force_sum_py', 'pythonpath')
[5.644s] INFO:colcon.colcon_core.shell:Creating environment hook '/home/shreehank1906/Desktop/Shreehan_Kate_HW1/install/force_sum_py/share/force_sum_py/hook/pythonpath.ps1'
[5.645s] INFO:colcon.colcon_core.shell:Creating environment descriptor '/home/shreehank1906/Desktop/Shreehan_Kate_HW1/install/force_sum_py/share/force_sum_py/hook/pythonpath.dsv'
[5.645s] INFO:colcon.colcon_core.shell:Creating environment hook '/home/shreehank1906/Desktop/Shreehan_Kate_HW1/install/force_sum_py/share/force_sum_py/hook/pythonpath.sh'
[5.647s] Level 1:colcon.colcon_core.environment:checking '/home/shreehank1906/Desktop/Shreehan_Kate_HW1/install/force_sum_py/bin'
[5.647s] Level 1:colcon.colcon_core.environment:create_environment_scripts_only(force_sum_py)
[5.647s] INFO:colcon.colcon_core.shell:Creating package script '/home/shreehank1906/Desktop/Shreehan_Kate_HW1/install/force_sum_py/share/force_sum_py/package.ps1'
[5.648s] INFO:colcon.colcon_core.shell:Creating package descriptor '/home/shreehank1906/Desktop/Shreehan_Kate_HW1/install/force_sum_py/share/force_sum_py/package.dsv'
[5.649s] INFO:colcon.colcon_core.shell:Creating package script '/home/shreehank1906/Desktop/Shreehan_Kate_HW1/install/force_sum_py/share/force_sum_py/package.sh'
[5.650s] INFO:colcon.colcon_core.shell:Creating package script '/home/shreehank1906/Desktop/Shreehan_Kate_HW1/install/force_sum_py/share/force_sum_py/package.bash'
[5.650s] INFO:colcon.colcon_core.shell:Creating package script '/home/shreehank1906/Desktop/Shreehan_Kate_HW1/install/force_sum_py/share/force_sum_py/package.zsh'
[5.651s] Level 1:colcon.colcon_core.environment:create_file_with_runtime_dependencies(/home/shreehank1906/Desktop/Shreehan_Kate_HW1/install/force_sum_py/share/colcon-core/packages/force_sum_py)
[5.652s] DEBUG:colcon.colcon_parallel_executor.executor.parallel:closing loop
[5.653s] DEBUG:colcon.colcon_parallel_executor.executor.parallel:loop closed
[5.653s] DEBUG:colcon.colcon_parallel_executor.executor.parallel:run_until_complete finished with '0'
[5.653s] DEBUG:colcon.colcon_core.event_reactor:joining thread
[5.672s] INFO:colcon.colcon_core.plugin_system:Skipping extension 'colcon_notification.desktop_notification.terminal_notifier': Not used on non-Darwin systems
[5.672s] INFO:colcon.colcon_core.plugin_system:Skipping extension 'colcon_notification.desktop_notification.win32': Not used on non-Windows systems
[5.672s] INFO:colcon.colcon_notification.desktop_notification:Sending desktop notification using 'notify2'
[5.707s] DEBUG:colcon.colcon_core.event_reactor:joined thread
[5.708s] INFO:colcon.colcon_core.shell:Creating prefix script '/home/shreehank1906/Desktop/Shreehan_Kate_HW1/install/local_setup.ps1'
[5.710s] INFO:colcon.colcon_core.shell:Creating prefix util module '/home/shreehank1906/Desktop/Shreehan_Kate_HW1/install/_local_setup_util_ps1.py'
[5.712s] INFO:colcon.colcon_core.shell:Creating prefix chain script '/home/shreehank1906/Desktop/Shreehan_Kate_HW1/install/setup.ps1'
[5.714s] INFO:colcon.colcon_core.shell:Creating prefix script '/home/shreehank1906/Desktop/Shreehan_Kate_HW1/install/local_setup.sh'
[5.716s] INFO:colcon.colcon_core.shell:Creating prefix util module '/home/shreehank1906/Desktop/Shreehan_Kate_HW1/install/_local_setup_util_sh.py'
[5.717s] INFO:colcon.colcon_core.shell:Creating prefix chain script '/home/shreehank1906/Desktop/Shreehan_Kate_HW1/install/setup.sh'
[5.720s] INFO:colcon.colcon_core.shell:Creating prefix script '/home/shreehank1906/Desktop/Shreehan_Kate_HW1/install/local_setup.bash'
[5.721s] INFO:colcon.colcon_core.shell:Creating prefix chain script '/home/shreehank1906/Desktop/Shreehan_Kate_HW1/install/setup.bash'
[5.723s] INFO:colcon.colcon_core.shell:Creating prefix script '/home/shreehank1906/Desktop/Shreehan_Kate_HW1/install/local_setup.zsh'
[5.724s] INFO:colcon.colcon_core.shell:Creating prefix chain script '/home/shreehank1906/Desktop/Shreehan_Kate_HW1/install/setup.zsh'
