running egg_info
writing ../../build/force_sum_py/force_sum_py.egg-info/PKG-INFO
writing dependency_links to ../../build/force_sum_py/force_sum_py.egg-info/dependency_links.txt
writing entry points to ../../build/force_sum_py/force_sum_py.egg-info/entry_points.txt
writing requirements to ../../build/force_sum_py/force_sum_py.egg-info/requires.txt
writing top-level names to ../../build/force_sum_py/force_sum_py.egg-info/top_level.txt
reading manifest file '../../build/force_sum_py/force_sum_py.egg-info/SOURCES.txt'
writing manifest file '../../build/force_sum_py/force_sum_py.egg-info/SOURCES.txt'
running build
running build_py
running install
running install_lib
running install_data
running install_egg_info
removing '/home/shreehank1906/Desktop/Shreehan_Kate_HW1/install/force_sum_py/lib/python3.12/site-packages/force_sum_py-0.0.0-py3.12.egg-info' (and everything under it)
Copying ../../build/force_sum_py/force_sum_py.egg-info to /home/shreehank1906/Desktop/Shreehan_Kate_HW1/install/force_sum_py/lib/python3.12/site-packages/force_sum_py-0.0.0-py3.12.egg-info
running install_scripts
Installing client script to /home/shreehank1906/Desktop/Shreehan_Kate_HW1/install/force_sum_py/lib/force_sum_py
Installing server script to /home/shreehank1906/Desktop/Shreehan_Kate_HW1/install/force_sum_py/lib/force_sum_py
writing list of installed files to '/home/shreehank1906/Desktop/Shreehan_Kate_HW1/build/force_sum_py/install.log'
