[0.517s] DEBUG:colcon:Command line arguments: ['/usr/bin/colcon', 'build']
[0.517s] DEBUG:colcon:Parsed command line arguments: Namespace(log_base=None, log_level=None, verb_name='build', build_base='build', install_base='install', merge_install=False, symlink_install=False, test_result_base=None, continue_on_error=False, executor='parallel', parallel_workers=16, event_handlers=None, ignore_user_meta=False, metas=['./colcon.meta'], base_paths=['.'], packages_ignore=None, packages_ignore_regex=None, paths=None, packages_up_to=None, packages_up_to_regex=None, packages_above=None, packages_above_and_dependencies=None, packages_above_depth=None, packages_select_by_dep=None, packages_skip_by_dep=None, packages_skip_up_to=None, packages_select_build_failed=False, packages_skip_build_finished=False, packages_select_test_failures=False, packages_skip_test_passed=False, packages_select=None, packages_skip=None, packages_select_regex=None, packages_skip_regex=None, packages_start=None, packages_end=None, allow_overriding=[], cmake_args=None, cmake_target=None, cmake_target_skip_unavailable=False, cmake_clean_cache=False, cmake_clean_first=False, cmake_force_configure=False, ament_cmake_args=None, catkin_cmake_args=None, catkin_skip_building_tests=False, mixin_files=None, mixin=None, verb_parser=<colcon_mixin.mixin.mixin_argument.MixinArgumentDecorator object at 0x710acc571f70>, verb_extension=<colcon_core.verb.build.BuildVerb object at 0x710acc56fb00>, main=<bound method BuildVerb.main of <colcon_core.verb.build.BuildVerb object at 0x710acc56fb00>>, mixin_verb=('build',))
[0.647s] Level 1:colcon.colcon_core.package_discovery:discover_packages(colcon_meta) check parameters
[0.647s] Level 1:colcon.colcon_core.package_discovery:discover_packages(recursive) check parameters
[0.647s] Level 1:colcon.colcon_core.package_discovery:discover_packages(ignore) check parameters
[0.647s] Level 1:colcon.colcon_core.package_discovery:discover_packages(path) check parameters
[0.647s] Level 1:colcon.colcon_core.package_discovery:discover_packages(colcon_meta) discover
[0.648s] Level 1:colcon.colcon_core.package_discovery:discover_packages(recursive) discover
[0.648s] INFO:colcon.colcon_core.package_discovery:Crawling recursively for packages in '/home/shreehank1906/Desktop/ros2_ws'
[0.648s] Level 1:colcon.colcon_core.package_identification:_identify(.) by extensions ['ignore', 'ignore_ament_install']
[0.648s] Level 1:colcon.colcon_core.package_identification:_identify(.) by extension 'ignore'
[0.648s] Level 1:colcon.colcon_core.package_identification:_identify(.) by extension 'ignore_ament_install'
[0.648s] Level 1:colcon.colcon_core.package_identification:_identify(.) by extensions ['colcon_pkg']
[0.648s] Level 1:colcon.colcon_core.package_identification:_identify(.) by extension 'colcon_pkg'
[0.649s] Level 1:colcon.colcon_core.package_identification:_identify(.) by extensions ['colcon_meta']
[0.649s] Level 1:colcon.colcon_core.package_identification:_identify(.) by extension 'colcon_meta'
[0.649s] Level 1:colcon.colcon_core.package_identification:_identify(.) by extensions ['ros']
[0.649s] Level 1:colcon.colcon_core.package_identification:_identify(.) by extension 'ros'
[0.709s] Level 1:colcon.colcon_core.package_identification:_identify(.) by extensions ['cmake', 'python']
[0.709s] Level 1:colcon.colcon_core.package_identification:_identify(.) by extension 'cmake'
[0.709s] Level 1:colcon.colcon_core.package_identification:_identify(.) by extension 'python'
[0.710s] Level 1:colcon.colcon_core.package_identification:_identify(.) by extensions ['python_setup_py']
[0.710s] Level 1:colcon.colcon_core.package_identification:_identify(.) by extension 'python_setup_py'
[0.710s] Level 1:colcon.colcon_core.package_identification:_identify(build) by extensions ['ignore', 'ignore_ament_install']
[0.710s] Level 1:colcon.colcon_core.package_identification:_identify(build) by extension 'ignore'
[0.710s] Level 1:colcon.colcon_core.package_identification:_identify(build) ignored
[0.710s] Level 1:colcon.colcon_core.package_identification:_identify(install) by extensions ['ignore', 'ignore_ament_install']
[0.711s] Level 1:colcon.colcon_core.package_identification:_identify(install) by extension 'ignore'
[0.711s] Level 1:colcon.colcon_core.package_identification:_identify(install) ignored
[0.711s] Level 1:colcon.colcon_core.package_identification:_identify(log) by extensions ['ignore', 'ignore_ament_install']
[0.711s] Level 1:colcon.colcon_core.package_identification:_identify(log) by extension 'ignore'
[0.711s] Level 1:colcon.colcon_core.package_identification:_identify(log) ignored
[0.711s] Level 1:colcon.colcon_core.package_identification:_identify(src) by extensions ['ignore', 'ignore_ament_install']
[0.712s] Level 1:colcon.colcon_core.package_identification:_identify(src) by extension 'ignore'
[0.712s] Level 1:colcon.colcon_core.package_identification:_identify(src) by extension 'ignore_ament_install'
[0.712s] Level 1:colcon.colcon_core.package_identification:_identify(src) by extensions ['colcon_pkg']
[0.712s] Level 1:colcon.colcon_core.package_identification:_identify(src) by extension 'colcon_pkg'
[0.712s] Level 1:colcon.colcon_core.package_identification:_identify(src) by extensions ['colcon_meta']
[0.712s] Level 1:colcon.colcon_core.package_identification:_identify(src) by extension 'colcon_meta'
[0.712s] Level 1:colcon.colcon_core.package_identification:_identify(src) by extensions ['ros']
[0.712s] Level 1:colcon.colcon_core.package_identification:_identify(src) by extension 'ros'
[0.713s] Level 1:colcon.colcon_core.package_identification:_identify(src) by extensions ['cmake', 'python']
[0.713s] Level 1:colcon.colcon_core.package_identification:_identify(src) by extension 'cmake'
[0.713s] Level 1:colcon.colcon_core.package_identification:_identify(src) by extension 'python'
[0.713s] Level 1:colcon.colcon_core.package_identification:_identify(src) by extensions ['python_setup_py']
[0.713s] Level 1:colcon.colcon_core.package_identification:_identify(src) by extension 'python_setup_py'
[0.713s] Level 1:colcon.colcon_core.package_identification:_identify(src/py_pubsub) by extensions ['ignore', 'ignore_ament_install']
[0.713s] Level 1:colcon.colcon_core.package_identification:_identify(src/py_pubsub) by extension 'ignore'
[0.713s] Level 1:colcon.colcon_core.package_identification:_identify(src/py_pubsub) by extension 'ignore_ament_install'
[0.714s] Level 1:colcon.colcon_core.package_identification:_identify(src/py_pubsub) by extensions ['colcon_pkg']
[0.714s] Level 1:colcon.colcon_core.package_identification:_identify(src/py_pubsub) by extension 'colcon_pkg'
[0.714s] Level 1:colcon.colcon_core.package_identification:_identify(src/py_pubsub) by extensions ['colcon_meta']
[0.714s] Level 1:colcon.colcon_core.package_identification:_identify(src/py_pubsub) by extension 'colcon_meta'
[0.714s] Level 1:colcon.colcon_core.package_identification:_identify(src/py_pubsub) by extensions ['ros']
[0.714s] Level 1:colcon.colcon_core.package_identification:_identify(src/py_pubsub) by extension 'ros'
[0.722s] DEBUG:colcon.colcon_core.package_identification:Package 'src/py_pubsub' with type 'ros.ament_python' and name 'py_pubsub'
[0.722s] Level 1:colcon.colcon_core.package_identification:_identify(src/py_srvcli) by extensions ['ignore', 'ignore_ament_install']
[0.722s] Level 1:colcon.colcon_core.package_identification:_identify(src/py_srvcli) by extension 'ignore'
[0.722s] Level 1:colcon.colcon_core.package_identification:_identify(src/py_srvcli) by extension 'ignore_ament_install'
[0.722s] Level 1:colcon.colcon_core.package_identification:_identify(src/py_srvcli) by extensions ['colcon_pkg']
[0.722s] Level 1:colcon.colcon_core.package_identification:_identify(src/py_srvcli) by extension 'colcon_pkg'
[0.723s] Level 1:colcon.colcon_core.package_identification:_identify(src/py_srvcli) by extensions ['colcon_meta']
[0.723s] Level 1:colcon.colcon_core.package_identification:_identify(src/py_srvcli) by extension 'colcon_meta'
[0.723s] Level 1:colcon.colcon_core.package_identification:_identify(src/py_srvcli) by extensions ['ros']
[0.723s] Level 1:colcon.colcon_core.package_identification:_identify(src/py_srvcli) by extension 'ros'
[0.724s] DEBUG:colcon.colcon_core.package_identification:Package 'src/py_srvcli' with type 'ros.ament_python' and name 'py_srvcli'
[0.724s] Level 1:colcon.colcon_core.package_discovery:discover_packages(recursive) using defaults
[0.724s] Level 1:colcon.colcon_core.package_discovery:discover_packages(ignore) discover
[0.724s] Level 1:colcon.colcon_core.package_discovery:discover_packages(ignore) using defaults
[0.724s] Level 1:colcon.colcon_core.package_discovery:discover_packages(path) discover
[0.724s] Level 1:colcon.colcon_core.package_discovery:discover_packages(path) using defaults
[0.779s] Level 1:colcon.colcon_core.package_discovery:discover_packages(prefix_path) check parameters
[0.779s] Level 1:colcon.colcon_core.package_discovery:discover_packages(prefix_path) discover
[0.791s] DEBUG:colcon.colcon_installed_package_information.package_discovery:Found 287 installed packages in /opt/ros/jazzy
[0.793s] Level 1:colcon.colcon_core.package_discovery:discover_packages(prefix_path) using defaults
[0.894s] Level 5:colcon.colcon_core.verb:set package 'py_pubsub' build argument 'cmake_args' from command line to 'None'
[0.894s] Level 5:colcon.colcon_core.verb:set package 'py_pubsub' build argument 'cmake_target' from command line to 'None'
[0.894s] Level 5:colcon.colcon_core.verb:set package 'py_pubsub' build argument 'cmake_target_skip_unavailable' from command line to 'False'
[0.894s] Level 5:colcon.colcon_core.verb:set package 'py_pubsub' build argument 'cmake_clean_cache' from command line to 'False'
[0.894s] Level 5:colcon.colcon_core.verb:set package 'py_pubsub' build argument 'cmake_clean_first' from command line to 'False'
[0.894s] Level 5:colcon.colcon_core.verb:set package 'py_pubsub' build argument 'cmake_force_configure' from command line to 'False'
[0.894s] Level 5:colcon.colcon_core.verb:set package 'py_pubsub' build argument 'ament_cmake_args' from command line to 'None'
[0.894s] Level 5:colcon.colcon_core.verb:set package 'py_pubsub' build argument 'catkin_cmake_args' from command line to 'None'
[0.894s] Level 5:colcon.colcon_core.verb:set package 'py_pubsub' build argument 'catkin_skip_building_tests' from command line to 'False'
[0.894s] DEBUG:colcon.colcon_core.verb:Building package 'py_pubsub' with the following arguments: {'ament_cmake_args': None, 'build_base': '/home/shreehank1906/Desktop/ros2_ws/build/py_pubsub', 'catkin_cmake_args': None, 'catkin_skip_building_tests': False, 'cmake_args': None, 'cmake_clean_cache': False, 'cmake_clean_first': False, 'cmake_force_configure': False, 'cmake_target': None, 'cmake_target_skip_unavailable': False, 'install_base': '/home/shreehank1906/Desktop/ros2_ws/install/py_pubsub', 'merge_install': False, 'path': '/home/shreehank1906/Desktop/ros2_ws/src/py_pubsub', 'symlink_install': False, 'test_result_base': None}
[0.895s] Level 5:colcon.colcon_core.verb:set package 'py_srvcli' build argument 'cmake_args' from command line to 'None'
[0.895s] Level 5:colcon.colcon_core.verb:set package 'py_srvcli' build argument 'cmake_target' from command line to 'None'
[0.895s] Level 5:colcon.colcon_core.verb:set package 'py_srvcli' build argument 'cmake_target_skip_unavailable' from command line to 'False'
[0.895s] Level 5:colcon.colcon_core.verb:set package 'py_srvcli' build argument 'cmake_clean_cache' from command line to 'False'
[0.895s] Level 5:colcon.colcon_core.verb:set package 'py_srvcli' build argument 'cmake_clean_first' from command line to 'False'
[0.895s] Level 5:colcon.colcon_core.verb:set package 'py_srvcli' build argument 'cmake_force_configure' from command line to 'False'
[0.895s] Level 5:colcon.colcon_core.verb:set package 'py_srvcli' build argument 'ament_cmake_args' from command line to 'None'
[0.895s] Level 5:colcon.colcon_core.verb:set package 'py_srvcli' build argument 'catkin_cmake_args' from command line to 'None'
[0.895s] Level 5:colcon.colcon_core.verb:set package 'py_srvcli' build argument 'catkin_skip_building_tests' from command line to 'False'
[0.895s] DEBUG:colcon.colcon_core.verb:Building package 'py_srvcli' with the following arguments: {'ament_cmake_args': None, 'build_base': '/home/shreehank1906/Desktop/ros2_ws/build/py_srvcli', 'catkin_cmake_args': None, 'catkin_skip_building_tests': False, 'cmake_args': None, 'cmake_clean_cache': False, 'cmake_clean_first': False, 'cmake_force_configure': False, 'cmake_target': None, 'cmake_target_skip_unavailable': False, 'install_base': '/home/shreehank1906/Desktop/ros2_ws/install/py_srvcli', 'merge_install': False, 'path': '/home/shreehank1906/Desktop/ros2_ws/src/py_srvcli', 'symlink_install': False, 'test_result_base': None}
[0.896s] INFO:colcon.colcon_core.executor:Executing jobs using 'parallel' executor
[0.898s] DEBUG:colcon.colcon_parallel_executor.executor.parallel:run_until_complete
[0.898s] INFO:colcon.colcon_ros.task.ament_python.build:Building ROS package in '/home/shreehank1906/Desktop/ros2_ws/src/py_pubsub' with build type 'ament_python'
[0.899s] Level 1:colcon.colcon_core.shell:create_environment_hook('py_pubsub', 'ament_prefix_path')
[0.913s] INFO:colcon.colcon_core.plugin_system:Skipping extension 'colcon_core.shell.bat': Not used on non-Windows systems
[0.913s] INFO:colcon.colcon_core.shell:Creating environment hook '/home/shreehank1906/Desktop/ros2_ws/install/py_pubsub/share/py_pubsub/hook/ament_prefix_path.ps1'
[0.915s] INFO:colcon.colcon_core.shell:Creating environment descriptor '/home/shreehank1906/Desktop/ros2_ws/install/py_pubsub/share/py_pubsub/hook/ament_prefix_path.dsv'
[0.916s] INFO:colcon.colcon_core.shell:Creating environment hook '/home/shreehank1906/Desktop/ros2_ws/install/py_pubsub/share/py_pubsub/hook/ament_prefix_path.sh'
[0.918s] INFO:colcon.colcon_core.shell:Skip shell extension 'powershell' for command environment: Not usable outside of PowerShell
[0.918s] DEBUG:colcon.colcon_core.shell:Skip shell extension 'dsv' for command environment
[0.925s] INFO:colcon.colcon_ros.task.ament_python.build:Building ROS package in '/home/shreehank1906/Desktop/ros2_ws/src/py_srvcli' with build type 'ament_python'
[0.925s] Level 1:colcon.colcon_core.shell:create_environment_hook('py_srvcli', 'ament_prefix_path')
[0.926s] INFO:colcon.colcon_core.shell:Creating environment hook '/home/shreehank1906/Desktop/ros2_ws/install/py_srvcli/share/py_srvcli/hook/ament_prefix_path.ps1'
[0.927s] INFO:colcon.colcon_core.shell:Creating environment descriptor '/home/shreehank1906/Desktop/ros2_ws/install/py_srvcli/share/py_srvcli/hook/ament_prefix_path.dsv'
[0.928s] INFO:colcon.colcon_core.shell:Creating environment hook '/home/shreehank1906/Desktop/ros2_ws/install/py_srvcli/share/py_srvcli/hook/ament_prefix_path.sh'
[0.929s] INFO:colcon.colcon_core.shell:Skip shell extension 'powershell' for command environment: Not usable outside of PowerShell
[0.929s] DEBUG:colcon.colcon_core.shell:Skip shell extension 'dsv' for command environment
[1.433s] INFO:colcon.colcon_core.task.python.build:Building Python package in '/home/shreehank1906/Desktop/ros2_ws/src/py_pubsub'
[1.433s] INFO:colcon.colcon_core.shell:Skip shell extension 'powershell' for command environment: Not usable outside of PowerShell
[1.433s] DEBUG:colcon.colcon_core.shell:Skip shell extension 'dsv' for command environment
[1.937s] INFO:colcon.colcon_core.task.python.build:Building Python package in '/home/shreehank1906/Desktop/ros2_ws/src/py_srvcli'
[1.937s] INFO:colcon.colcon_core.shell:Skip shell extension 'powershell' for command environment: Not usable outside of PowerShell
[1.937s] DEBUG:colcon.colcon_core.shell:Skip shell extension 'dsv' for command environment
[3.463s] DEBUG:colcon.colcon_core.task.python.build:Available setuptools commands: bdist_wheel, bdist_egg, install_headers, rotate, symlink_data, install_egg_info, update_catalog, check, upload, build_clib, extract_messages, develop, saveopts, easy_install, setopt, alias, bdist_rpm, build_scripts, build, register, bdist, dist_info, test, init_catalog, egg_info, sdist, install_data, install, clean, editable_wheel, build_py, upload_docs, install_scripts, build_ext, install_lib, bdist_dumb, compile_catalog
[3.466s] DEBUG:colcon.colcon_core.event_handler.log_command:Invoking command in '/home/shreehank1906/Desktop/ros2_ws/src/py_srvcli': DEBUGINFOD_URLS=https://debuginfod.ubuntu.com PYTHONPATH=/home/shreehank1906/Desktop/ros2_ws/build/py_srvcli/prefix_override:/usr/lib/python3/dist-packages/colcon_core/task/python/colcon_distutils_commands:/home/shreehank1906/Desktop/ros2_ws/install/py_srvcli/lib/python3.12/site-packages:${PYTHONPATH} /usr/bin/python3 -W ignore:setup.py install is deprecated -W ignore:easy_install command is deprecated setup.py egg_info --egg-base ../../build/py_srvcli build --build-base /home/shreehank1906/Desktop/ros2_ws/build/py_srvcli/build install --record /home/shreehank1906/Desktop/ros2_ws/build/py_srvcli/install.log --install-scripts $base/lib/py_srvcli --single-version-externally-managed install_data
[3.471s] DEBUG:colcon.colcon_core.task.python.build:Available setuptools commands: bdist_wheel, bdist_egg, install_headers, rotate, symlink_data, install_egg_info, update_catalog, check, upload, build_clib, extract_messages, develop, saveopts, easy_install, setopt, alias, bdist_rpm, build_scripts, build, register, bdist, dist_info, test, init_catalog, egg_info, sdist, install_data, install, clean, editable_wheel, build_py, upload_docs, install_scripts, build_ext, install_lib, bdist_dumb, compile_catalog
[3.476s] DEBUG:colcon.colcon_core.event_handler.log_command:Invoking command in '/home/shreehank1906/Desktop/ros2_ws/src/py_pubsub': DEBUGINFOD_URLS=https://debuginfod.ubuntu.com PYTHONPATH=/home/shreehank1906/Desktop/ros2_ws/build/py_pubsub/prefix_override:/usr/lib/python3/dist-packages/colcon_core/task/python/colcon_distutils_commands:/home/shreehank1906/Desktop/ros2_ws/install/py_pubsub/lib/python3.12/site-packages:${PYTHONPATH} /usr/bin/python3 -W ignore:setup.py install is deprecated -W ignore:easy_install command is deprecated setup.py egg_info --egg-base ../../build/py_pubsub build --build-base /home/shreehank1906/Desktop/ros2_ws/build/py_pubsub/build install --record /home/shreehank1906/Desktop/ros2_ws/build/py_pubsub/install.log --install-scripts $base/lib/py_pubsub --single-version-externally-managed install_data
[4.809s] DEBUG:colcon.colcon_core.event_handler.log_command:Invoked command in '/home/shreehank1906/Desktop/ros2_ws/src/py_pubsub' returned '0': DEBUGINFOD_URLS=https://debuginfod.ubuntu.com PYTHONPATH=/home/shreehank1906/Desktop/ros2_ws/build/py_pubsub/prefix_override:/usr/lib/python3/dist-packages/colcon_core/task/python/colcon_distutils_commands:/home/shreehank1906/Desktop/ros2_ws/install/py_pubsub/lib/python3.12/site-packages:${PYTHONPATH} /usr/bin/python3 -W ignore:setup.py install is deprecated -W ignore:easy_install command is deprecated setup.py egg_info --egg-base ../../build/py_pubsub build --build-base /home/shreehank1906/Desktop/ros2_ws/build/py_pubsub/build install --record /home/shreehank1906/Desktop/ros2_ws/build/py_pubsub/install.log --install-scripts $base/lib/py_pubsub --single-version-externally-managed install_data
[4.825s] Level 1:colcon.colcon_core.environment:checking '/home/shreehank1906/Desktop/ros2_ws/install/py_pubsub' for CMake module files
[4.826s] Level 1:colcon.colcon_core.environment:checking '/home/shreehank1906/Desktop/ros2_ws/install/py_pubsub' for CMake config files
[4.827s] Level 1:colcon.colcon_core.environment:checking '/home/shreehank1906/Desktop/ros2_ws/install/py_pubsub/lib'
[4.828s] Level 1:colcon.colcon_core.environment:checking '/home/shreehank1906/Desktop/ros2_ws/install/py_pubsub/bin'
[4.828s] Level 1:colcon.colcon_core.environment:checking '/home/shreehank1906/Desktop/ros2_ws/install/py_pubsub/lib/pkgconfig/py_pubsub.pc'
[4.828s] Level 1:colcon.colcon_core.environment:checking '/home/shreehank1906/Desktop/ros2_ws/install/py_pubsub/lib/python3.12/site-packages'
[4.828s] Level 1:colcon.colcon_core.shell:create_environment_hook('py_pubsub', 'pythonpath')
[4.829s] INFO:colcon.colcon_core.shell:Creating environment hook '/home/shreehank1906/Desktop/ros2_ws/install/py_pubsub/share/py_pubsub/hook/pythonpath.ps1'
[4.830s] INFO:colcon.colcon_core.shell:Creating environment descriptor '/home/shreehank1906/Desktop/ros2_ws/install/py_pubsub/share/py_pubsub/hook/pythonpath.dsv'
[4.830s] INFO:colcon.colcon_core.shell:Creating environment hook '/home/shreehank1906/Desktop/ros2_ws/install/py_pubsub/share/py_pubsub/hook/pythonpath.sh'
[4.832s] Level 1:colcon.colcon_core.environment:checking '/home/shreehank1906/Desktop/ros2_ws/install/py_pubsub/bin'
[4.832s] Level 1:colcon.colcon_core.environment:create_environment_scripts_only(py_pubsub)
[4.832s] INFO:colcon.colcon_core.shell:Creating package script '/home/shreehank1906/Desktop/ros2_ws/install/py_pubsub/share/py_pubsub/package.ps1'
[4.834s] INFO:colcon.colcon_core.shell:Creating package descriptor '/home/shreehank1906/Desktop/ros2_ws/install/py_pubsub/share/py_pubsub/package.dsv'
[4.836s] INFO:colcon.colcon_core.shell:Creating package script '/home/shreehank1906/Desktop/ros2_ws/install/py_pubsub/share/py_pubsub/package.sh'
[4.837s] INFO:colcon.colcon_core.shell:Creating package script '/home/shreehank1906/Desktop/ros2_ws/install/py_pubsub/share/py_pubsub/package.bash'
[4.839s] INFO:colcon.colcon_core.shell:Creating package script '/home/shreehank1906/Desktop/ros2_ws/install/py_pubsub/share/py_pubsub/package.zsh'
[4.840s] Level 1:colcon.colcon_core.environment:create_file_with_runtime_dependencies(/home/shreehank1906/Desktop/ros2_ws/install/py_pubsub/share/colcon-core/packages/py_pubsub)
[4.843s] Level 1:colcon.colcon_core.environment:checking '/home/shreehank1906/Desktop/ros2_ws/install/py_srvcli' for CMake module files
[4.844s] DEBUG:colcon.colcon_core.event_handler.log_command:Invoked command in '/home/shreehank1906/Desktop/ros2_ws/src/py_srvcli' returned '0': DEBUGINFOD_URLS=https://debuginfod.ubuntu.com PYTHONPATH=/home/shreehank1906/Desktop/ros2_ws/build/py_srvcli/prefix_override:/usr/lib/python3/dist-packages/colcon_core/task/python/colcon_distutils_commands:/home/shreehank1906/Desktop/ros2_ws/install/py_srvcli/lib/python3.12/site-packages:${PYTHONPATH} /usr/bin/python3 -W ignore:setup.py install is deprecated -W ignore:easy_install command is deprecated setup.py egg_info --egg-base ../../build/py_srvcli build --build-base /home/shreehank1906/Desktop/ros2_ws/build/py_srvcli/build install --record /home/shreehank1906/Desktop/ros2_ws/build/py_srvcli/install.log --install-scripts $base/lib/py_srvcli --single-version-externally-managed install_data
[4.845s] Level 1:colcon.colcon_core.environment:checking '/home/shreehank1906/Desktop/ros2_ws/install/py_srvcli' for CMake config files
[4.846s] Level 1:colcon.colcon_core.environment:checking '/home/shreehank1906/Desktop/ros2_ws/install/py_srvcli/lib'
[4.846s] Level 1:colcon.colcon_core.environment:checking '/home/shreehank1906/Desktop/ros2_ws/install/py_srvcli/bin'
[4.846s] Level 1:colcon.colcon_core.environment:checking '/home/shreehank1906/Desktop/ros2_ws/install/py_srvcli/lib/pkgconfig/py_srvcli.pc'
[4.846s] Level 1:colcon.colcon_core.environment:checking '/home/shreehank1906/Desktop/ros2_ws/install/py_srvcli/lib/python3.12/site-packages'
[4.847s] Level 1:colcon.colcon_core.shell:create_environment_hook('py_srvcli', 'pythonpath')
[4.847s] INFO:colcon.colcon_core.shell:Creating environment hook '/home/shreehank1906/Desktop/ros2_ws/install/py_srvcli/share/py_srvcli/hook/pythonpath.ps1'
[4.847s] INFO:colcon.colcon_core.shell:Creating environment descriptor '/home/shreehank1906/Desktop/ros2_ws/install/py_srvcli/share/py_srvcli/hook/pythonpath.dsv'
[4.848s] INFO:colcon.colcon_core.shell:Creating environment hook '/home/shreehank1906/Desktop/ros2_ws/install/py_srvcli/share/py_srvcli/hook/pythonpath.sh'
[4.849s] Level 1:colcon.colcon_core.environment:checking '/home/shreehank1906/Desktop/ros2_ws/install/py_srvcli/bin'
[4.849s] Level 1:colcon.colcon_core.environment:create_environment_scripts_only(py_srvcli)
[4.850s] INFO:colcon.colcon_core.shell:Creating package script '/home/shreehank1906/Desktop/ros2_ws/install/py_srvcli/share/py_srvcli/package.ps1'
[4.851s] INFO:colcon.colcon_core.shell:Creating package descriptor '/home/shreehank1906/Desktop/ros2_ws/install/py_srvcli/share/py_srvcli/package.dsv'
[4.852s] INFO:colcon.colcon_core.shell:Creating package script '/home/shreehank1906/Desktop/ros2_ws/install/py_srvcli/share/py_srvcli/package.sh'
[4.853s] INFO:colcon.colcon_core.shell:Creating package script '/home/shreehank1906/Desktop/ros2_ws/install/py_srvcli/share/py_srvcli/package.bash'
[4.853s] INFO:colcon.colcon_core.shell:Creating package script '/home/shreehank1906/Desktop/ros2_ws/install/py_srvcli/share/py_srvcli/package.zsh'
[4.854s] Level 1:colcon.colcon_core.environment:create_file_with_runtime_dependencies(/home/shreehank1906/Desktop/ros2_ws/install/py_srvcli/share/colcon-core/packages/py_srvcli)
[4.856s] DEBUG:colcon.colcon_parallel_executor.executor.parallel:closing loop
[4.857s] DEBUG:colcon.colcon_parallel_executor.executor.parallel:loop closed
[4.857s] DEBUG:colcon.colcon_parallel_executor.executor.parallel:run_until_complete finished with '0'
[4.857s] DEBUG:colcon.colcon_core.event_reactor:joining thread
[4.878s] INFO:colcon.colcon_core.plugin_system:Skipping extension 'colcon_notification.desktop_notification.terminal_notifier': Not used on non-Darwin systems
[4.878s] INFO:colcon.colcon_core.plugin_system:Skipping extension 'colcon_notification.desktop_notification.win32': Not used on non-Windows systems
[4.878s] INFO:colcon.colcon_notification.desktop_notification:Sending desktop notification using 'notify2'
[4.912s] DEBUG:colcon.colcon_core.event_reactor:joined thread
[4.912s] INFO:colcon.colcon_core.shell:Creating prefix script '/home/shreehank1906/Desktop/ros2_ws/install/local_setup.ps1'
[4.915s] INFO:colcon.colcon_core.shell:Creating prefix util module '/home/shreehank1906/Desktop/ros2_ws/install/_local_setup_util_ps1.py'
[4.917s] INFO:colcon.colcon_core.shell:Creating prefix chain script '/home/shreehank1906/Desktop/ros2_ws/install/setup.ps1'
[4.919s] INFO:colcon.colcon_core.shell:Creating prefix script '/home/shreehank1906/Desktop/ros2_ws/install/local_setup.sh'
[4.920s] INFO:colcon.colcon_core.shell:Creating prefix util module '/home/shreehank1906/Desktop/ros2_ws/install/_local_setup_util_sh.py'
[4.922s] INFO:colcon.colcon_core.shell:Creating prefix chain script '/home/shreehank1906/Desktop/ros2_ws/install/setup.sh'
[4.924s] INFO:colcon.colcon_core.shell:Creating prefix script '/home/shreehank1906/Desktop/ros2_ws/install/local_setup.bash'
[4.925s] INFO:colcon.colcon_core.shell:Creating prefix chain script '/home/shreehank1906/Desktop/ros2_ws/install/setup.bash'
[4.927s] INFO:colcon.colcon_core.shell:Creating prefix script '/home/shreehank1906/Desktop/ros2_ws/install/local_setup.zsh'
[4.928s] INFO:colcon.colcon_core.shell:Creating prefix chain script '/home/shreehank1906/Desktop/ros2_ws/install/setup.zsh'
