[2.576s] Invoking command in '/home/shreehank1906/Desktop/ros2_ws/src/py_pubsub': DEBUGINFOD_URLS=https://debuginfod.ubuntu.com PYTHONPATH=/home/shreehank1906/Desktop/ros2_ws/build/py_pubsub/prefix_override:/usr/lib/python3/dist-packages/colcon_core/task/python/colcon_distutils_commands:/home/shreehank1906/Desktop/ros2_ws/install/py_pubsub/lib/python3.12/site-packages:${PYTHONPATH} /usr/bin/python3 -W ignore:setup.py install is deprecated -W ignore:easy_install command is deprecated setup.py egg_info --egg-base ../../build/py_pubsub build --build-base /home/shreehank1906/Desktop/ros2_ws/build/py_pubsub/build install --record /home/shreehank1906/Desktop/ros2_ws/build/py_pubsub/install.log --install-scripts $base/lib/py_pubsub --single-version-externally-managed install_data
[3.229s] running egg_info
[3.229s] creating ../../build/py_pubsub/py_pubsub.egg-info
[3.278s] writing ../../build/py_pubsub/py_pubsub.egg-info/PKG-INFO
[3.279s] writing dependency_links to ../../build/py_pubsub/py_pubsub.egg-info/dependency_links.txt
[3.279s] writing entry points to ../../build/py_pubsub/py_pubsub.egg-info/entry_points.txt
[3.279s] writing requirements to ../../build/py_pubsub/py_pubsub.egg-info/requires.txt
[3.280s] writing top-level names to ../../build/py_pubsub/py_pubsub.egg-info/top_level.txt
[3.280s] writing manifest file '../../build/py_pubsub/py_pubsub.egg-info/SOURCES.txt'
[3.381s] reading manifest file '../../build/py_pubsub/py_pubsub.egg-info/SOURCES.txt'
[3.383s] writing manifest file '../../build/py_pubsub/py_pubsub.egg-info/SOURCES.txt'
[3.383s] running build
[3.383s] running build_py
[3.384s] creating /home/shreehank1906/Desktop/ros2_ws/build/py_pubsub/build
[3.384s] creating /home/shreehank1906/Desktop/ros2_ws/build/py_pubsub/build/lib
[3.384s] creating /home/shreehank1906/Desktop/ros2_ws/build/py_pubsub/build/lib/py_pubsub
[3.384s] copying py_pubsub/subscriber_member_function.py -> /home/shreehank1906/Desktop/ros2_ws/build/py_pubsub/build/lib/py_pubsub
[3.384s] copying py_pubsub/__init__.py -> /home/shreehank1906/Desktop/ros2_ws/build/py_pubsub/build/lib/py_pubsub
[3.385s] copying py_pubsub/publisher_member_function.py -> /home/shreehank1906/Desktop/ros2_ws/build/py_pubsub/build/lib/py_pubsub
[3.385s] running install
[3.399s] running install_lib
[3.451s] creating /home/shreehank1906/Desktop/ros2_ws/install/py_pubsub/lib/python3.12/site-packages/py_pubsub
[3.451s] copying /home/shreehank1906/Desktop/ros2_ws/build/py_pubsub/build/lib/py_pubsub/subscriber_member_function.py -> /home/shreehank1906/Desktop/ros2_ws/install/py_pubsub/lib/python3.12/site-packages/py_pubsub
[3.451s] copying /home/shreehank1906/Desktop/ros2_ws/build/py_pubsub/build/lib/py_pubsub/__init__.py -> /home/shreehank1906/Desktop/ros2_ws/install/py_pubsub/lib/python3.12/site-packages/py_pubsub
[3.452s] copying /home/shreehank1906/Desktop/ros2_ws/build/py_pubsub/build/lib/py_pubsub/publisher_member_function.py -> /home/shreehank1906/Desktop/ros2_ws/install/py_pubsub/lib/python3.12/site-packages/py_pubsub
[3.453s] byte-compiling /home/shreehank1906/Desktop/ros2_ws/install/py_pubsub/lib/python3.12/site-packages/py_pubsub/subscriber_member_function.py to subscriber_member_function.cpython-312.pyc
[3.454s] byte-compiling /home/shreehank1906/Desktop/ros2_ws/install/py_pubsub/lib/python3.12/site-packages/py_pubsub/__init__.py to __init__.cpython-312.pyc
[3.455s] byte-compiling /home/shreehank1906/Desktop/ros2_ws/install/py_pubsub/lib/python3.12/site-packages/py_pubsub/publisher_member_function.py to publisher_member_function.cpython-312.pyc
[3.456s] running install_data
[3.456s] creating /home/shreehank1906/Desktop/ros2_ws/install/py_pubsub/share/ament_index
[3.456s] creating /home/shreehank1906/Desktop/ros2_ws/install/py_pubsub/share/ament_index/resource_index
[3.457s] creating /home/shreehank1906/Desktop/ros2_ws/install/py_pubsub/share/ament_index/resource_index/packages
[3.457s] copying resource/py_pubsub -> /home/shreehank1906/Desktop/ros2_ws/install/py_pubsub/share/ament_index/resource_index/packages
[3.457s] copying package.xml -> /home/shreehank1906/Desktop/ros2_ws/install/py_pubsub/share/py_pubsub
[3.457s] running install_egg_info
[3.510s] Copying ../../build/py_pubsub/py_pubsub.egg-info to /home/shreehank1906/Desktop/ros2_ws/install/py_pubsub/lib/python3.12/site-packages/py_pubsub-0.0.0-py3.12.egg-info
[3.513s] running install_scripts
[3.852s] Installing listener script to /home/shreehank1906/Desktop/ros2_ws/install/py_pubsub/lib/py_pubsub
[3.853s] Installing talker script to /home/shreehank1906/Desktop/ros2_ws/install/py_pubsub/lib/py_pubsub
[3.853s] writing list of installed files to '/home/shreehank1906/Desktop/ros2_ws/build/py_pubsub/install.log'
[3.909s] Invoked command in '/home/shreehank1906/Desktop/ros2_ws/src/py_pubsub' returned '0': DEBUGINFOD_URLS=https://debuginfod.ubuntu.com PYTHONPATH=/home/shreehank1906/Desktop/ros2_ws/build/py_pubsub/prefix_override:/usr/lib/python3/dist-packages/colcon_core/task/python/colcon_distutils_commands:/home/shreehank1906/Desktop/ros2_ws/install/py_pubsub/lib/python3.12/site-packages:${PYTHONPATH} /usr/bin/python3 -W ignore:setup.py install is deprecated -W ignore:easy_install command is deprecated setup.py egg_info --egg-base ../../build/py_pubsub build --build-base /home/shreehank1906/Desktop/ros2_ws/build/py_pubsub/build install --record /home/shreehank1906/Desktop/ros2_ws/build/py_pubsub/install.log --install-scripts $base/lib/py_pubsub --single-version-externally-managed install_data
